Archive member included to satisfy reference by file (symbol)

D:\1. Project\NPCXpresso10.2\lpc_board_nxp_lpcxpresso_1549\Debug\liblpc_board_nxp_lpcxpresso_1549.a(board.o)
                              ./src/ArmOS_test.o (Board_LED_Set)
D:\1. Project\NPCXpresso10.2\lpc_board_nxp_lpcxpresso_1549\Debug\liblpc_board_nxp_lpcxpresso_1549.a(board_sysinit.o)
                              ./src/sysinit.o (Board_SystemInit)
D:\1. Project\NPCXpresso10.2\lpc_chip_15xx\Debug\liblpc_chip_15xx.a(chip_15xx.o)
                              ./src/ArmOS_test.o (SystemCoreClockUpdate)
D:\1. Project\NPCXpresso10.2\lpc_chip_15xx\Debug\liblpc_chip_15xx.a(clock_15xx.o)
                              D:\1. Project\NPCXpresso10.2\lpc_board_nxp_lpcxpresso_1549\Debug\liblpc_board_nxp_lpcxpresso_1549.a(board.o) (Chip_Clock_GetMainClockRate)
D:\1. Project\NPCXpresso10.2\lpc_chip_15xx\Debug\liblpc_chip_15xx.a(gpio_15xx.o)
                              D:\1. Project\NPCXpresso10.2\lpc_board_nxp_lpcxpresso_1549\Debug\liblpc_board_nxp_lpcxpresso_1549.a(board.o) (Chip_GPIO_Init)
D:\1. Project\NPCXpresso10.2\lpc_chip_15xx\Debug\liblpc_chip_15xx.a(iocon_15xx.o)
                              D:\1. Project\NPCXpresso10.2\lpc_board_nxp_lpcxpresso_1549\Debug\liblpc_board_nxp_lpcxpresso_1549.a(board_sysinit.o) (Chip_IOCON_SetPinMuxing)
D:\1. Project\NPCXpresso10.2\lpc_chip_15xx\Debug\liblpc_chip_15xx.a(sct_15xx.o)
                              ./src/ArmOS_test.o (Chip_SCT_Init)
D:\1. Project\NPCXpresso10.2\lpc_chip_15xx\Debug\liblpc_chip_15xx.a(swm_15xx.o)
                              D:\1. Project\NPCXpresso10.2\lpc_board_nxp_lpcxpresso_1549\Debug\liblpc_board_nxp_lpcxpresso_1549.a(board.o) (Chip_SWM_MovablePinAssign)
D:\1. Project\NPCXpresso10.2\lpc_chip_15xx\Debug\liblpc_chip_15xx.a(sysctl_15xx.o)
                              D:\1. Project\NPCXpresso10.2\lpc_board_nxp_lpcxpresso_1549\Debug\liblpc_board_nxp_lpcxpresso_1549.a(board_sysinit.o) (Chip_SYSCTL_AssertPeriphReset)
D:\1. Project\NPCXpresso10.2\lpc_chip_15xx\Debug\liblpc_chip_15xx.a(sysinit_15xx.o)
                              D:\1. Project\NPCXpresso10.2\lpc_board_nxp_lpcxpresso_1549\Debug\liblpc_board_nxp_lpcxpresso_1549.a(board_sysinit.o) (Chip_SetupXtalClocking)
D:\1. Project\NPCXpresso10.2\lpc_chip_15xx\Debug\liblpc_chip_15xx.a(uart_15xx.o)
                              D:\1. Project\NPCXpresso10.2\lpc_board_nxp_lpcxpresso_1549\Debug\liblpc_board_nxp_lpcxpresso_1549.a(board.o) (Chip_UART_Init)
D:\1. Project\NPCXpresso10.2\lpc_chip_15xx\Debug\liblpc_chip_15xx.a(ring_buffer.o)
                              D:\1. Project\NPCXpresso10.2\lpc_chip_15xx\Debug\liblpc_chip_15xx.a(uart_15xx.o) (RingBuffer_Insert)
D:\1. Project\NPCXpresso10.2\FreeRTOS\Debug\libFreeRTOS.a(tasks.o)
                              ./src/ArmOS_test.o (xTaskCreate)
D:\1. Project\NPCXpresso10.2\FreeRTOS\Debug\libFreeRTOS.a(heap_3.o)
                              D:\1. Project\NPCXpresso10.2\FreeRTOS\Debug\libFreeRTOS.a(tasks.o) (pvPortMalloc)
D:\1. Project\NPCXpresso10.2\FreeRTOS\Debug\libFreeRTOS.a(port.o)
                              D:\1. Project\NPCXpresso10.2\FreeRTOS\Debug\libFreeRTOS.a(tasks.o) (pxPortInitialiseStack)
D:\1. Project\NPCXpresso10.2\FreeRTOS\Debug\libFreeRTOS.a(FreeRTOSCommonHooks.o)
                              D:\1. Project\NPCXpresso10.2\FreeRTOS\Debug\libFreeRTOS.a(heap_3.o) (vApplicationMallocFailedHook)
D:\1. Project\NPCXpresso10.2\FreeRTOS\Debug\libFreeRTOS.a(list.o)
                              D:\1. Project\NPCXpresso10.2\FreeRTOS\Debug\libFreeRTOS.a(tasks.o) (vListInitialise)
c:/nxp/mcuxpressoide_10.2.1_795/ide/tools/bin/../lib/gcc/arm-none-eabi/7.2.1/thumb/v7-m\libgcc.a(_aeabi_uldivmod.o)
                              D:\1. Project\NPCXpresso10.2\lpc_chip_15xx\Debug\liblpc_chip_15xx.a(clock_15xx.o) (__aeabi_uldivmod)
c:/nxp/mcuxpressoide_10.2.1_795/ide/tools/bin/../lib/gcc/arm-none-eabi/7.2.1/thumb/v7-m\libgcc.a(_udivmoddi4.o)
                              c:/nxp/mcuxpressoide_10.2.1_795/ide/tools/bin/../lib/gcc/arm-none-eabi/7.2.1/thumb/v7-m\libgcc.a(_aeabi_uldivmod.o) (__udivmoddi4)
c:/nxp/mcuxpressoide_10.2.1_795/ide/tools/bin/../lib/gcc/arm-none-eabi/7.2.1/thumb/v7-m\libgcc.a(_dvmd_tls.o)
                              c:/nxp/mcuxpressoide_10.2.1_795/ide/tools/bin/../lib/gcc/arm-none-eabi/7.2.1/thumb/v7-m\libgcc.a(_aeabi_uldivmod.o) (__aeabi_ldiv0)
c:/nxp/mcuxpressoide_10.2.1_795/ide/tools/bin/../lib/gcc/arm-none-eabi/7.2.1/../../../../arm-none-eabi/lib/thumb/v7-m\libc.a(lib_a-impure.o)
                              D:\1. Project\NPCXpresso10.2\FreeRTOS\Debug\libFreeRTOS.a(tasks.o) (_impure_ptr)
c:/nxp/mcuxpressoide_10.2.1_795/ide/tools/bin/../lib/gcc/arm-none-eabi/7.2.1/../../../../arm-none-eabi/lib/thumb/v7-m\libc.a(lib_a-init.o)
                              ./src/cr_startup_lpc15xx.o (__libc_init_array)
c:/nxp/mcuxpressoide_10.2.1_795/ide/tools/bin/../lib/gcc/arm-none-eabi/7.2.1/../../../../arm-none-eabi/lib/thumb/v7-m\libc.a(lib_a-malloc.o)
[...]
Memory Configuration

Name             Origin             Length             Attributes
MFlash256        0x00000000         0x00040000         xr
Ram0_16          0x02000000         0x00004000         xrw
Ram1_16          0x02004000         0x00004000         xrw
Ram2_4           0x02008000         0x00001000         xrw
*default*        0x00000000         0xffffffff

Linker script and memory map

LOAD ./src/ArmOS_test.o
LOAD ./src/DigitalIoPin.o
LOAD ./src/blinky.o
LOAD ./src/cr_cpp_config.o
LOAD ./src/cr_startup_lpc15xx.o
LOAD ./src/crp.o
LOAD ./src/sysinit.o
LOAD D:\1. Project\NPCXpresso10.2\lpc_board_nxp_lpcxpresso_1549\Debug\liblpc_board_nxp_lpcxpresso_1549.a
LOAD D:\1. Project\NPCXpresso10.2\lpc_chip_15xx\Debug\liblpc_chip_15xx.a
LOAD D:\1. Project\NPCXpresso10.2\FreeRTOS\Debug\libFreeRTOS.a
START GROUP
LOAD c:/nxp/mcuxpressoide_10.2.1_795/ide/tools/bin/../lib/gcc/arm-none-eabi/7.2.1/thumb/v7-m\libgcc.a
LOAD c:/nxp/mcuxpressoide_10.2.1_795/ide/tools/bin/../lib/gcc/arm-none-eabi/7.2.1/../../../../arm-none-eabi/lib/thumb/v7-m\libc.a
LOAD c:/nxp/mcuxpressoide_10.2.1_795/ide/tools/bin/../lib/gcc/arm-none-eabi/7.2.1/../../../../arm-none-eabi/lib/thumb/v7-m\libstdc++.a
LOAD c:/nxp/mcuxpressoide_10.2.1_795/ide/tools/bin/../lib/gcc/arm-none-eabi/7.2.1/../../../../arm-none-eabi/lib/thumb/v7-m\libm.a
LOAD c:/nxp/mcuxpressoide_10.2.1_795/ide/tools/bin/../lib/gcc/arm-none-eabi/7.2.1/../../../../arm-none-eabi/lib/thumb/v7-m\libcr_newlib_nohost.a
LOAD c:/nxp/mcuxpressoide_10.2.1_795/ide/tools/bin/../lib/gcc/arm-none-eabi/7.2.1/thumb/v7-m\crti.o
LOAD c:/nxp/mcuxpressoide_10.2.1_795/ide/tools/bin/../lib/gcc/arm-none-eabi/7.2.1/thumb/v7-m\crtn.o
LOAD c:/nxp/mcuxpressoide_10.2.1_795/ide/tools/bin/../lib/gcc/arm-none-eabi/7.2.1/thumb/v7-m\crtbegin.o
LOAD c:/nxp/mcuxpressoide_10.2.1_795/ide/tools/bin/../lib/gcc/arm-none-eabi/7.2.1/thumb/v7-m\crtend.o
END GROUP
                0x00000000                __base_MFlash256 = 0x0
                0x00000000                __base_Flash = 0x0
                0x00040000                __top_MFlash256 = 0x40000
                0x00040000                __top_Flash = 0x40000
                0x02000000                __base_Ram0_16 = 0x2000000
                0x02000000                __base_RAM = 0x2000000
                0x02004000                __top_Ram0_16 = 0x2004000
                0x02004000                __top_RAM = 0x2004000
                0x02004000                __base_Ram1_16 = 0x2004000
                0x02004000                __base_RAM2 = 0x2004000
                0x02008000                __top_Ram1_16 = 0x2008000
                0x02008000                __top_RAM2 = 0x2008000
                0x02008000                __base_Ram2_4 = 0x2008000
                0x02008000                __base_RAM3 = 0x2008000
                0x02009000                __top_Ram2_4 = 0x2009000
                0x02009000                __top_RAM3 = 0x2009000

.text           0x00000000     0x7d94
 FILL mask 0xff
                0x00000000                __vectors_start__ = ABSOLUTE (.)
 *(.isr_vector)
 .isr_vector    0x00000000       0xfc ./src/cr_startup_lpc15xx.o
                0x00000000                g_pfnVectors
                0x000000fc                . = ALIGN (0x4)
                0x000000fc                __section_table_start = .
                0x000000fc                __data_section_table = .
                0x000000fc        0x4 LONG 0x7d9c LOADADDR (.data)
                0x00000100        0x4 LONG 0x2000000 ADDR (.data)
                0x00000104        0x4 LONG 0x9ac SIZEOF (.data)
                0x00000108        0x4 LONG 0x7d9c LOADADDR (.data_RAM2)
                0x0000010c        0x4 LONG 0x2004000 ADDR (.data_RAM2)
                0x00000110        0x4 LONG 0x0 SIZEOF (.data_RAM2)
                0x00000114        0x4 LONG 0x7d9c LOADADDR (.data_RAM3)
                0x00000118        0x4 LONG 0x2008000 ADDR (.data_RAM3)
                0x0000011c        0x4 LONG 0x0 SIZEOF (.data_RAM3)
                0x00000120                __data_section_table_end = .
                0x00000120                __bss_section_table = .
                0x00000120        0x4 LONG 0x20009ac ADDR (.bss)
                0x00000124        0x4 LONG 0x1c0 SIZEOF (.bss)
                0x00000128        0x4 LONG 0x2004000 ADDR (.bss_RAM2)
                0x0000012c        0x4 LONG 0x0 SIZEOF (.bss_RAM2)
                0x00000130        0x4 LONG 0x2008000 ADDR (.bss_RAM3)
                0x00000134        0x4 LONG 0x0 SIZEOF (.bss_RAM3)
                0x00000138                __bss_section_table_end = .
                0x00000138                __section_table_end = .
 *(.after_vectors*)
 .after_vectors
                0x00000138      0x140 ./src/cr_startup_lpc15xx.o
                0x00000138                data_init(unsigned int, unsigned int, unsigned int)
                0x0000017a                bss_init(unsigned int, unsigned int)
                0x000001b0                ResetISR
                0x0000023c                NMI_Handler
                0x00000242                HardFault_Handler
                0x00000248                MemManage_Handler
                0x0000024e                BusFault_Handler
                0x00000254                UsageFault_Handler
                0x00000260                DebugMon_Handler
                0x00000272                UART1_IRQHandler
                0x00000272                RTC_WAKE_IRQHandler
                0x00000272                UART0_IRQHandler
                0x00000272                MRT_IRQHandler
                0x00000272                ADC1_THCMP_IRQHandler
                0x00000272                SPI1_IRQHandler
                0x00000272                PIN_INT6_IRQHandler
                0x00000272                IntDefaultHandler
                0x00000272                PIN_INT4_IRQHandler
                0x00000272                CAN_IRQHandler
                0x00000272                RTC_ALARM_IRQHandler
                0x00000272                ADC1B_IRQHandler
                0x00000272                ADC1_OVR_IRQHandler
                0x00000272                USBWakeup_IRQHandler
                0x00000272                UART2_IRQHandler
                0x00000272                ADC0_OVR_IRQHandler
                0x00000272                SCT1_IRQHandler
                0x00000272                PIN_INT2_IRQHandler
                0x00000272                USB_FIQHandler
                0x00000272                SCT3_IRQHandler
                0x00000272                PIN_INT7_IRQHandler
                0x00000272                I2C0_IRQHandler
                0x00000272                PIN_INT1_IRQHandler
                0x00000272                USB_IRQHandler
                0x00000272                BOD_IRQHandler
                0x00000272                ADC0B_IRQHandler
                0x00000272                ACMP0_IRQHandler
                0x00000272                RIT_IRQHandler
                0x00000272                SCT2_IRQHandler
                0x00000272                WDT_IRQHandler
                0x00000272                PIN_INT0_IRQHandler
                0x00000272                QEI_IRQHandler
                0x00000272                ACMP3_IRQHandler
                0x00000272                GINT0_IRQHandler
                0x00000272                DAC_IRQHandler
                0x00000272                SPI0_IRQHandler
                0x00000272                EEPROM_IRQHandler
                0x00000272                ACMP2_IRQHandler
                0x00000272                PIN_INT5_IRQHandler
                0x00000272                ADC1A_IRQHandler
                0x00000272                DMA_IRQHandler
                0x00000272                PIN_INT3_IRQHandler
                0x00000272                ACMP1_IRQHandler
                0x00000272                SCT0_IRQHandler
                0x00000272                ADC0A_IRQHandler
                0x00000272                FMC_IRQHandler
                0x00000272                GINT1_IRQHandler
                0x00000272                ADC0_THCMP_IRQHandler
 *(.text*)
 .text._ZL16prvSetupHardwarev
                0x00000278       0x18 ./src/ArmOS_test.o
 .text._ZL9vLEDTask1Pv
                0x00000290      0x200 ./src/ArmOS_test.o
 .text._ZL9vLEDTask2Pv
                0x00000490       0x92 ./src/ArmOS_test.o
 *fill*         0x00000522        0x2 ff
 .text._ZL9vUARTTaskPv
                0x00000524       0x5c ./src/ArmOS_test.o
 .text.main     0x00000580       0x6c ./src/ArmOS_test.o
                0x00000580                main
 .text.Chip_IOCON_PinMuxSet
                0x000005ec       0x2c ./src/DigitalIoPin.o
 .text.Chip_GPIO_GetPinState
                0x00000618       0x34 ./src/DigitalIoPin.o
 .text.Chip_GPIO_SetPinDIROutput
                0x0000064c       0x3c ./src/DigitalIoPin.o
 .text.Chip_GPIO_SetPinDIRInput
                0x00000688       0x3e ./src/DigitalIoPin.o
 *fill*         0x000006c6        0x2 ff
 .text._ZN12DigitalIoPinC2EiiNS_7pinModeEb
                0x000006c8       0xc0 ./src/DigitalIoPin.o
                0x000006c8                DigitalIoPin::DigitalIoPin(int, int, DigitalIoPin::pinMode, bool)
                0x000006c8                DigitalIoPin::DigitalIoPin(int, int, DigitalIoPin::pinMode, bool)
 .text._ZN12DigitalIoPinD2Ev
                0x00000788       0x20 ./src/DigitalIoPin.o
                0x00000788                DigitalIoPin::~DigitalIoPin()
                0x00000788                DigitalIoPin::~DigitalIoPin()
 .text._ZN12DigitalIoPinD0Ev
                0x000007a8       0x1e ./src/DigitalIoPin.o
                0x000007a8                DigitalIoPin::~DigitalIoPin()
 .text._ZN12DigitalIoPin4readEv
                0x000007c6       0x28 ./src/DigitalIoPin.o
                0x000007c6                DigitalIoPin::read()
 .text._ZdlPv   0x000007ee       0x16 ./src/cr_cpp_config.o
                0x000007ee                operator delete(void*)
 .text.SystemInit
                0x00000804        0xc ./src/sysinit.o
                0x00000804                SystemInit
 .text.Chip_IOCON_PinMuxSet
                0x00000810       0x2c D:\1. Project\NPCXpresso10.2\lpc_board_nxp_lpcxpresso_1549\Debug\liblpc_board_nxp_lpcxpresso_1549.a(board.o)
 .text.Chip_SWM_MovablePortPinAssign
                0x0000083c       0x30 D:\1. Project\NPCXpresso10.2\lpc_board_nxp_lpcxpresso_1549\Debug\liblpc_board_nxp_lpcxpresso_1549.a(board.o)
 .text.Chip_GPIO_SetPinState
                0x0000086c       0x36 D:\1. Project\NPCXpresso10.2\lpc_board_nxp_lpcxpresso_1549\Debug\liblpc_board_nxp_lpcxpresso_1549.a(board.o)
 .text.Chip_GPIO_SetPinDIROutput
                0x000008a2       0x3c D:\1. Project\NPCXpresso10.2\lpc_board_nxp_lpcxpresso_1549\Debug\liblpc_board_nxp_lpcxpresso_1549.a(board.o)
 .text.Chip_UART_Enable
                0x000008de       0x1e D:\1. Project\NPCXpresso10.2\lpc_board_nxp_lpcxpresso_1549\Debug\liblpc_board_nxp_lpcxpresso_1549.a(board.o)
 .text.Chip_UART_TXEnable
                0x000008fc       0x1e D:\1. Project\NPCXpresso10.2\lpc_board_nxp_lpcxpresso_1549\Debug\liblpc_board_nxp_lpcxpresso_1549.a(board.o)
 .text.Chip_UART_ConfigData
                0x0000091a       0x28 D:\1. Project\NPCXpresso10.2\lpc_board_nxp_lpcxpresso_1549\Debug\liblpc_board_nxp_lpcxpresso_1549.a(board.o)
 .text._write   0x00000942       0x38 D:\1. Project\NPCXpresso10.2\lpc_board_nxp_lpcxpresso_1549\Debug\liblpc_board_nxp_lpcxpresso_1549.a(board.o)
                0x00000942                _write
 .text._read    0x0000097a       0x48 D:\1. Project\NPCXpresso10.2\lpc_board_nxp_lpcxpresso_1549\Debug\liblpc_board_nxp_lpcxpresso_1549.a(board.o)
                0x0000097a                _read
 *fill*         0x000009c2        0x2 ff
 .text.Board_UARTPutChar
                0x000009c4       0x24 D:\1. Project\NPCXpresso10.2\lpc_board_nxp_lpcxpresso_1549\Debug\liblpc_board_nxp_lpcxpresso_1549.a(board.o)
                0x000009c4                Board_UARTPutChar
 .text.Board_UARTGetChar
                0x000009e8       0x2c D:\1. Project\NPCXpresso10.2\lpc_board_nxp_lpcxpresso_1549\Debug\liblpc_board_nxp_lpcxpresso_1549.a(board.o)
                0x000009e8                Board_UARTGetChar
 .text.Board_Debug_Init
                0x00000a14       0x70 D:\1. Project\NPCXpresso10.2\lpc_board_nxp_lpcxpresso_1549\Debug\liblpc_board_nxp_lpcxpresso_1549.a(board.o)
                0x00000a14                Board_Debug_Init
 .text.Board_LED_Init
                0x00000a84       0x5c D:\1. Project\NPCXpresso10.2\lpc_board_nxp_lpcxpresso_1549\Debug\liblpc_board_nxp_lpcxpresso_1549.a(board.o)
 .text.Board_LED_Set
                0x00000ae0       0x54 D:\1. Project\NPCXpresso10.2\lpc_board_nxp_lpcxpresso_1549\Debug\liblpc_board_nxp_lpcxpresso_1549.a(board.o)
                0x00000ae0                Board_LED_Set
 .text.Board_Init
                0x00000b34       0x18 D:\1. Project\NPCXpresso10.2\lpc_board_nxp_lpcxpresso_1549\Debug\liblpc_board_nxp_lpcxpresso_1549.a(board.o)
                0x00000b34                Board_Init
 .text.Chip_SYSCTL_PeriphReset
                0x00000b4c       0x22 D:\1. Project\NPCXpresso10.2\lpc_board_nxp_lpcxpresso_1549\Debug\liblpc_board_nxp_lpcxpresso_1549.a(board_sysinit.o)
 *fill*         0x00000b6e        0x2 ff
 .text.Chip_Clock_SetUSBPLLSource
                0x00000b70       0x20 D:\1. Project\NPCXpresso10.2\lpc_board_nxp_lpcxpresso_1549\Debug\liblpc_board_nxp_lpcxpresso_1549.a(board_sysinit.o)
 .text.Chip_Clock_SetupUSBPLL
                0x00000b90       0x34 D:\1. Project\NPCXpresso10.2\lpc_board_nxp_lpcxpresso_1549\Debug\liblpc_board_nxp_lpcxpresso_1549.a(board_sysinit.o)
 .text.Chip_Clock_IsUSBPLLLocked
                0x00000bc4       0x24 D:\1. Project\NPCXpresso10.2\lpc_board_nxp_lpcxpresso_1549\Debug\liblpc_board_nxp_lpcxpresso_1549.a(board_sysinit.o)
 .text.Chip_Clock_SetSysTickClockDiv
                0x00000be8       0x20 D:\1. Project\NPCXpresso10.2\lpc_board_nxp_lpcxpresso_1549\Debug\liblpc_board_nxp_lpcxpresso_1549.a(board_sysinit.o)
 .text.Chip_SWM_MovablePortPinAssign
                0x00000c08       0x30 D:\1. Project\NPCXpresso10.2\lpc_board_nxp_lpcxpresso_1549\Debug\liblpc_board_nxp_lpcxpresso_1549.a(board_sysinit.o)
 .text.Board_SetupMuxing
                0x00000c38       0x80 D:\1. Project\NPCXpresso10.2\lpc_board_nxp_lpcxpresso_1549\Debug\liblpc_board_nxp_lpcxpresso_1549.a(board_sysinit.o)
                0x00000c38                Board_SetupMuxing
 .text.Board_SetupClocking
                0x00000cb8       0x3a D:\1. Project\NPCXpresso10.2\lpc_board_nxp_lpcxpresso_1549\Debug\liblpc_board_nxp_lpcxpresso_1549.a(board_sysinit.o)
                0x00000cb8                Board_SetupClocking
 *fill*         0x00000cf2        0x2 ff
 .text.Board_SystemInit
                0x00000cf4       0x1c D:\1. Project\NPCXpresso10.2\lpc_board_nxp_lpcxpresso_1549\Debug\liblpc_board_nxp_lpcxpresso_1549.a(board_sysinit.o)
                0x00000cf4                Board_SystemInit
 .text.SystemCoreClockUpdate
                0x00000d10       0x18 D:\1. Project\NPCXpresso10.2\lpc_chip_15xx\Debug\liblpc_chip_15xx.a(chip_15xx.o)
                0x00000d10                SystemCoreClockUpdate
 .text.Chip_Clock_SetMain_A_ClockSource
                0x00000d28       0x20 D:\1. Project\NPCXpresso10.2\lpc_chip_15xx\Debug\liblpc_chip_15xx.a(clock_15xx.o)
 .text.Chip_Clock_GetMain_A_ClockSource
                0x00000d48       0x18 D:\1. Project\NPCXpresso10.2\lpc_chip_15xx\Debug\liblpc_chip_15xx.a(clock_15xx.o)
 .text.Chip_Clock_SetMain_B_ClockSource
                0x00000d60       0x20 D:\1. Project\NPCXpresso10.2\lpc_chip_15xx\Debug\liblpc_chip_15xx.a(clock_15xx.o)
 .text.Chip_Clock_GetMain_B_ClockSource
                0x00000d80       0x18 D:\1. Project\NPCXpresso10.2\lpc_chip_15xx\Debug\liblpc_chip_15xx.a(clock_15xx.o)
 .text.Chip_Clock_SetUARTFRGDivider
                0x00000d98       0x20 D:\1. Project\NPCXpresso10.2\lpc_chip_15xx\Debug\liblpc_chip_15xx.a(clock_15xx.o)
 .text.Chip_Clock_GetUARTFRGDivider
                0x00000db8       0x18 D:\1. Project\NPCXpresso10.2\lpc_chip_15xx\Debug\liblpc_chip_15xx.a(clock_15xx.o)
 .text.Chip_Clock_GetMainOscRate
                0x00000dd0       0x14 D:\1. Project\NPCXpresso10.2\lpc_chip_15xx\Debug\liblpc_chip_15xx.a(clock_15xx.o)
 .text.Chip_Clock_GetIntOscRate
                0x00000de4       0x14 D:\1. Project\NPCXpresso10.2\lpc_chip_15xx\Debug\liblpc_chip_15xx.a(clock_15xx.o)
 .text.Chip_Clock_GetRTCOscRate
                0x00000df8       0x14 D:\1. Project\NPCXpresso10.2\lpc_chip_15xx\Debug\liblpc_chip_15xx.a(clock_15xx.o)
 .text.Chip_Clock_GetWDTOSCRate
                0x00000e0c       0x14 D:\1. Project\NPCXpresso10.2\lpc_chip_15xx\Debug\liblpc_chip_15xx.a(clock_15xx.o)
 .text.Chip_Clock_GetPLLFreq
                0x00000e20       0x26 D:\1. Project\NPCXpresso10.2\lpc_chip_15xx\Debug\liblpc_chip_15xx.a(clock_15xx.o)
 .text.Chip_Clock_GetPLLInClockRate
                0x00000e46       0x38 D:\1. Project\NPCXpresso10.2\lpc_chip_15xx\Debug\liblpc_chip_15xx.a(clock_15xx.o)
 *fill*         0x00000e7e        0x2 ff
 .text.Chip_Clock_GetSystemPLLInClockRate
                0x00000e80       0x1c D:\1. Project\NPCXpresso10.2\lpc_chip_15xx\Debug\liblpc_chip_15xx.a(clock_15xx.o)
                0x00000e80                Chip_Clock_GetSystemPLLInClockRate
 .text.Chip_Clock_GetSystemPLLOutClockRate
                0x00000e9c       0x24 D:\1. Project\NPCXpresso10.2\lpc_chip_15xx\Debug\liblpc_chip_15xx.a(clock_15xx.o)
                0x00000e9c                Chip_Clock_GetSystemPLLOutClockRate
 .text.Chip_Clock_GetMain_A_ClockRate
                0x00000ec0       0x44 D:\1. Project\NPCXpresso10.2\lpc_chip_15xx\Debug\liblpc_chip_15xx.a(clock_15xx.o)
                0x00000ec0                Chip_Clock_GetMain_A_ClockRate
 .text.Chip_Clock_GetMain_B_ClockRate
                0x00000f04       0x58 D:\1. Project\NPCXpresso10.2\lpc_chip_15xx\Debug\liblpc_chip_15xx.a(clock_15xx.o)
                0x00000f04                Chip_Clock_GetMain_B_ClockRate
 .text.Chip_Clock_SetMainClockSource
                0x00000f5c       0x3c D:\1. Project\NPCXpresso10.2\lpc_chip_15xx\Debug\liblpc_chip_15xx.a(clock_15xx.o)
                0x00000f5c                Chip_Clock_SetMainClockSource
 .text.Chip_Clock_GetMainClockRate
                0x00000f98       0x28 D:\1. Project\NPCXpresso10.2\lpc_chip_15xx\Debug\liblpc_chip_15xx.a(clock_15xx.o)
                0x00000f98                Chip_Clock_GetMainClockRate
 .text.Chip_Clock_EnablePeriphClock
                0x00000fc0       0x58 D:\1. Project\NPCXpresso10.2\lpc_chip_15xx\Debug\liblpc_chip_15xx.a(clock_15xx.o)
                0x00000fc0                Chip_Clock_EnablePeriphClock
 .text.Chip_Clock_GetUARTBaseClockRate
                0x00001018       0x8c D:\1. Project\NPCXpresso10.2\lpc_chip_15xx\Debug\liblpc_chip_15xx.a(clock_15xx.o)
                0x00001018                Chip_Clock_GetUARTBaseClockRate
 .text.Chip_Clock_SetUARTBaseClockRate
                0x000010a4       0xa4 D:\1. Project\NPCXpresso10.2\lpc_chip_15xx\Debug\liblpc_chip_15xx.a(clock_15xx.o)
                0x000010a4                Chip_Clock_SetUARTBaseClockRate
 .text.Chip_Clock_GetSystemClockRate
                0x00001148       0x1c D:\1. Project\NPCXpresso10.2\lpc_chip_15xx\Debug\liblpc_chip_15xx.a(clock_15xx.o)
                0x00001148                Chip_Clock_GetSystemClockRate
 .text.Chip_SYSCTL_PeriphReset
                0x00001164       0x22 D:\1. Project\NPCXpresso10.2\lpc_chip_15xx\Debug\liblpc_chip_15xx.a(gpio_15xx.o)
 .text.Chip_GPIO_Init
                0x00001186       0x2e D:\1. Project\NPCXpresso10.2\lpc_chip_15xx\Debug\liblpc_chip_15xx.a(gpio_15xx.o)
                0x00001186                Chip_GPIO_Init
 .text.Chip_IOCON_PinMuxSet
                0x000011b4       0x2c D:\1. Project\NPCXpresso10.2\lpc_chip_15xx\Debug\liblpc_chip_15xx.a(iocon_15xx.o)
 .text.Chip_IOCON_SetPinMuxing
                0x000011e0       0x4e D:\1. Project\NPCXpresso10.2\lpc_chip_15xx\Debug\liblpc_chip_15xx.a(iocon_15xx.o)
                0x000011e0                Chip_IOCON_SetPinMuxing
 *fill*         0x0000122e        0x2 ff
 .text.Chip_SWM_MovablePinAssign
                0x00001230       0x5c D:\1. Project\NPCXpresso10.2\lpc_chip_15xx\Debug\liblpc_chip_15xx.a(swm_15xx.o)
                0x00001230                Chip_SWM_MovablePinAssign
 .text.Chip_SYSCTL_AssertPeriphReset
                0x0000128c       0x4c D:\1. Project\NPCXpresso10.2\lpc_chip_15xx\Debug\liblpc_chip_15xx.a(sysctl_15xx.o)
                0x0000128c                Chip_SYSCTL_AssertPeriphReset
 .text.Chip_SYSCTL_DeassertPeriphReset
                0x000012d8       0x50 D:\1. Project\NPCXpresso10.2\lpc_chip_15xx\Debug\liblpc_chip_15xx.a(sysctl_15xx.o)
                0x000012d8                Chip_SYSCTL_DeassertPeriphReset
 .text.Chip_SYSCTL_PowerDown
                0x00001328       0x40 D:\1. Project\NPCXpresso10.2\lpc_chip_15xx\Debug\liblpc_chip_15xx.a(sysctl_15xx.o)
                0x00001328                Chip_SYSCTL_PowerDown
 .text.Chip_SYSCTL_PowerUp
                0x00001368       0x40 D:\1. Project\NPCXpresso10.2\lpc_chip_15xx\Debug\liblpc_chip_15xx.a(sysctl_15xx.o)
                0x00001368                Chip_SYSCTL_PowerUp
 .text.Chip_FMC_SetFLASHAccess
                0x000013a8       0x38 D:\1. Project\NPCXpresso10.2\lpc_chip_15xx\Debug\liblpc_chip_15xx.a(sysinit_15xx.o)
 .text.Chip_Clock_SetSystemPLLSource
                0x000013e0       0x20 D:\1. Project\NPCXpresso10.2\lpc_chip_15xx\Debug\liblpc_chip_15xx.a(sysinit_15xx.o)
 .text.Chip_Clock_SetupSystemPLL
                0x00001400       0x34 D:\1. Project\NPCXpresso10.2\lpc_chip_15xx\Debug\liblpc_chip_15xx.a(sysinit_15xx.o)
 .text.Chip_Clock_IsSystemPLLLocked
                0x00001434       0x24 D:\1. Project\NPCXpresso10.2\lpc_chip_15xx\Debug\liblpc_chip_15xx.a(sysinit_15xx.o)
 .text.Chip_Clock_SetSysClockDiv
                0x00001458       0x20 D:\1. Project\NPCXpresso10.2\lpc_chip_15xx\Debug\liblpc_chip_15xx.a(sysinit_15xx.o)
 .text.Chip_SetupXtalClocking
                0x00001478       0x6c D:\1. Project\NPCXpresso10.2\lpc_chip_15xx\Debug\liblpc_chip_15xx.a(sysinit_15xx.o)
                0x00001478                Chip_SetupXtalClocking
 .text.Chip_SYSCTL_PeriphReset
                0x000014e4       0x22 D:\1. Project\NPCXpresso10.2\lpc_chip_15xx\Debug\liblpc_chip_15xx.a(uart_15xx.o)
 .text.Chip_UART_SendByte
                0x00001506       0x1c D:\1. Project\NPCXpresso10.2\lpc_chip_15xx\Debug\liblpc_chip_15xx.a(uart_15xx.o)
 .text.Chip_UART_ReadByte
                0x00001522       0x1a D:\1. Project\NPCXpresso10.2\lpc_chip_15xx\Debug\liblpc_chip_15xx.a(uart_15xx.o)
 .text.Chip_UART_GetStatus
                0x0000153c       0x16 D:\1. Project\NPCXpresso10.2\lpc_chip_15xx\Debug\liblpc_chip_15xx.a(uart_15xx.o)
 *fill*         0x00001552        0x2 ff
 .text.getUARTClockID
                0x00001554       0x34 D:\1. Project\NPCXpresso10.2\lpc_chip_15xx\Debug\liblpc_chip_15xx.a(uart_15xx.o)
 .text.Chip_UART_Init
                0x00001588       0x4c D:\1. Project\NPCXpresso10.2\lpc_chip_15xx\Debug\liblpc_chip_15xx.a(uart_15xx.o)
                0x00001588                Chip_UART_Init
 .text.Chip_UART_Send
                0x000015d4       0x50 D:\1. Project\NPCXpresso10.2\lpc_chip_15xx\Debug\liblpc_chip_15xx.a(uart_15xx.o)
                0x000015d4                Chip_UART_Send
 .text.Chip_UART_SendBlocking
                0x00001624       0x4a D:\1. Project\NPCXpresso10.2\lpc_chip_15xx\Debug\liblpc_chip_15xx.a(uart_15xx.o)
                0x00001624                Chip_UART_SendBlocking
 .text.Chip_UART_Read
                0x0000166e       0x52 D:\1. Project\NPCXpresso10.2\lpc_chip_15xx\Debug\liblpc_chip_15xx.a(uart_15xx.o)
                0x0000166e                Chip_UART_Read
 .text.Chip_UART_SetBaud
                0x000016c0       0x2a D:\1. Project\NPCXpresso10.2\lpc_chip_15xx\Debug\liblpc_chip_15xx.a(uart_15xx.o)
                0x000016c0                Chip_UART_SetBaud
 .text.xTaskCreate
                0x000016ea       0x84 D:\1. Project\NPCXpresso10.2\FreeRTOS\Debug\libFreeRTOS.a(tasks.o)
                0x000016ea                xTaskCreate
 .text.prvInitialiseNewTask
                0x0000176e      0x178 D:\1. Project\NPCXpresso10.2\FreeRTOS\Debug\libFreeRTOS.a(tasks.o)
 *fill*         0x000018e6        0x2 ff
 .text.prvAddNewTaskToReadyList
                0x000018e8       0xdc D:\1. Project\NPCXpresso10.2\FreeRTOS\Debug\libFreeRTOS.a(tasks.o)
 .text.vTaskDelay
                0x000019c4       0x48 D:\1. Project\NPCXpresso10.2\FreeRTOS\Debug\libFreeRTOS.a(tasks.o)
                0x000019c4                vTaskDelay
 .text.vTaskStartScheduler
                0x00001a0c       0xa0 D:\1. Project\NPCXpresso10.2\FreeRTOS\Debug\libFreeRTOS.a(tasks.o)
                0x00001a0c                vTaskStartScheduler
 .text.vTaskSuspendAll
                0x00001aac       0x1c D:\1. Project\NPCXpresso10.2\FreeRTOS\Debug\libFreeRTOS.a(tasks.o)
                0x00001aac                vTaskSuspendAll
 .text.xTaskResumeAll
                0x00001ac8      0x11c D:\1. Project\NPCXpresso10.2\FreeRTOS\Debug\libFreeRTOS.a(tasks.o)
                0x00001ac8                xTaskResumeAll
 .text.xTaskIncrementTick
                0x00001be4      0x158 D:\1. Project\NPCXpresso10.2\FreeRTOS\Debug\libFreeRTOS.a(tasks.o)
                0x00001be4                xTaskIncrementTick
 .text.vTaskSwitchContext
                0x00001d3c       0xe4 D:\1. Project\NPCXpresso10.2\FreeRTOS\Debug\libFreeRTOS.a(tasks.o)
                0x00001d3c                vTaskSwitchContext
 .text.prvIdleTask
                0x00001e20        0xe D:\1. Project\NPCXpresso10.2\FreeRTOS\Debug\libFreeRTOS.a(tasks.o)
 *fill*         0x00001e2e        0x2 ff
 .text.prvInitialiseTaskLists
                0x00001e30       0x80 D:\1. Project\NPCXpresso10.2\FreeRTOS\Debug\libFreeRTOS.a(tasks.o)
 .text.prvCheckTasksWaitingTermination
                0x00001eb0       0x58 D:\1. Project\NPCXpresso10.2\FreeRTOS\Debug\libFreeRTOS.a(tasks.o)
 .text.prvDeleteTCB
                0x00001f08       0x2a D:\1. Project\NPCXpresso10.2\FreeRTOS\Debug\libFreeRTOS.a(tasks.o)
 *fill*         0x00001f32        0x2 ff
 .text.prvResetNextTaskUnblockTime
                0x00001f34       0x48 D:\1. Project\NPCXpresso10.2\FreeRTOS\Debug\libFreeRTOS.a(tasks.o)
 .text.prvAddCurrentTaskToDelayedList
                0x00001f7c       0xcc D:\1. Project\NPCXpresso10.2\FreeRTOS\Debug\libFreeRTOS.a(tasks.o)
 .text.pvPortMalloc
                0x00002048       0x2c D:\1. Project\NPCXpresso10.2\FreeRTOS\Debug\libFreeRTOS.a(heap_3.o)
                0x00002048                pvPortMalloc
 .text.vPortFree
                0x00002074       0x24 D:\1. Project\NPCXpresso10.2\FreeRTOS\Debug\libFreeRTOS.a(heap_3.o)
                0x00002074                vPortFree
 .text.pxPortInitialiseStack
                0x00002098       0x58 D:\1. Project\NPCXpresso10.2\FreeRTOS\Debug\libFreeRTOS.a(port.o)
                0x00002098                pxPortInitialiseStack
 .text.prvTaskExitError
                0x000020f0       0x2e D:\1. Project\NPCXpresso10.2\FreeRTOS\Debug\libFreeRTOS.a(port.o)
 *fill*         0x0000211e        0x2 ff
 .text.SVC_Handler
                0x00002120       0x28 D:\1. Project\NPCXpresso10.2\FreeRTOS\Debug\libFreeRTOS.a(port.o)
                0x00002120                SVC_Handler
 .text.prvPortStartFirstTask
                0x00002148       0x20 D:\1. Project\NPCXpresso10.2\FreeRTOS\Debug\libFreeRTOS.a(port.o)
 .text.xPortStartScheduler
                0x00002168       0x40 D:\1. Project\NPCXpresso10.2\FreeRTOS\Debug\libFreeRTOS.a(port.o)
                0x00002168                xPortStartScheduler
 .text.vPortEnterCritical
                0x000021a8       0x30 D:\1. Project\NPCXpresso10.2\FreeRTOS\Debug\libFreeRTOS.a(port.o)
                0x000021a8                vPortEnterCritical
 .text.vPortExitCritical
                0x000021d8       0x30 D:\1. Project\NPCXpresso10.2\FreeRTOS\Debug\libFreeRTOS.a(port.o)
                0x000021d8                vPortExitCritical
 *fill*         0x00002208        0x8 ff
 .text.PendSV_Handler
                0x00002210       0x48 D:\1. Project\NPCXpresso10.2\FreeRTOS\Debug\libFreeRTOS.a(port.o)
                0x00002210                PendSV_Handler
 .text.SysTick_Handler
                0x00002258       0x40 D:\1. Project\NPCXpresso10.2\FreeRTOS\Debug\libFreeRTOS.a(port.o)
                0x00002258                SysTick_Handler
 .text.vPortSetupTimerInterrupt
                0x00002298       0x44 D:\1. Project\NPCXpresso10.2\FreeRTOS\Debug\libFreeRTOS.a(port.o)
                0x00002298                vPortSetupTimerInterrupt
 .text.vApplicationMallocFailedHook
                0x000022dc       0x1c D:\1. Project\NPCXpresso10.2\FreeRTOS\Debug\libFreeRTOS.a(FreeRTOSCommonHooks.o)
                0x000022dc                vApplicationMallocFailedHook
 .text.vApplicationStackOverflowHook
                0x000022f8       0x20 D:\1. Project\NPCXpresso10.2\FreeRTOS\Debug\libFreeRTOS.a(FreeRTOSCommonHooks.o)
                0x000022f8                vApplicationStackOverflowHook
 .text.vListInitialise
                0x00002318       0x3e D:\1. Project\NPCXpresso10.2\FreeRTOS\Debug\libFreeRTOS.a(list.o)
                0x00002318                vListInitialise
 .text.vListInitialiseItem
                0x00002356       0x18 D:\1. Project\NPCXpresso10.2\FreeRTOS\Debug\libFreeRTOS.a(list.o)
                0x00002356                vListInitialiseItem
 .text.vListInsertEnd
                0x0000236e       0x46 D:\1. Project\NPCXpresso10.2\FreeRTOS\Debug\libFreeRTOS.a(list.o)
                0x0000236e                vListInsertEnd
 .text.vListInsert
                0x000023b4       0x70 D:\1. Project\NPCXpresso10.2\FreeRTOS\Debug\libFreeRTOS.a(list.o)
                0x000023b4                vListInsert
 .text.uxListRemove
                0x00002424       0x52 D:\1. Project\NPCXpresso10.2\FreeRTOS\Debug\libFreeRTOS.a(list.o)
                0x00002424                uxListRemove
 *fill*         0x00002476        0x2 ff
 .text          0x00002478       0x30 c:/nxp/mcuxpressoide_10.2.1_795/ide/tools/bin/../lib/gcc/arm-none-eabi/7.2.1/thumb/v7-m\libgcc.a(_aeabi_uldivmod.o)
                0x00002478                __aeabi_uldivmod
 .text          0x000024a8      0x2d0 c:/nxp/mcuxpressoide_10.2.1_795/ide/tools/bin/../lib/gcc/arm-none-eabi/7.2.1/thumb/v7-m\libgcc.a(_udivmoddi4.o)
                0x000024a8                __udivmoddi4
 .text          0x00002778        0x4 c:/nxp/mcuxpressoide_10.2.1_795/ide/tools/bin/../lib/gcc/arm-none-eabi/7.2.1/thumb/v7-m\libgcc.a(_dvmd_tls.o)
                0x00002778                __aeabi_idiv0
                0x00002778                __aeabi_ldiv0
 .text.__libc_init_array
                0x0000277c       0x48 c:/nxp/mcuxpressoide_10.2.1_795/ide/tools/bin/../lib/gcc/arm-none-eabi/7.2.1/../../../../arm-none-eabi/lib/thumb/v7-m\libc.a(lib_a-init.o)
                0x0000277c                __libc_init_array
 .text.malloc   0x000027c4       0x10 c:/nxp/mcuxpressoide_10.2.1_795/ide/tools/bin/../lib/gcc/arm-none-eabi/7.2.1/../../../../arm-none-eabi/lib/thumb/v7-m\libc.a(lib_a-malloc.o)
                0x000027c4                malloc
 .text.free     0x000027d4       0x10 c:/nxp/mcuxpressoide_10.2.1_795/ide/tools/bin/../lib/gcc/arm-none-eabi/7.2.1/../../../../arm-none-eabi/lib/thumb/v7-m\libc.a(lib_a-malloc.o)
                0x000027d4                free
 .text._malloc_r
                0x000027e4      0x524 c:/nxp/mcuxpressoide_10.2.1_795/ide/tools/bin/../lib/gcc/arm-none-eabi/7.2.1/../../../../arm-none-eabi/lib/thumb/v7-m\libc.a(lib_a-mallocr.o)
                0x000027e4                _malloc_r
 .text          0x00002d08       0xec c:/nxp/mcuxpressoide_10.2.1_795/ide/tools/bin/../lib/gcc/arm-none-eabi/7.2.1/../../../../arm-none-eabi/lib/thumb/v7-m\libc.a(lib_a-memcpy.o)
                0x00002d08                memcpy
 .text.memset   0x00002df4       0x94 c:/nxp/mcuxpressoide_10.2.1_795/ide/tools/bin/../lib/gcc/arm-none-eabi/7.2.1/../../../../arm-none-eabi/lib/thumb/v7-m\libc.a(lib_a-memset.o)
                0x00002df4                memset
 .text.__malloc_lock
                0x00002e88        0xc c:/nxp/mcuxpressoide_10.2.1_795/ide/tools/bin/../lib/gcc/arm-none-eabi/7.2.1/../../../../arm-none-eabi/lib/thumb/v7-m\libc.a(lib_a-mlock.o)
                0x00002e88                __malloc_lock
 .text.__malloc_unlock
                0x00002e94        0xc c:/nxp/mcuxpressoide_10.2.1_795/ide/tools/bin/../lib/gcc/arm-none-eabi/7.2.1/../../../../arm-none-eabi/lib/thumb/v7-m\libc.a(lib_a-mlock.o)
                0x00002e94                __malloc_unlock
 .text.printf   0x00002ea0       0x28 c:/nxp/mcuxpressoide_10.2.1_795/ide/tools/bin/../lib/gcc/arm-none-eabi/7.2.1/../../../../arm-none-eabi/lib/thumb/v7-m\libc.a(lib_a-printf.o)
                0x00002ea0                printf
 .text.cleanup_glue
                0x00002ec8       0x28 c:/nxp/mcuxpressoide_10.2.1_795/ide/tools/bin/../lib/gcc/arm-none-eabi/7.2.1/../../../../arm-none-eabi/lib/thumb/v7-m\libc.a(lib_a-reent.o)
                0x00002ec8                cleanup_glue
 .text._reclaim_reent
                0x00002ef0       0x88 c:/nxp/mcuxpressoide_10.2.1_795/ide/tools/bin/../lib/gcc/arm-none-eabi/7.2.1/../../../../arm-none-eabi/lib/thumb/v7-m\libc.a(lib_a-reent.o)
                0x00002ef0                _reclaim_reent
 .text._sbrk_r  0x00002f78       0x24 c:/nxp/mcuxpressoide_10.2.1_795/ide/tools/bin/../lib/gcc/arm-none-eabi/7.2.1/../../../../arm-none-eabi/lib/thumb/v7-m\libc.a(lib_a-sbrkr.o)
                0x00002f78                _sbrk_r
 .text.strlen   0x00002f9c       0x5c c:/nxp/mcuxpressoide_10.2.1_795/ide/tools/bin/../lib/gcc/arm-none-eabi/7.2.1/../../../../arm-none-eabi/lib/thumb/v7-m\libc.a(lib_a-strlen-stub.o)
                0x00002f9c                strlen
 .text._vfprintf_r
                0x00002ff8     0x1558 c:/nxp/mcuxpressoide_10.2.1_795/ide/tools/bin/../lib/gcc/arm-none-eabi/7.2.1/../../../../arm-none-eabi/lib/thumb/v7-m\libc.a(lib_a-vfprintf.o)
                0x00002ff8                _vfprintf_r
 .text.__sbprintf
                0x00004550       0x88 c:/nxp/mcuxpressoide_10.2.1_795/ide/tools/bin/../lib/gcc/arm-none-eabi/7.2.1/../../../../arm-none-eabi/lib/thumb/v7-m\libc.a(lib_a-vfprintf.o)
 .text.__swsetup_r
                0x000045d8       0xcc c:/nxp/mcuxpressoide_10.2.1_795/ide/tools/bin/../lib/gcc/arm-none-eabi/7.2.1/../../../../arm-none-eabi/lib/thumb/v7-m\libc.a(lib_a-wsetup.o)
                0x000045d8                __swsetup_r
 .text.quorem   0x000046a4      0x124 c:/nxp/mcuxpressoide_10.2.1_795/ide/tools/bin/../lib/gcc/arm-none-eabi/7.2.1/../../../../arm-none-eabi/lib/thumb/v7-m\libc.a(lib_a-dtoa.o)
 .text._dtoa_r  0x000047c8      0xe30 c:/nxp/mcuxpressoide_10.2.1_795/ide/tools/bin/../lib/gcc/arm-none-eabi/7.2.1/../../../../arm-none-eabi/lib/thumb/v7-m\libc.a(lib_a-dtoa.o)
                0x000047c8                _dtoa_r
 .text.__sflush_r
                0x000055f8      0x154 c:/nxp/mcuxpressoide_10.2.1_795/ide/tools/bin/../lib/gcc/arm-none-eabi/7.2.1/../../../../arm-none-eabi/lib/thumb/v7-m\libc.a(lib_a-fflush.o)
                0x000055f8                __sflush_r
 .text._fflush_r
                0x0000574c       0x5c c:/nxp/mcuxpressoide_10.2.1_795/ide/tools/bin/../lib/gcc/arm-none-eabi/7.2.1/../../../../arm-none-eabi/lib/thumb/v7-m\libc.a(lib_a-fflush.o)
                0x0000574c                _fflush_r
 .text.std      0x000057a8       0x50 c:/nxp/mcuxpressoide_10.2.1_795/ide/tools/bin/../lib/gcc/arm-none-eabi/7.2.1/../../../../arm-none-eabi/lib/thumb/v7-m\libc.a(lib_a-findfp.o)
 .text._cleanup_r
                0x000057f8        0xc c:/nxp/mcuxpressoide_10.2.1_795/ide/tools/bin/../lib/gcc/arm-none-eabi/7.2.1/../../../../arm-none-eabi/lib/thumb/v7-m\libc.a(lib_a-findfp.o)
                0x000057f8                _cleanup_r
 .text.__sinit  0x00005804       0x60 c:/nxp/mcuxpressoide_10.2.1_795/ide/tools/bin/../lib/gcc/arm-none-eabi/7.2.1/../../../../arm-none-eabi/lib/thumb/v7-m\libc.a(lib_a-findfp.o)
                0x00005804                __sinit
 .text.__sfp_lock_acquire
                0x00005864        0xc c:/nxp/mcuxpressoide_10.2.1_795/ide/tools/bin/../lib/gcc/arm-none-eabi/7.2.1/../../../../arm-none-eabi/lib/thumb/v7-m\libc.a(lib_a-findfp.o)
                0x00005864                __sfp_lock_acquire
 .text.__sfp_lock_release
                0x00005870        0xc c:/nxp/mcuxpressoide_10.2.1_795/ide/tools/bin/../lib/gcc/arm-none-eabi/7.2.1/../../../../arm-none-eabi/lib/thumb/v7-m\libc.a(lib_a-findfp.o)
                0x00005870                __sfp_lock_release
 .text._malloc_trim_r
                0x0000587c       0xa0 c:/nxp/mcuxpressoide_10.2.1_795/ide/tools/bin/../lib/gcc/arm-none-eabi/7.2.1/../../../../arm-none-eabi/lib/thumb/v7-m\libc.a(lib_a-freer.o)
                0x0000587c                _malloc_trim_r
 .text._free_r  0x0000591c      0x1e8 c:/nxp/mcuxpressoide_10.2.1_795/ide/tools/bin/../lib/gcc/arm-none-eabi/7.2.1/../../../../arm-none-eabi/lib/thumb/v7-m\libc.a(lib_a-freer.o)
                0x0000591c                _free_r
 .text._fwalk_reent
                0x00005b04       0x50 c:/nxp/mcuxpressoide_10.2.1_795/ide/tools/bin/../lib/gcc/arm-none-eabi/7.2.1/../../../../arm-none-eabi/lib/thumb/v7-m\libc.a(lib_a-fwalk.o)
                0x00005b04                _fwalk_reent
 .text._localeconv_r
                0x00005b54       0x1c c:/nxp/mcuxpressoide_10.2.1_795/ide/tools/bin/../lib/gcc/arm-none-eabi/7.2.1/../../../../arm-none-eabi/lib/thumb/v7-m\libc.a(lib_a-localeconv.o)
                0x00005b54                _localeconv_r
 .text.__retarget_lock_init_recursive
                0x00005b70        0x4 c:/nxp/mcuxpressoide_10.2.1_795/ide/tools/bin/../lib/gcc/arm-none-eabi/7.2.1/../../../../arm-none-eabi/lib/thumb/v7-m\libc.a(lib_a-lock.o)
                0x00005b70                __retarget_lock_init_recursive
 .text.__retarget_lock_close_recursive
                0x00005b74        0x4 c:/nxp/mcuxpressoide_10.2.1_795/ide/tools/bin/../lib/gcc/arm-none-eabi/7.2.1/../../../../arm-none-eabi/lib/thumb/v7-m\libc.a(lib_a-lock.o)
                0x00005b74                __retarget_lock_close_recursive
 .text.__retarget_lock_acquire_recursive
                0x00005b78        0x4 c:/nxp/mcuxpressoide_10.2.1_795/ide/tools/bin/../lib/gcc/arm-none-eabi/7.2.1/../../../../arm-none-eabi/lib/thumb/v7-m\libc.a(lib_a-lock.o)
                0x00005b78                __retarget_lock_acquire_recursive
 .text.__retarget_lock_release_recursive
                0x00005b7c        0x4 c:/nxp/mcuxpressoide_10.2.1_795/ide/tools/bin/../lib/gcc/arm-none-eabi/7.2.1/../../../../arm-none-eabi/lib/thumb/v7-m\libc.a(lib_a-lock.o)
                0x00005b7c                __retarget_lock_release_recursive
 .text.__swhatbuf_r
                0x00005b80       0x5c c:/nxp/mcuxpressoide_10.2.1_795/ide/tools/bin/../lib/gcc/arm-none-eabi/7.2.1/../../../../arm-none-eabi/lib/thumb/v7-m\libc.a(lib_a-makebuf.o)
                0x00005b80                __swhatbuf_r
 .text.__smakebuf_r
                0x00005bdc       0x94 c:/nxp/mcuxpressoide_10.2.1_795/ide/tools/bin/../lib/gcc/arm-none-eabi/7.2.1/../../../../arm-none-eabi/lib/thumb/v7-m\libc.a(lib_a-makebuf.o)
                0x00005bdc                __smakebuf_r
 .text.memchr   0x00005c70       0x8c c:/nxp/mcuxpressoide_10.2.1_795/ide/tools/bin/../lib/gcc/arm-none-eabi/7.2.1/../../../../arm-none-eabi/lib/thumb/v7-m\libc.a(lib_a-memchr-stub.o)
                0x00005c70                memchr
 .text._Balloc  0x00005cfc       0x4c c:/nxp/mcuxpressoide_10.2.1_795/ide/tools/bin/../lib/gcc/arm-none-eabi/7.2.1/../../../../arm-none-eabi/lib/thumb/v7-m\libc.a(lib_a-mprec.o)
                0x00005cfc                _Balloc
 .text._Bfree   0x00005d48       0x14 c:/nxp/mcuxpressoide_10.2.1_795/ide/tools/bin/../lib/gcc/arm-none-eabi/7.2.1/../../../../arm-none-eabi/lib/thumb/v7-m\libc.a(lib_a-mprec.o)
                0x00005d48                _Bfree
 .text.__multadd
                0x00005d5c       0x84 c:/nxp/mcuxpressoide_10.2.1_795/ide/tools/bin/../lib/gcc/arm-none-eabi/7.2.1/../../../../arm-none-eabi/lib/thumb/v7-m\libc.a(lib_a-mprec.o)
                0x00005d5c                __multadd
 .text.__hi0bits
                0x00005de0       0x40 c:/nxp/mcuxpressoide_10.2.1_795/ide/tools/bin/../lib/gcc/arm-none-eabi/7.2.1/../../../../arm-none-eabi/lib/thumb/v7-m\libc.a(lib_a-mprec.o)
                0x00005de0                __hi0bits
 .text.__lo0bits
                0x00005e20       0x60 c:/nxp/mcuxpressoide_10.2.1_795/ide/tools/bin/../lib/gcc/arm-none-eabi/7.2.1/../../../../arm-none-eabi/lib/thumb/v7-m\libc.a(lib_a-mprec.o)
                0x00005e20                __lo0bits
 .text.__i2b    0x00005e80       0x14 c:/nxp/mcuxpressoide_10.2.1_795/ide/tools/bin/../lib/gcc/arm-none-eabi/7.2.1/../../../../arm-none-eabi/lib/thumb/v7-m\libc.a(lib_a-mprec.o)
                0x00005e80                __i2b
 .text.__multiply
                0x00005e94      0x14c c:/nxp/mcuxpressoide_10.2.1_795/ide/tools/bin/../lib/gcc/arm-none-eabi/7.2.1/../../../../arm-none-eabi/lib/thumb/v7-m\libc.a(lib_a-mprec.o)
                0x00005e94                __multiply
 .text.__pow5mult
                0x00005fe0       0xa0 c:/nxp/mcuxpressoide_10.2.1_795/ide/tools/bin/../lib/gcc/arm-none-eabi/7.2.1/../../../../arm-none-eabi/lib/thumb/v7-m\libc.a(lib_a-mprec.o)
                0x00005fe0                __pow5mult
 .text.__lshift
                0x00006080       0xb4 c:/nxp/mcuxpressoide_10.2.1_795/ide/tools/bin/../lib/gcc/arm-none-eabi/7.2.1/../../../../arm-none-eabi/lib/thumb/v7-m\libc.a(lib_a-mprec.o)
                0x00006080                __lshift
 .text.__mcmp   0x00006134       0x38 c:/nxp/mcuxpressoide_10.2.1_795/ide/tools/bin/../lib/gcc/arm-none-eabi/7.2.1/../../../../arm-none-eabi/lib/thumb/v7-m\libc.a(lib_a-mprec.o)
                0x00006134                __mcmp
 .text.__mdiff  0x0000616c      0x100 c:/nxp/mcuxpressoide_10.2.1_795/ide/tools/bin/../lib/gcc/arm-none-eabi/7.2.1/../../../../arm-none-eabi/lib/thumb/v7-m\libc.a(lib_a-mprec.o)
                0x0000616c                __mdiff
 .text.__d2b    0x0000626c       0xb0 c:/nxp/mcuxpressoide_10.2.1_795/ide/tools/bin/../lib/gcc/arm-none-eabi/7.2.1/../../../../arm-none-eabi/lib/thumb/v7-m\libc.a(lib_a-mprec.o)
                0x0000626c                __d2b
 .text.__sread  0x0000631c       0x24 c:/nxp/mcuxpressoide_10.2.1_795/ide/tools/bin/../lib/gcc/arm-none-eabi/7.2.1/../../../../arm-none-eabi/lib/thumb/v7-m\libc.a(lib_a-stdio.o)
                0x0000631c                __sread
 .text.__swrite
                0x00006340       0x3c c:/nxp/mcuxpressoide_10.2.1_795/ide/tools/bin/../lib/gcc/arm-none-eabi/7.2.1/../../../../arm-none-eabi/lib/thumb/v7-m\libc.a(lib_a-stdio.o)
                0x00006340                __swrite
 .text.__sseek  0x0000637c       0x20 c:/nxp/mcuxpressoide_10.2.1_795/ide/tools/bin/../lib/gcc/arm-none-eabi/7.2.1/../../../../arm-none-eabi/lib/thumb/v7-m\libc.a(lib_a-stdio.o)
                0x0000637c                __sseek
 .text.__sclose
                0x0000639c        0x8 c:/nxp/mcuxpressoide_10.2.1_795/ide/tools/bin/../lib/gcc/arm-none-eabi/7.2.1/../../../../arm-none-eabi/lib/thumb/v7-m\libc.a(lib_a-stdio.o)
                0x0000639c                __sclose
 .text.__sprint_r.part.0
                0x000063a4       0x78 c:/nxp/mcuxpressoide_10.2.1_795/ide/tools/bin/../lib/gcc/arm-none-eabi/7.2.1/../../../../arm-none-eabi/lib/thumb/v7-m\libc.a(lib_a-vfiprintf.o)
 .text.__sprint_r
                0x0000641c       0x14 c:/nxp/mcuxpressoide_10.2.1_795/ide/tools/bin/../lib/gcc/arm-none-eabi/7.2.1/../../../../arm-none-eabi/lib/thumb/v7-m\libc.a(lib_a-vfiprintf.o)
                0x0000641c                __sprint_r
 .text._write_r
                0x00006430       0x2c c:/nxp/mcuxpressoide_10.2.1_795/ide/tools/bin/../lib/gcc/arm-none-eabi/7.2.1/../../../../arm-none-eabi/lib/thumb/v7-m\libc.a(lib_a-writer.o)
                0x00006430                _write_r
 .text._calloc_r
                0x0000645c       0x6c c:/nxp/mcuxpressoide_10.2.1_795/ide/tools/bin/../lib/gcc/arm-none-eabi/7.2.1/../../../../arm-none-eabi/lib/thumb/v7-m\libc.a(lib_a-callocr.o)
                0x0000645c                _calloc_r
 .text._close_r
                0x000064c8       0x24 c:/nxp/mcuxpressoide_10.2.1_795/ide/tools/bin/../lib/gcc/arm-none-eabi/7.2.1/../../../../arm-none-eabi/lib/thumb/v7-m\libc.a(lib_a-closer.o)
                0x000064c8                _close_r
 .text._fclose_r
                0x000064ec       0xd0 c:/nxp/mcuxpressoide_10.2.1_795/ide/tools/bin/../lib/gcc/arm-none-eabi/7.2.1/../../../../arm-none-eabi/lib/thumb/v7-m\libc.a(lib_a-fclose.o)
                0x000064ec                _fclose_r
 .text.__fputwc
                0x000065bc       0x94 c:/nxp/mcuxpressoide_10.2.1_795/ide/tools/bin/../lib/gcc/arm-none-eabi/7.2.1/../../../../arm-none-eabi/lib/thumb/v7-m\libc.a(lib_a-fputwc.o)
                0x000065bc                __fputwc
 .text._fputwc_r
                0x00006650       0x64 c:/nxp/mcuxpressoide_10.2.1_795/ide/tools/bin/../lib/gcc/arm-none-eabi/7.2.1/../../../../arm-none-eabi/lib/thumb/v7-m\libc.a(lib_a-fputwc.o)
                0x00006650                _fputwc_r
 .text._fstat_r
                0x000066b4       0x28 c:/nxp/mcuxpressoide_10.2.1_795/ide/tools/bin/../lib/gcc/arm-none-eabi/7.2.1/../../../../arm-none-eabi/lib/thumb/v7-m\libc.a(lib_a-fstatr.o)
                0x000066b4                _fstat_r
 .text.__sfvwrite_r
                0x000066dc      0x2f4 c:/nxp/mcuxpressoide_10.2.1_795/ide/tools/bin/../lib/gcc/arm-none-eabi/7.2.1/../../../../arm-none-eabi/lib/thumb/v7-m\libc.a(lib_a-fvwrite.o)
                0x000066dc                __sfvwrite_r
 .text._isatty_r
                0x000069d0       0x24 c:/nxp/mcuxpressoide_10.2.1_795/ide/tools/bin/../lib/gcc/arm-none-eabi/7.2.1/../../../../arm-none-eabi/lib/thumb/v7-m\libc.a(lib_a-isattyr.o)
                0x000069d0                _isatty_r
 .text.__locale_mb_cur_max
                0x000069f4       0x1c c:/nxp/mcuxpressoide_10.2.1_795/ide/tools/bin/../lib/gcc/arm-none-eabi/7.2.1/../../../../arm-none-eabi/lib/thumb/v7-m\libc.a(lib_a-locale.o)
                0x000069f4                __locale_mb_cur_max
 .text._lseek_r
                0x00006a10       0x2c c:/nxp/mcuxpressoide_10.2.1_795/ide/tools/bin/../lib/gcc/arm-none-eabi/7.2.1/../../../../arm-none-eabi/lib/thumb/v7-m\libc.a(lib_a-lseekr.o)
                0x00006a10                _lseek_r
 .text.__ascii_mbtowc
                0x00006a3c       0x2c c:/nxp/mcuxpressoide_10.2.1_795/ide/tools/bin/../lib/gcc/arm-none-eabi/7.2.1/../../../../arm-none-eabi/lib/thumb/v7-m\libc.a(lib_a-mbtowc_r.o)
                0x00006a3c                __ascii_mbtowc
 .text.memmove  0x00006a68       0xc4 c:/nxp/mcuxpressoide_10.2.1_795/ide/tools/bin/../lib/gcc/arm-none-eabi/7.2.1/../../../../arm-none-eabi/lib/thumb/v7-m\libc.a(lib_a-memmove.o)
                0x00006a68                memmove
 .text._read_r  0x00006b2c       0x2c c:/nxp/mcuxpressoide_10.2.1_795/ide/tools/bin/../lib/gcc/arm-none-eabi/7.2.1/../../../../arm-none-eabi/lib/thumb/v7-m\libc.a(lib_a-readr.o)
                0x00006b2c                _read_r
 .text._realloc_r
                0x00006b58      0x374 c:/nxp/mcuxpressoide_10.2.1_795/ide/tools/bin/../lib/gcc/arm-none-eabi/7.2.1/../../../../arm-none-eabi/lib/thumb/v7-m\libc.a(lib_a-reallocr.o)
                0x00006b58                _realloc_r
 .text.__swbuf_r
                0x00006ecc       0xb0 c:/nxp/mcuxpressoide_10.2.1_795/ide/tools/bin/../lib/gcc/arm-none-eabi/7.2.1/../../../../arm-none-eabi/lib/thumb/v7-m\libc.a(lib_a-wbuf.o)
                0x00006ecc                __swbuf_r
 .text._wcrtomb_r
                0x00006f7c       0x54 c:/nxp/mcuxpressoide_10.2.1_795/ide/tools/bin/../lib/gcc/arm-none-eabi/7.2.1/../../../../arm-none-eabi/lib/thumb/v7-m\libc.a(lib_a-wcrtomb.o)
                0x00006f7c                _wcrtomb_r
 .text.__ascii_wctomb
                0x00006fd0       0x18 c:/nxp/mcuxpressoide_10.2.1_795/ide/tools/bin/../lib/gcc/arm-none-eabi/7.2.1/../../../../arm-none-eabi/lib/thumb/v7-m\libc.a(lib_a-wctomb_r.o)
                0x00006fd0                __ascii_wctomb
 .text._sbrk    0x00006fe8       0x3c c:/nxp/mcuxpressoide_10.2.1_795/ide/tools/bin/../lib/gcc/arm-none-eabi/7.2.1/../../../../arm-none-eabi/lib/thumb/v7-m\libcr_newlib_nohost.a(_cr_sbrk.o)
                0x00006fe8                _sbrk
 .text._close   0x00007024       0x10 c:/nxp/mcuxpressoide_10.2.1_795/ide/tools/bin/../lib/gcc/arm-none-eabi/7.2.1/../../../../arm-none-eabi/lib/thumb/v7-m\libcr_newlib_nohost.a(close.o)
                0x00007024                _close
 .text._fstat   0x00007034       0x10 c:/nxp/mcuxpressoide_10.2.1_795/ide/tools/bin/../lib/gcc/arm-none-eabi/7.2.1/../../../../arm-none-eabi/lib/thumb/v7-m\libcr_newlib_nohost.a(fstat.o)
                0x00007034                _fstat
 .text._isatty  0x00007044       0x10 c:/nxp/mcuxpressoide_10.2.1_795/ide/tools/bin/../lib/gcc/arm-none-eabi/7.2.1/../../../../arm-none-eabi/lib/thumb/v7-m\libcr_newlib_nohost.a(isatty.o)
                0x00007044                _isatty
 .text._lseek   0x00007054       0x10 c:/nxp/mcuxpressoide_10.2.1_795/ide/tools/bin/../lib/gcc/arm-none-eabi/7.2.1/../../../../arm-none-eabi/lib/thumb/v7-m\libcr_newlib_nohost.a(lseek.o)
                0x00007054                _lseek
 .text.__check_heap_overflow
                0x00007064       0x18 c:/nxp/mcuxpressoide_10.2.1_795/ide/tools/bin/../lib/gcc/arm-none-eabi/7.2.1/../../../../arm-none-eabi/lib/thumb/v7-m\libcr_newlib_nohost.a(_cr_check_heap.o)
                0x00007064                __check_heap_overflow
 .text          0x0000707c       0x40 c:/nxp/mcuxpressoide_10.2.1_795/ide/tools/bin/../lib/gcc/arm-none-eabi/7.2.1/thumb/v7-m\crtbegin.o
 .text          0x000070bc      0x378 c:/nxp/mcuxpressoide_10.2.1_795/ide/tools/bin/../lib/gcc/arm-none-eabi/7.2.1/thumb/v7-m\libgcc.a(_arm_addsubdf3.o)
                0x000070bc                __aeabi_drsub
                0x000070c4                __aeabi_dsub
                0x000070c4                __subdf3
                0x000070c8                __aeabi_dadd
                0x000070c8                __adddf3
                0x00007340                __floatunsidf
                0x00007340                __aeabi_ui2d
                0x00007360                __floatsidf
                0x00007360                __aeabi_i2d
                0x00007384                __aeabi_f2d
                0x00007384                __extendsfdf2
                0x000073c8                __floatundidf
                0x000073c8                __aeabi_ul2d
                0x000073d8                __floatdidf
                0x000073d8                __aeabi_l2d
 .text          0x00007434      0x424 c:/nxp/mcuxpressoide_10.2.1_795/ide/tools/bin/../lib/gcc/arm-none-eabi/7.2.1/thumb/v7-m\libgcc.a(_arm_muldivdf3.o)
                0x00007434                __aeabi_dmul
                0x00007434                __muldf3
                0x00007688                __divdf3
                0x00007688                __aeabi_ddiv
 .text          0x00007858      0x110 c:/nxp/mcuxpressoide_10.2.1_795/ide/tools/bin/../lib/gcc/arm-none-eabi/7.2.1/thumb/v7-m\libgcc.a(_arm_cmpdf2.o)
                0x00007858                __gtdf2
                0x00007858                __gedf2
                0x00007860                __ltdf2
                0x00007860                __ledf2
                0x00007868                __nedf2
                0x00007868                __eqdf2
                0x00007868                __cmpdf2
                0x000078e4                __aeabi_cdrcmple
                0x000078f4                __aeabi_cdcmpeq
                0x000078f4                __aeabi_cdcmple
                0x00007904                __aeabi_dcmpeq
                0x00007918                __aeabi_dcmplt
                0x0000792c                __aeabi_dcmple
                0x00007940                __aeabi_dcmpge
                0x00007954                __aeabi_dcmpgt
 .text          0x00007968       0x2c c:/nxp/mcuxpressoide_10.2.1_795/ide/tools/bin/../lib/gcc/arm-none-eabi/7.2.1/thumb/v7-m\libgcc.a(_arm_unorddf2.o)
                0x00007968                __unorddf2
                0x00007968                __aeabi_dcmpun
 .text          0x00007994       0x50 c:/nxp/mcuxpressoide_10.2.1_795/ide/tools/bin/../lib/gcc/arm-none-eabi/7.2.1/thumb/v7-m\libgcc.a(_arm_fixdfsi.o)
                0x00007994                __aeabi_d2iz
                0x00007994                __fixdfsi
 .text.__errno  0x000079e4        0xc c:/nxp/mcuxpressoide_10.2.1_795/ide/tools/bin/../lib/gcc/arm-none-eabi/7.2.1/../../../../arm-none-eabi/lib/thumb/v7-m\libc.a(lib_a-errno.o)
                0x000079e4                __errno
 *(.rodata .rodata.* .constdata .constdata.*)
 .rodata        0x000079f0       0x36 ./src/ArmOS_test.o
 *fill*         0x00007a26        0x2 ff
 .rodata._ZTV12DigitalIoPin
                0x00007a28       0x14 ./src/DigitalIoPin.o
                0x00007a28                vtable for DigitalIoPin
 .rodata.OscRateIn
                0x00007a3c        0x4 D:\1. Project\NPCXpresso10.2\lpc_board_nxp_lpcxpresso_1549\Debug\liblpc_board_nxp_lpcxpresso_1549.a(board.o)
                0x00007a3c                OscRateIn
 .rodata.RTCOscRateIn
                0x00007a40        0x4 D:\1. Project\NPCXpresso10.2\lpc_board_nxp_lpcxpresso_1549\Debug\liblpc_board_nxp_lpcxpresso_1549.a(board.o)
                0x00007a40                RTCOscRateIn
 .rodata.ledpins
                0x00007a44        0x3 D:\1. Project\NPCXpresso10.2\lpc_board_nxp_lpcxpresso_1549\Debug\liblpc_board_nxp_lpcxpresso_1549.a(board.o)
 *fill*         0x00007a47        0x1 ff
 .rodata.ledports
                0x00007a48        0x3 D:\1. Project\NPCXpresso10.2\lpc_board_nxp_lpcxpresso_1549\Debug\liblpc_board_nxp_lpcxpresso_1549.a(board.o)
 *fill*         0x00007a4b        0x1 ff
 .rodata.ioconSetup
                0x00007a4c       0x74 D:\1. Project\NPCXpresso10.2\lpc_board_nxp_lpcxpresso_1549\Debug\liblpc_board_nxp_lpcxpresso_1549.a(board_sysinit.o)
 .rodata.swmSetup
                0x00007ac0        0x6 D:\1. Project\NPCXpresso10.2\lpc_board_nxp_lpcxpresso_1549\Debug\liblpc_board_nxp_lpcxpresso_1549.a(board_sysinit.o)
 *fill*         0x00007ac6        0x2 ff
 .rodata        0x00007ac8       0x28 D:\1. Project\NPCXpresso10.2\FreeRTOS\Debug\libFreeRTOS.a(tasks.o)
                0x00007ae0                FreeRTOSDebugConfig
 .rodata._vfprintf_r.str1.4
                0x00007af0       0x42 c:/nxp/mcuxpressoide_10.2.1_795/ide/tools/bin/../lib/gcc/arm-none-eabi/7.2.1/../../../../arm-none-eabi/lib/thumb/v7-m\libc.a(lib_a-vfprintf.o)
 *fill*         0x00007b32        0x2 ff
 .rodata.blanks.7291
                0x00007b34       0x10 c:/nxp/mcuxpressoide_10.2.1_795/ide/tools/bin/../lib/gcc/arm-none-eabi/7.2.1/../../../../arm-none-eabi/lib/thumb/v7-m\libc.a(lib_a-vfprintf.o)
 .rodata.zeroes.7292
                0x00007b44       0x10 c:/nxp/mcuxpressoide_10.2.1_795/ide/tools/bin/../lib/gcc/arm-none-eabi/7.2.1/../../../../arm-none-eabi/lib/thumb/v7-m\libc.a(lib_a-vfprintf.o)
 .rodata._dtoa_r.str1.4
                0x00007b54       0x10 c:/nxp/mcuxpressoide_10.2.1_795/ide/tools/bin/../lib/gcc/arm-none-eabi/7.2.1/../../../../arm-none-eabi/lib/thumb/v7-m\libc.a(lib_a-dtoa.o)
                                 0x12 (size before relaxing)
 *fill*         0x00007b64        0x4 ff
 .rodata.__mprec_bigtens
                0x00007b68       0x28 c:/nxp/mcuxpressoide_10.2.1_795/ide/tools/bin/../lib/gcc/arm-none-eabi/7.2.1/../../../../arm-none-eabi/lib/thumb/v7-m\libc.a(lib_a-mprec.o)
                0x00007b68                __mprec_bigtens
 .rodata.__mprec_tens
                0x00007b90       0xc8 c:/nxp/mcuxpressoide_10.2.1_795/ide/tools/bin/../lib/gcc/arm-none-eabi/7.2.1/../../../../arm-none-eabi/lib/thumb/v7-m\libc.a(lib_a-mprec.o)
                0x00007b90                __mprec_tens
 .rodata.p05.6092
                0x00007c58        0xc c:/nxp/mcuxpressoide_10.2.1_795/ide/tools/bin/../lib/gcc/arm-none-eabi/7.2.1/../../../../arm-none-eabi/lib/thumb/v7-m\libc.a(lib_a-mprec.o)
 .rodata._setlocale_r.str1.4
                0x00007c64        0xa c:/nxp/mcuxpressoide_10.2.1_795/ide/tools/bin/../lib/gcc/arm-none-eabi/7.2.1/../../../../arm-none-eabi/lib/thumb/v7-m\libc.a(lib_a-locale.o)
                                  0xd (size before relaxing)
 *fill*         0x00007c6e        0x2 ff
 .rodata.str1.4
                0x00007c70        0x4 c:/nxp/mcuxpressoide_10.2.1_795/ide/tools/bin/../lib/gcc/arm-none-eabi/7.2.1/../../../../arm-none-eabi/lib/thumb/v7-m\libc.a(lib_a-locale.o)
                                  0x2 (size before relaxing)
 .rodata._ctype_
                0x00007c74      0x101 c:/nxp/mcuxpressoide_10.2.1_795/ide/tools/bin/../lib/gcc/arm-none-eabi/7.2.1/../../../../arm-none-eabi/lib/thumb/v7-m\libc.a(lib_a-ctype_.o)
                0x00007c74                _ctype_
                0x00007d78                . = ALIGN (0x4)
 *fill*         0x00007d75        0x3 ff
                0x00007d78                . = ALIGN (0x4)
 *(.init)
 .init          0x00007d78        0x4 c:/nxp/mcuxpressoide_10.2.1_795/ide/tools/bin/../lib/gcc/arm-none-eabi/7.2.1/thumb/v7-m\crti.o
                0x00007d78                _init
 .init          0x00007d7c        0x8 c:/nxp/mcuxpressoide_10.2.1_795/ide/tools/bin/../lib/gcc/arm-none-eabi/7.2.1/thumb/v7-m\crtn.o
                0x00007d84                . = ALIGN (0x4)
                0x00007d84                __preinit_array_start = .
 *(.preinit_array)
                0x00007d84                __preinit_array_end = .
                0x00007d84                . = ALIGN (0x4)
                0x00007d84                __init_array_start = .
 *(SORT_BY_NAME(.init_array.*))
 *(.init_array)
 .init_array    0x00007d84        0x4 c:/nxp/mcuxpressoide_10.2.1_795/ide/tools/bin/../lib/gcc/arm-none-eabi/7.2.1/thumb/v7-m\crtbegin.o
                0x00007d88                __init_array_end = .
 *(.fini)
 .fini          0x00007d88        0x4 c:/nxp/mcuxpressoide_10.2.1_795/ide/tools/bin/../lib/gcc/arm-none-eabi/7.2.1/thumb/v7-m\crti.o
                0x00007d88                _fini
 .fini          0x00007d8c        0x8 c:/nxp/mcuxpressoide_10.2.1_795/ide/tools/bin/../lib/gcc/arm-none-eabi/7.2.1/thumb/v7-m\crtn.o
                0x00007d94                . = ALIGN (0x4)
 *crtbegin.o(.ctors)
 *(EXCLUDE_FILE(*crtend.o) .ctors)
 *(SORT_BY_NAME(.ctors.*))
 *crtend.o(.ctors)
                0x00007d94                . = ALIGN (0x4)
 *crtbegin.o(.dtors)
 *(EXCLUDE_FILE(*crtend.o) .dtors)
 *(SORT_BY_NAME(.dtors.*))
 *crtend.o(.dtors)
                0x00007d94                . = ALIGN (0x4)

.glue_7         0x00007d94        0x0
 .glue_7        0x00007d94        0x0 linker stubs

.glue_7t        0x00007d94        0x0
 .glue_7t       0x00007d94        0x0 linker stubs

.vfp11_veneer   0x00007d94        0x0
 .vfp11_veneer  0x00007d94        0x0 linker stubs

.v4_bx          0x00007d94        0x0
 .v4_bx         0x00007d94        0x0 linker stubs

.iplt           0x00007d94        0x0
 .iplt          0x00007d94        0x0 ./src/ArmOS_test.o

.ARM.extab
 *(.ARM.extab* .gnu.linkonce.armextab.*)
                0x00007d94                __exidx_start = .

.ARM.exidx      0x00007d94        0x8
 *(.ARM.exidx* .gnu.linkonce.armexidx.*)
 .ARM.exidx     0x00007d94        0x8 c:/nxp/mcuxpressoide_10.2.1_795/ide/tools/bin/../lib/gcc/arm-none-eabi/7.2.1/thumb/v7-m\libgcc.a(_udivmoddi4.o)
                0x00007d9c                __exidx_end = .
                0x00007d9c                _etext = .

.rel.dyn        0x00007d9c        0x0
 .rel.iplt      0x00007d9c        0x0 ./src/ArmOS_test.o

.eh_frame       0x00007d9c        0x0
 .eh_frame      0x00007d9c        0x0 c:/nxp/mcuxpressoide_10.2.1_795/ide/tools/bin/../lib/gcc/arm-none-eabi/7.2.1/thumb/v7-m\crtbegin.o

.data_RAM2      0x02004000        0x0 load address 0x00007d9c
 FILL mask 0xff
                [!provide]                PROVIDE (__start_data_RAM2, .)
 *(.ramfunc.$RAM2)
 *(.ramfunc.$Ram1_16)
 *(.data.$RAM2*)
 *(.data.$Ram1_16*)
                0x02004000                . = ALIGN (0x4)
                [!provide]                PROVIDE (__end_data_RAM2, .)

.data_RAM3      0x02008000        0x0 load address 0x00007d9c
 FILL mask 0xff
                [!provide]                PROVIDE (__start_data_RAM3, .)
 *(.ramfunc.$RAM3)
 *(.ramfunc.$Ram2_4)
 *(.data.$RAM3*)
 *(.data.$Ram2_4*)
                0x02008000                . = ALIGN (0x4)
                [!provide]                PROVIDE (__end_data_RAM3, .)

.uninit_RESERVED
                0x02000000        0x0
 *(.bss.$RESERVED*)
                0x02000000                . = ALIGN (0x4)
                0x02000000                _end_uninit_RESERVED = .

.data           0x02000000      0x9ac load address 0x00007d9c
 FILL mask 0xff
                0x02000000                _data = .
 *(vtable)
 *(.ramfunc*)
 *(.data*)
 .data.uxCriticalNesting
                0x02000000        0x4 D:\1. Project\NPCXpresso10.2\FreeRTOS\Debug\libFreeRTOS.a(port.o)
 .data._impure_ptr
                0x02000004        0x4 c:/nxp/mcuxpressoide_10.2.1_795/ide/tools/bin/../lib/gcc/arm-none-eabi/7.2.1/../../../../arm-none-eabi/lib/thumb/v7-m\libc.a(lib_a-impure.o)
                0x02000004                _impure_ptr
 .data.impure_data
                0x02000008      0x428 c:/nxp/mcuxpressoide_10.2.1_795/ide/tools/bin/../lib/gcc/arm-none-eabi/7.2.1/../../../../arm-none-eabi/lib/thumb/v7-m\libc.a(lib_a-impure.o)
 .data.__malloc_av_
                0x02000430      0x408 c:/nxp/mcuxpressoide_10.2.1_795/ide/tools/bin/../lib/gcc/arm-none-eabi/7.2.1/../../../../arm-none-eabi/lib/thumb/v7-m\libc.a(lib_a-mallocr.o)
                0x02000430                __malloc_av_
 .data.__malloc_sbrk_base
                0x02000838        0x4 c:/nxp/mcuxpressoide_10.2.1_795/ide/tools/bin/../lib/gcc/arm-none-eabi/7.2.1/../../../../arm-none-eabi/lib/thumb/v7-m\libc.a(lib_a-mallocr.o)
                0x02000838                __malloc_sbrk_base
 .data.__malloc_trim_threshold
                0x0200083c        0x4 c:/nxp/mcuxpressoide_10.2.1_795/ide/tools/bin/../lib/gcc/arm-none-eabi/7.2.1/../../../../arm-none-eabi/lib/thumb/v7-m\libc.a(lib_a-mallocr.o)
                0x0200083c                __malloc_trim_threshold
 .data.__global_locale
                0x02000840      0x16c c:/nxp/mcuxpressoide_10.2.1_795/ide/tools/bin/../lib/gcc/arm-none-eabi/7.2.1/../../../../arm-none-eabi/lib/thumb/v7-m\libc.a(lib_a-locale.o)
                0x02000840                __global_locale
                0x020009ac                . = ALIGN (0x4)
                0x020009ac                _edata = .

.igot.plt       0x020009ac        0x0 load address 0x00008748
 .igot.plt      0x020009ac        0x0 ./src/ArmOS_test.o

.bss_RAM2       0x02004000        0x0
                [!provide]                PROVIDE (__start_bss_RAM2, .)
 *(.bss.$RAM2*)
 *(.bss.$Ram1_16*)
                0x02004000                . = ALIGN ((. != 0x0)?0x4:0x1)
                [!provide]                PROVIDE (__end_bss_RAM2, .)

.bss_RAM3       0x02008000        0x0
                [!provide]                PROVIDE (__start_bss_RAM3, .)
 *(.bss.$RAM3*)
 *(.bss.$Ram2_4*)
                0x02008000                . = ALIGN ((. != 0x0)?0x4:0x1)
                [!provide]                PROVIDE (__end_bss_RAM3, .)

.bss            0x020009ac      0x1c0
                0x020009ac                _bss = .
 *(.bss*)
 .bss.pxCurrentTCB
                0x020009ac        0x4 D:\1. Project\NPCXpresso10.2\FreeRTOS\Debug\libFreeRTOS.a(tasks.o)
                0x020009ac                pxCurrentTCB
 .bss.pxReadyTasksLists
                0x020009b0       0xa0 D:\1. Project\NPCXpresso10.2\FreeRTOS\Debug\libFreeRTOS.a(tasks.o)
 .bss.xDelayedTaskList1
                0x02000a50       0x14 D:\1. Project\NPCXpresso10.2\FreeRTOS\Debug\libFreeRTOS.a(tasks.o)
 .bss.xDelayedTaskList2
                0x02000a64       0x14 D:\1. Project\NPCXpresso10.2\FreeRTOS\Debug\libFreeRTOS.a(tasks.o)
 .bss.pxDelayedTaskList
                0x02000a78        0x4 D:\1. Project\NPCXpresso10.2\FreeRTOS\Debug\libFreeRTOS.a(tasks.o)
 .bss.pxOverflowDelayedTaskList
                0x02000a7c        0x4 D:\1. Project\NPCXpresso10.2\FreeRTOS\Debug\libFreeRTOS.a(tasks.o)
 .bss.xPendingReadyList
                0x02000a80       0x14 D:\1. Project\NPCXpresso10.2\FreeRTOS\Debug\libFreeRTOS.a(tasks.o)
 .bss.xTasksWaitingTermination
                0x02000a94       0x14 D:\1. Project\NPCXpresso10.2\FreeRTOS\Debug\libFreeRTOS.a(tasks.o)
 .bss.uxDeletedTasksWaitingCleanUp
                0x02000aa8        0x4 D:\1. Project\NPCXpresso10.2\FreeRTOS\Debug\libFreeRTOS.a(tasks.o)
 .bss.xSuspendedTaskList
                0x02000aac       0x14 D:\1. Project\NPCXpresso10.2\FreeRTOS\Debug\libFreeRTOS.a(tasks.o)
 .bss.uxCurrentNumberOfTasks
                0x02000ac0        0x4 D:\1. Project\NPCXpresso10.2\FreeRTOS\Debug\libFreeRTOS.a(tasks.o)
 .bss.xTickCount
                0x02000ac4        0x4 D:\1. Project\NPCXpresso10.2\FreeRTOS\Debug\libFreeRTOS.a(tasks.o)
 .bss.uxTopReadyPriority
                0x02000ac8        0x4 D:\1. Project\NPCXpresso10.2\FreeRTOS\Debug\libFreeRTOS.a(tasks.o)
 .bss.xSchedulerRunning
                0x02000acc        0x4 D:\1. Project\NPCXpresso10.2\FreeRTOS\Debug\libFreeRTOS.a(tasks.o)
 .bss.uxPendedTicks
                0x02000ad0        0x4 D:\1. Project\NPCXpresso10.2\FreeRTOS\Debug\libFreeRTOS.a(tasks.o)
 .bss.xYieldPending
                0x02000ad4        0x4 D:\1. Project\NPCXpresso10.2\FreeRTOS\Debug\libFreeRTOS.a(tasks.o)
 .bss.xNumOfOverflows
                0x02000ad8        0x4 D:\1. Project\NPCXpresso10.2\FreeRTOS\Debug\libFreeRTOS.a(tasks.o)
 .bss.uxTaskNumber
                0x02000adc        0x4 D:\1. Project\NPCXpresso10.2\FreeRTOS\Debug\libFreeRTOS.a(tasks.o)
 .bss.xNextTaskUnblockTime
                0x02000ae0        0x4 D:\1. Project\NPCXpresso10.2\FreeRTOS\Debug\libFreeRTOS.a(tasks.o)
 .bss.xIdleTaskHandle
                0x02000ae4        0x4 D:\1. Project\NPCXpresso10.2\FreeRTOS\Debug\libFreeRTOS.a(tasks.o)
 .bss.uxSchedulerSuspended
                0x02000ae8        0x4 D:\1. Project\NPCXpresso10.2\FreeRTOS\Debug\libFreeRTOS.a(tasks.o)
 .bss.__malloc_current_mallinfo
                0x02000aec       0x28 c:/nxp/mcuxpressoide_10.2.1_795/ide/tools/bin/../lib/gcc/arm-none-eabi/7.2.1/../../../../arm-none-eabi/lib/thumb/v7-m\libc.a(lib_a-mallocr.o)
                0x02000aec                __malloc_current_mallinfo
 .bss.__malloc_max_sbrked_mem
                0x02000b14        0x4 c:/nxp/mcuxpressoide_10.2.1_795/ide/tools/bin/../lib/gcc/arm-none-eabi/7.2.1/../../../../arm-none-eabi/lib/thumb/v7-m\libc.a(lib_a-mallocr.o)
                0x02000b14                __malloc_max_sbrked_mem
 .bss.__malloc_max_total_mem
                0x02000b18        0x4 c:/nxp/mcuxpressoide_10.2.1_795/ide/tools/bin/../lib/gcc/arm-none-eabi/7.2.1/../../../../arm-none-eabi/lib/thumb/v7-m\libc.a(lib_a-mallocr.o)
                0x02000b18                __malloc_max_total_mem
 .bss.__malloc_top_pad
                0x02000b1c        0x4 c:/nxp/mcuxpressoide_10.2.1_795/ide/tools/bin/../lib/gcc/arm-none-eabi/7.2.1/../../../../arm-none-eabi/lib/thumb/v7-m\libc.a(lib_a-mallocr.o)
                0x02000b1c                __malloc_top_pad
 .bss.__end_of_heap
                0x02000b20        0x4 c:/nxp/mcuxpressoide_10.2.1_795/ide/tools/bin/../lib/gcc/arm-none-eabi/7.2.1/../../../../arm-none-eabi/lib/thumb/v7-m\libcr_newlib_nohost.a(_cr_sbrk.o)
                0x02000b20                __end_of_heap
 .bss           0x02000b24       0x1c c:/nxp/mcuxpressoide_10.2.1_795/ide/tools/bin/../lib/gcc/arm-none-eabi/7.2.1/thumb/v7-m\crtbegin.o
 *(COMMON)
 COMMON         0x02000b40        0x4 D:\1. Project\NPCXpresso10.2\lpc_chip_15xx\Debug\liblpc_chip_15xx.a(chip_15xx.o)
                0x02000b40                SystemCoreClock
 COMMON         0x02000b44        0x4 c:/nxp/mcuxpressoide_10.2.1_795/ide/tools/bin/../lib/gcc/arm-none-eabi/7.2.1/../../../../arm-none-eabi/lib/thumb/v7-m\libc.a(lib_a-reent.o)
                0x02000b44                errno
 COMMON         0x02000b48       0x21 c:/nxp/mcuxpressoide_10.2.1_795/ide/tools/bin/../lib/gcc/arm-none-eabi/7.2.1/../../../../arm-none-eabi/lib/thumb/v7-m\libc.a(lib_a-lock.o)
                0x02000b48                __lock___atexit_recursive_mutex
                0x02000b4c                __lock___arc4random_mutex
                0x02000b50                __lock___env_recursive_mutex
                0x02000b54                __lock___sinit_recursive_mutex
                0x02000b58                __lock___malloc_recursive_mutex
                0x02000b5c                __lock___at_quick_exit_mutex
                0x02000b60                __lock___dd_hash_mutex
                0x02000b64                __lock___tz_mutex
                0x02000b68                __lock___sfp_recursive_mutex
                0x02000b6c                . = ALIGN (0x4)
 *fill*         0x02000b69        0x3 
                0x02000b6c                _ebss = .
                [!provide]                PROVIDE (end, .)

.noinit_RAM2    0x02004000        0x0
 *(.noinit.$RAM2*)
 *(.noinit.$Ram1_16*)
                0x02004000                . = ALIGN (0x4)

.noinit_RAM3    0x02008000        0x0
 *(.noinit.$RAM3*)
 *(.noinit.$Ram2_4*)
                0x02008000                . = ALIGN (0x4)

.noinit         0x02000b6c        0x0
                0x02000b6c                _noinit = .
 *(.noinit*)
                0x02000b6c                . = ALIGN (0x4)
                0x02000b6c                _end_noinit = .
                0x02000b6c                PROVIDE (_pvHeapStart, DEFINED (__user_heap_base)?__user_heap_base:.)
                0x02004000                PROVIDE (_vStackTop, DEFINED (__user_stack_top)?__user_stack_top:(__top_Ram0_16 - 0x0))
                0xfdffb2e2                PROVIDE (__valid_user_code_checksum, (0x0 - ((((((_vStackTop + (ResetISR + 0x1)) + (NMI_Handler + 0x1)) + (HardFault_Handler + 0x1)) + (DEFINED (MemManage_Handler)?MemManage_Handler:0x0 + 0x1)) + (DEFINED (BusFault_Handler)?BusFault_Handler:0x0 + 0x1)) + (DEFINED (UsageFault_Handler)?UsageFault_Handler:0x0 + 0x1))))
                0x00000000                _image_start = LOADADDR (.text)
                0x00008748                _image_end = (LOADADDR (.data) + SIZEOF (.data))
                0x00008748                _image_size = (_image_end - _image_start)
OUTPUT(ArmOS_test.axf elf32-littlearm)

.debug_info     0x00000000    0x11df0
 .debug_info    0x00000000     0x1114 ./src/ArmOS_test.o
 .debug_info    0x00001114      0x6c3 ./src/DigitalIoPin.o
 .debug_info    0x000017d7     0x109f ./src/cr_cpp_config.o
 .debug_info    0x00002876      0x27e ./src/cr_startup_lpc15xx.o
 .debug_info    0x00002af4      0x96c ./src/sysinit.o
 .debug_info    0x00003460     0x135e D:\1. Project\NPCXpresso10.2\lpc_board_nxp_lpcxpresso_1549\Debug\liblpc_board_nxp_lpcxpresso_1549.a(board.o)
 .debug_info    0x000047be     0x150a D:\1. Project\NPCXpresso10.2\lpc_board_nxp_lpcxpresso_1549\Debug\liblpc_board_nxp_lpcxpresso_1549.a(board_sysinit.o)
 .debug_info    0x00005cc8      0x9dd D:\1. Project\NPCXpresso10.2\lpc_chip_15xx\Debug\liblpc_chip_15xx.a(chip_15xx.o)
 .debug_info    0x000066a5      0xd9e D:\1. Project\NPCXpresso10.2\lpc_chip_15xx\Debug\liblpc_chip_15xx.a(clock_15xx.o)
 .debug_info    0x00007443      0x688 D:\1. Project\NPCXpresso10.2\lpc_chip_15xx\Debug\liblpc_chip_15xx.a(gpio_15xx.o)
 .debug_info    0x00007acb      0x279 D:\1. Project\NPCXpresso10.2\lpc_chip_15xx\Debug\liblpc_chip_15xx.a(iocon_15xx.o)
 .debug_info    0x00007d44      0x66c D:\1. Project\NPCXpresso10.2\lpc_chip_15xx\Debug\liblpc_chip_15xx.a(swm_15xx.o)
 .debug_info    0x000083b0      0x79f D:\1. Project\NPCXpresso10.2\lpc_chip_15xx\Debug\liblpc_chip_15xx.a(sysctl_15xx.o)
 .debug_info    0x00008b4f      0x789 D:\1. Project\NPCXpresso10.2\lpc_chip_15xx\Debug\liblpc_chip_15xx.a(sysinit_15xx.o)
 .debug_info    0x000092d8      0x955 D:\1. Project\NPCXpresso10.2\lpc_chip_15xx\Debug\liblpc_chip_15xx.a(uart_15xx.o)
 .debug_info    0x00009c2d     0x2591 D:\1. Project\NPCXpresso10.2\FreeRTOS\Debug\libFreeRTOS.a(tasks.o)
 .debug_info    0x0000c1be      0x9d7 D:\1. Project\NPCXpresso10.2\FreeRTOS\Debug\libFreeRTOS.a(heap_3.o)
 .debug_info    0x0000cb95      0xca4 D:\1. Project\NPCXpresso10.2\FreeRTOS\Debug\libFreeRTOS.a(port.o)
 .debug_info    0x0000d839      0xa85 D:\1. Project\NPCXpresso10.2\FreeRTOS\Debug\libFreeRTOS.a(FreeRTOSCommonHooks.o)
 .debug_info    0x0000e2be      0xb76 D:\1. Project\NPCXpresso10.2\FreeRTOS\Debug\libFreeRTOS.a(list.o)
 .debug_info    0x0000ee34      0x95f c:/nxp/mcuxpressoide_10.2.1_795/ide/tools/bin/../lib/gcc/arm-none-eabi/7.2.1/../../../../arm-none-eabi/lib/thumb/v7-m\libcr_newlib_nohost.a(_cr_sbrk.o)
 .debug_info    0x0000f793      0x8f0 c:/nxp/mcuxpressoide_10.2.1_795/ide/tools/bin/../lib/gcc/arm-none-eabi/7.2.1/../../../../arm-none-eabi/lib/thumb/v7-m\libcr_newlib_nohost.a(close.o)
 .debug_info    0x00010083      0xb07 c:/nxp/mcuxpressoide_10.2.1_795/ide/tools/bin/../lib/gcc/arm-none-eabi/7.2.1/../../../../arm-none-eabi/lib/thumb/v7-m\libcr_newlib_nohost.a(fstat.o)
 .debug_info    0x00010b8a      0x8f0 c:/nxp/mcuxpressoide_10.2.1_795/ide/tools/bin/../lib/gcc/arm-none-eabi/7.2.1/../../../../arm-none-eabi/lib/thumb/v7-m\libcr_newlib_nohost.a(isatty.o)
 .debug_info    0x0001147a      0x90c c:/nxp/mcuxpressoide_10.2.1_795/ide/tools/bin/../lib/gcc/arm-none-eabi/7.2.1/../../../../arm-none-eabi/lib/thumb/v7-m\libcr_newlib_nohost.a(lseek.o)
 .debug_info    0x00011d86       0x6a c:/nxp/mcuxpressoide_10.2.1_795/ide/tools/bin/../lib/gcc/arm-none-eabi/7.2.1/../../../../arm-none-eabi/lib/thumb/v7-m\libcr_newlib_nohost.a(_cr_check_heap.o)

.debug_abbrev   0x00000000     0x35fa
 .debug_abbrev  0x00000000      0x2ad ./src/ArmOS_test.o
 .debug_abbrev  0x000002ad      0x2da ./src/DigitalIoPin.o
 .debug_abbrev  0x00000587      0x32c ./src/cr_cpp_config.o
 .debug_abbrev  0x000008b3      0x106 ./src/cr_startup_lpc15xx.o
 .debug_abbrev  0x000009b9      0x1b1 ./src/sysinit.o
 .debug_abbrev  0x00000b6a      0x32b D:\1. Project\NPCXpresso10.2\lpc_board_nxp_lpcxpresso_1549\Debug\liblpc_board_nxp_lpcxpresso_1549.a(board.o)
 .debug_abbrev  0x00000e95      0x2fa D:\1. Project\NPCXpresso10.2\lpc_board_nxp_lpcxpresso_1549\Debug\liblpc_board_nxp_lpcxpresso_1549.a(board_sysinit.o)
 .debug_abbrev  0x0000118f      0x1c0 D:\1. Project\NPCXpresso10.2\lpc_chip_15xx\Debug\liblpc_chip_15xx.a(chip_15xx.o)
 .debug_abbrev  0x0000134f      0x2ac D:\1. Project\NPCXpresso10.2\lpc_chip_15xx\Debug\liblpc_chip_15xx.a(clock_15xx.o)
 .debug_abbrev  0x000015fb      0x188 D:\1. Project\NPCXpresso10.2\lpc_chip_15xx\Debug\liblpc_chip_15xx.a(gpio_15xx.o)
 .debug_abbrev  0x00001783      0x144 D:\1. Project\NPCXpresso10.2\lpc_chip_15xx\Debug\liblpc_chip_15xx.a(iocon_15xx.o)
 .debug_abbrev  0x000018c7      0x165 D:\1. Project\NPCXpresso10.2\lpc_chip_15xx\Debug\liblpc_chip_15xx.a(swm_15xx.o)
 .debug_abbrev  0x00001a2c      0x13a D:\1. Project\NPCXpresso10.2\lpc_chip_15xx\Debug\liblpc_chip_15xx.a(sysctl_15xx.o)
 .debug_abbrev  0x00001b66      0x1b5 D:\1. Project\NPCXpresso10.2\lpc_chip_15xx\Debug\liblpc_chip_15xx.a(sysinit_15xx.o)
 .debug_abbrev  0x00001d1b      0x1fa D:\1. Project\NPCXpresso10.2\lpc_chip_15xx\Debug\liblpc_chip_15xx.a(uart_15xx.o)
 .debug_abbrev  0x00001f15      0x398 D:\1. Project\NPCXpresso10.2\FreeRTOS\Debug\libFreeRTOS.a(tasks.o)
 .debug_abbrev  0x000022ad      0x214 D:\1. Project\NPCXpresso10.2\FreeRTOS\Debug\libFreeRTOS.a(heap_3.o)
 .debug_abbrev  0x000024c1      0x31d D:\1. Project\NPCXpresso10.2\FreeRTOS\Debug\libFreeRTOS.a(port.o)
 .debug_abbrev  0x000027de      0x26f D:\1. Project\NPCXpresso10.2\FreeRTOS\Debug\libFreeRTOS.a(FreeRTOSCommonHooks.o)
 .debug_abbrev  0x00002a4d      0x205 D:\1. Project\NPCXpresso10.2\FreeRTOS\Debug\libFreeRTOS.a(list.o)
 .debug_abbrev  0x00002c52      0x223 c:/nxp/mcuxpressoide_10.2.1_795/ide/tools/bin/../lib/gcc/arm-none-eabi/7.2.1/../../../../arm-none-eabi/lib/thumb/v7-m\libcr_newlib_nohost.a(_cr_sbrk.o)
 .debug_abbrev  0x00002e75      0x1bd c:/nxp/mcuxpressoide_10.2.1_795/ide/tools/bin/../lib/gcc/arm-none-eabi/7.2.1/../../../../arm-none-eabi/lib/thumb/v7-m\libcr_newlib_nohost.a(close.o)
 .debug_abbrev  0x00003032      0x1ce c:/nxp/mcuxpressoide_10.2.1_795/ide/tools/bin/../lib/gcc/arm-none-eabi/7.2.1/../../../../arm-none-eabi/lib/thumb/v7-m\libcr_newlib_nohost.a(fstat.o)
 .debug_abbrev  0x00003200      0x1bd c:/nxp/mcuxpressoide_10.2.1_795/ide/tools/bin/../lib/gcc/arm-none-eabi/7.2.1/../../../../arm-none-eabi/lib/thumb/v7-m\libcr_newlib_nohost.a(isatty.o)
 .debug_abbrev  0x000033bd      0x1db c:/nxp/mcuxpressoide_10.2.1_795/ide/tools/bin/../lib/gcc/arm-none-eabi/7.2.1/../../../../arm-none-eabi/lib/thumb/v7-m\libcr_newlib_nohost.a(lseek.o)
 .debug_abbrev  0x00003598       0x62 c:/nxp/mcuxpressoide_10.2.1_795/ide/tools/bin/../lib/gcc/arm-none-eabi/7.2.1/../../../../arm-none-eabi/lib/thumb/v7-m\libcr_newlib_nohost.a(_cr_check_heap.o)

.debug_aranges  0x00000000      0xa50
 .debug_aranges
                0x00000000       0x48 ./src/ArmOS_test.o
 .debug_aranges
                0x00000048       0x68 ./src/DigitalIoPin.o
 .debug_aranges
                0x000000b0       0x48 ./src/cr_cpp_config.o
 .debug_aranges
                0x000000f8       0x80 ./src/cr_startup_lpc15xx.o
 .debug_aranges
                0x00000178       0x20 ./src/sysinit.o
 .debug_aranges
                0x00000198       0xd0 D:\1. Project\NPCXpresso10.2\lpc_board_nxp_lpcxpresso_1549\Debug\liblpc_board_nxp_lpcxpresso_1549.a(board.o)
 .debug_aranges
                0x00000268       0x60 D:\1. Project\NPCXpresso10.2\lpc_board_nxp_lpcxpresso_1549\Debug\liblpc_board_nxp_lpcxpresso_1549.a(board_sysinit.o)
 .debug_aranges
                0x000002c8       0x50 D:\1. Project\NPCXpresso10.2\lpc_chip_15xx\Debug\liblpc_chip_15xx.a(chip_15xx.o)
 .debug_aranges
                0x00000318      0x128 D:\1. Project\NPCXpresso10.2\lpc_chip_15xx\Debug\liblpc_chip_15xx.a(clock_15xx.o)
 .debug_aranges
                0x00000440       0x70 D:\1. Project\NPCXpresso10.2\lpc_chip_15xx\Debug\liblpc_chip_15xx.a(gpio_15xx.o)
 .debug_aranges
                0x000004b0       0x28 D:\1. Project\NPCXpresso10.2\lpc_chip_15xx\Debug\liblpc_chip_15xx.a(iocon_15xx.o)
 .debug_aranges
                0x000004d8       0x40 D:\1. Project\NPCXpresso10.2\lpc_chip_15xx\Debug\liblpc_chip_15xx.a(swm_15xx.o)
 .debug_aranges
                0x00000518       0x50 D:\1. Project\NPCXpresso10.2\lpc_chip_15xx\Debug\liblpc_chip_15xx.a(sysctl_15xx.o)
 .debug_aranges
                0x00000568       0x58 D:\1. Project\NPCXpresso10.2\lpc_chip_15xx\Debug\liblpc_chip_15xx.a(sysinit_15xx.o)
 .debug_aranges
                0x000005c0       0xc8 D:\1. Project\NPCXpresso10.2\lpc_chip_15xx\Debug\liblpc_chip_15xx.a(uart_15xx.o)
 .debug_aranges
                0x00000688      0x1f0 D:\1. Project\NPCXpresso10.2\FreeRTOS\Debug\libFreeRTOS.a(tasks.o)
 .debug_aranges
                0x00000878       0x28 D:\1. Project\NPCXpresso10.2\FreeRTOS\Debug\libFreeRTOS.a(heap_3.o)
 .debug_aranges
                0x000008a0       0x70 D:\1. Project\NPCXpresso10.2\FreeRTOS\Debug\libFreeRTOS.a(port.o)
 .debug_aranges
                0x00000910       0x40 D:\1. Project\NPCXpresso10.2\FreeRTOS\Debug\libFreeRTOS.a(FreeRTOSCommonHooks.o)
 .debug_aranges
                0x00000950       0x40 D:\1. Project\NPCXpresso10.2\FreeRTOS\Debug\libFreeRTOS.a(list.o)
 .debug_aranges
                0x00000990       0x20 c:/nxp/mcuxpressoide_10.2.1_795/ide/tools/bin/../lib/gcc/arm-none-eabi/7.2.1/../../../../arm-none-eabi/lib/thumb/v7-m\libcr_newlib_nohost.a(_cr_sbrk.o)
 .debug_aranges
                0x000009b0       0x20 c:/nxp/mcuxpressoide_10.2.1_795/ide/tools/bin/../lib/gcc/arm-none-eabi/7.2.1/../../../../arm-none-eabi/lib/thumb/v7-m\libcr_newlib_nohost.a(close.o)
 .debug_aranges
                0x000009d0       0x20 c:/nxp/mcuxpressoide_10.2.1_795/ide/tools/bin/../lib/gcc/arm-none-eabi/7.2.1/../../../../arm-none-eabi/lib/thumb/v7-m\libcr_newlib_nohost.a(fstat.o)
 .debug_aranges
                0x000009f0       0x20 c:/nxp/mcuxpressoide_10.2.1_795/ide/tools/bin/../lib/gcc/arm-none-eabi/7.2.1/../../../../arm-none-eabi/lib/thumb/v7-m\libcr_newlib_nohost.a(isatty.o)
 .debug_aranges
                0x00000a10       0x20 c:/nxp/mcuxpressoide_10.2.1_795/ide/tools/bin/../lib/gcc/arm-none-eabi/7.2.1/../../../../arm-none-eabi/lib/thumb/v7-m\libcr_newlib_nohost.a(lseek.o)
 .debug_aranges
                0x00000a30       0x20 c:/nxp/mcuxpressoide_10.2.1_795/ide/tools/bin/../lib/gcc/arm-none-eabi/7.2.1/../../../../arm-none-eabi/lib/thumb/v7-m\libcr_newlib_nohost.a(_cr_check_heap.o)

.debug_ranges   0x00000000      0x8c8
 .debug_ranges  0x00000000       0x38 ./src/ArmOS_test.o
 .debug_ranges  0x00000038       0x58 ./src/DigitalIoPin.o
 .debug_ranges  0x00000090       0x38 ./src/cr_cpp_config.o
 .debug_ranges  0x000000c8       0x70 ./src/cr_startup_lpc15xx.o
 .debug_ranges  0x00000138       0x10 ./src/sysinit.o
 .debug_ranges  0x00000148       0xd8 D:\1. Project\NPCXpresso10.2\lpc_board_nxp_lpcxpresso_1549\Debug\liblpc_board_nxp_lpcxpresso_1549.a(board.o)
 .debug_ranges  0x00000220       0x50 D:\1. Project\NPCXpresso10.2\lpc_board_nxp_lpcxpresso_1549\Debug\liblpc_board_nxp_lpcxpresso_1549.a(board_sysinit.o)
 .debug_ranges  0x00000270       0x40 D:\1. Project\NPCXpresso10.2\lpc_chip_15xx\Debug\liblpc_chip_15xx.a(chip_15xx.o)
 .debug_ranges  0x000002b0      0x118 D:\1. Project\NPCXpresso10.2\lpc_chip_15xx\Debug\liblpc_chip_15xx.a(clock_15xx.o)
 .debug_ranges  0x000003c8       0x60 D:\1. Project\NPCXpresso10.2\lpc_chip_15xx\Debug\liblpc_chip_15xx.a(gpio_15xx.o)
 .debug_ranges  0x00000428       0x18 D:\1. Project\NPCXpresso10.2\lpc_chip_15xx\Debug\liblpc_chip_15xx.a(iocon_15xx.o)
 .debug_ranges  0x00000440       0x30 D:\1. Project\NPCXpresso10.2\lpc_chip_15xx\Debug\liblpc_chip_15xx.a(swm_15xx.o)
 .debug_ranges  0x00000470       0x40 D:\1. Project\NPCXpresso10.2\lpc_chip_15xx\Debug\liblpc_chip_15xx.a(sysctl_15xx.o)
 .debug_ranges  0x000004b0       0x48 D:\1. Project\NPCXpresso10.2\lpc_chip_15xx\Debug\liblpc_chip_15xx.a(sysinit_15xx.o)
 .debug_ranges  0x000004f8       0xb8 D:\1. Project\NPCXpresso10.2\lpc_chip_15xx\Debug\liblpc_chip_15xx.a(uart_15xx.o)
 .debug_ranges  0x000005b0      0x1e0 D:\1. Project\NPCXpresso10.2\FreeRTOS\Debug\libFreeRTOS.a(tasks.o)
 .debug_ranges  0x00000790       0x18 D:\1. Project\NPCXpresso10.2\FreeRTOS\Debug\libFreeRTOS.a(heap_3.o)
 .debug_ranges  0x000007a8       0x60 D:\1. Project\NPCXpresso10.2\FreeRTOS\Debug\libFreeRTOS.a(port.o)
 .debug_ranges  0x00000808       0x30 D:\1. Project\NPCXpresso10.2\FreeRTOS\Debug\libFreeRTOS.a(FreeRTOSCommonHooks.o)
 .debug_ranges  0x00000838       0x30 D:\1. Project\NPCXpresso10.2\FreeRTOS\Debug\libFreeRTOS.a(list.o)
 .debug_ranges  0x00000868       0x10 c:/nxp/mcuxpressoide_10.2.1_795/ide/tools/bin/../lib/gcc/arm-none-eabi/7.2.1/../../../../arm-none-eabi/lib/thumb/v7-m\libcr_newlib_nohost.a(_cr_sbrk.o)
 .debug_ranges  0x00000878       0x10 c:/nxp/mcuxpressoide_10.2.1_795/ide/tools/bin/../lib/gcc/arm-none-eabi/7.2.1/../../../../arm-none-eabi/lib/thumb/v7-m\libcr_newlib_nohost.a(close.o)
 .debug_ranges  0x00000888       0x10 c:/nxp/mcuxpressoide_10.2.1_795/ide/tools/bin/../lib/gcc/arm-none-eabi/7.2.1/../../../../arm-none-eabi/lib/thumb/v7-m\libcr_newlib_nohost.a(fstat.o)
 .debug_ranges  0x00000898       0x10 c:/nxp/mcuxpressoide_10.2.1_795/ide/tools/bin/../lib/gcc/arm-none-eabi/7.2.1/../../../../arm-none-eabi/lib/thumb/v7-m\libcr_newlib_nohost.a(isatty.o)
 .debug_ranges  0x000008a8       0x10 c:/nxp/mcuxpressoide_10.2.1_795/ide/tools/bin/../lib/gcc/arm-none-eabi/7.2.1/../../../../arm-none-eabi/lib/thumb/v7-m\libcr_newlib_nohost.a(lseek.o)
 .debug_ranges  0x000008b8       0x10 c:/nxp/mcuxpressoide_10.2.1_795/ide/tools/bin/../lib/gcc/arm-none-eabi/7.2.1/../../../../arm-none-eabi/lib/thumb/v7-m\libcr_newlib_nohost.a(_cr_check_heap.o)

.debug_macro    0x00000000     0xbbc2
 .debug_macro   0x00000000      0x40e ./src/ArmOS_test.o
 .debug_macro   0x0000040e      0xb20 ./src/ArmOS_test.o
 .debug_macro   0x00000f2e       0x1c ./src/ArmOS_test.o
 .debug_macro   0x00000f4a       0x22 ./src/ArmOS_test.o
 .debug_macro   0x00000f6c       0x4f ./src/ArmOS_test.o
 .debug_macro   0x00000fbb       0x51 ./src/ArmOS_test.o
 .debug_macro   0x0000100c       0xef ./src/ArmOS_test.o
 .debug_macro   0x000010fb       0x6a ./src/ArmOS_test.o
 .debug_macro   0x00001165      0x1df ./src/ArmOS_test.o
 .debug_macro   0x00001344       0x16 ./src/ArmOS_test.o
 .debug_macro   0x0000135a       0x7b ./src/ArmOS_test.o
 .debug_macro   0x000013d5       0x10 ./src/ArmOS_test.o
 .debug_macro   0x000013e5       0x2d ./src/ArmOS_test.o
 .debug_macro   0x00001412       0x3a ./src/ArmOS_test.o
 .debug_macro   0x0000144c       0x2d ./src/ArmOS_test.o
 .debug_macro   0x00001479      0xa7d ./src/ArmOS_test.o
 .debug_macro   0x00001ef6      0x1b4 ./src/ArmOS_test.o
 .debug_macro   0x000020aa       0xca ./src/ArmOS_test.o
 .debug_macro   0x00002174       0x18 ./src/ArmOS_test.o
 .debug_macro   0x0000218c       0xb2 ./src/ArmOS_test.o
 .debug_macro   0x0000223e       0x70 ./src/ArmOS_test.o
 .debug_macro   0x000022ae       0x46 ./src/ArmOS_test.o
 .debug_macro   0x000022f4       0xd0 ./src/ArmOS_test.o
 .debug_macro   0x000023c4       0x40 ./src/ArmOS_test.o
 .debug_macro   0x00002404      0x233 ./src/ArmOS_test.o
 .debug_macro   0x00002637       0x16 ./src/ArmOS_test.o
 .debug_macro   0x0000264d       0x88 ./src/ArmOS_test.o
 .debug_macro   0x000026d5       0x34 ./src/ArmOS_test.o
 .debug_macro   0x00002709       0x6a ./src/ArmOS_test.o
 .debug_macro   0x00002773       0x40 ./src/ArmOS_test.o
 .debug_macro   0x000027b3       0x1c ./src/ArmOS_test.o
 .debug_macro   0x000027cf       0x16 ./src/ArmOS_test.o
 .debug_macro   0x000027e5      0x10c ./src/ArmOS_test.o
 .debug_macro   0x000028f1      0x2a9 ./src/ArmOS_test.o
 .debug_macro   0x00002b9a       0x76 ./src/ArmOS_test.o
 .debug_macro   0x00002c10       0x22 ./src/ArmOS_test.o
 .debug_macro   0x00002c32      0x152 ./src/ArmOS_test.o
 .debug_macro   0x00002d84       0x82 ./src/ArmOS_test.o
 .debug_macro   0x00002e06       0xe6 ./src/ArmOS_test.o
 .debug_macro   0x00002eec       0x3a ./src/ArmOS_test.o
 .debug_macro   0x00002f26       0x34 ./src/ArmOS_test.o
 .debug_macro   0x00002f5a       0x10 ./src/ArmOS_test.o
 .debug_macro   0x00002f6a       0x76 ./src/ArmOS_test.o
 .debug_macro   0x00002fe0       0x58 ./src/ArmOS_test.o
 .debug_macro   0x00003038      0x2ca ./src/ArmOS_test.o
 .debug_macro   0x00003302      0x22b ./src/ArmOS_test.o
 .debug_macro   0x0000352d       0x2e ./src/ArmOS_test.o
 .debug_macro   0x0000355b       0x34 ./src/ArmOS_test.o
 .debug_macro   0x0000358f       0x58 ./src/ArmOS_test.o
 .debug_macro   0x000035e7       0x17 ./src/ArmOS_test.o
 .debug_macro   0x000035fe       0x35 ./src/ArmOS_test.o
 .debug_macro   0x00003633       0x9c ./src/ArmOS_test.o
 .debug_macro   0x000036cf       0x16 ./src/ArmOS_test.o
 .debug_macro   0x000036e5       0x97 ./src/ArmOS_test.o
 .debug_macro   0x0000377c      0x353 ./src/ArmOS_test.o
 .debug_macro   0x00003acf      0x104 ./src/ArmOS_test.o
 .debug_macro   0x00003bd3       0x10 ./src/ArmOS_test.o
 .debug_macro   0x00003be3       0x58 ./src/ArmOS_test.o
 .debug_macro   0x00003c3b       0x1f ./src/ArmOS_test.o
 .debug_macro   0x00003c5a       0x43 ./src/ArmOS_test.o
 .debug_macro   0x00003c9d       0x20 ./src/ArmOS_test.o
 .debug_macro   0x00003cbd      0x18e ./src/ArmOS_test.o
 .debug_macro   0x00003e4b       0x10 ./src/ArmOS_test.o
 .debug_macro   0x00003e5b       0xb6 ./src/ArmOS_test.o
 .debug_macro   0x00003f11       0x16 ./src/ArmOS_test.o
 .debug_macro   0x00003f27      0x114 ./src/ArmOS_test.o
 .debug_macro   0x0000403b       0x20 ./src/ArmOS_test.o
 .debug_macro   0x0000405b       0x82 ./src/ArmOS_test.o
 .debug_macro   0x000040dd      0x118 ./src/ArmOS_test.o
 .debug_macro   0x000041f5      0x15a ./src/ArmOS_test.o
 .debug_macro   0x0000434f       0xd6 ./src/ArmOS_test.o
 .debug_macro   0x00004425       0x10 ./src/ArmOS_test.o
 .debug_macro   0x00004435       0x1f ./src/ArmOS_test.o
 .debug_macro   0x00004454       0x16 ./src/ArmOS_test.o
 .debug_macro   0x0000446a       0x35 ./src/ArmOS_test.o
 .debug_macro   0x0000449f      0x46b ./src/ArmOS_test.o
 .debug_macro   0x0000490a       0xb5 ./src/ArmOS_test.o
 .debug_macro   0x000049bf       0x8c ./src/ArmOS_test.o
 .debug_macro   0x00004a4b      0x26f ./src/DigitalIoPin.o
 .debug_macro   0x00004cba      0x137 ./src/cr_cpp_config.o
 .debug_macro   0x00004df1      0x168 ./src/cr_cpp_config.o
 .debug_macro   0x00004f59       0x10 ./src/cr_cpp_config.o
 .debug_macro   0x00004f69      0x3f4 ./src/cr_cpp_config.o
 .debug_macro   0x0000535d       0x10 ./src/cr_cpp_config.o
 .debug_macro   0x0000536d       0x52 ./src/cr_cpp_config.o
 .debug_macro   0x000053bf       0x55 ./src/cr_cpp_config.o
 .debug_macro   0x00005414       0x16 ./src/cr_cpp_config.o
 .debug_macro   0x0000542a      0x10e ./src/cr_cpp_config.o
 .debug_macro   0x00005538       0x94 ./src/cr_cpp_config.o
 .debug_macro   0x000055cc       0x57 ./src/cr_cpp_config.o
 .debug_macro   0x00005623       0x22 ./src/cr_cpp_config.o
 .debug_macro   0x00005645       0x1c ./src/cr_cpp_config.o
 .debug_macro   0x00005661       0xde ./src/cr_cpp_config.o
 .debug_macro   0x0000573f       0x23 ./src/cr_startup_lpc15xx.o
 .debug_macro   0x00005762      0x3dd ./src/sysinit.o
 .debug_macro   0x00005b3f       0x87 ./src/sysinit.o
 .debug_macro   0x00005bc6       0x22 ./src/sysinit.o
 .debug_macro   0x00005be8      0xa7d ./src/sysinit.o
 .debug_macro   0x00006665       0x9c ./src/sysinit.o
 .debug_macro   0x00006701       0x97 ./src/sysinit.o
 .debug_macro   0x00006798      0x330 ./src/sysinit.o
 .debug_macro   0x00006ac8       0xfd ./src/sysinit.o
 .debug_macro   0x00006bc5       0x43 ./src/sysinit.o
 .debug_macro   0x00006c08       0x1c ./src/sysinit.o
 .debug_macro   0x00006c24       0x52 ./src/sysinit.o
 .debug_macro   0x00006c76       0x40 ./src/sysinit.o
 .debug_macro   0x00006cb6       0x10 ./src/sysinit.o
 .debug_macro   0x00006cc6       0x40 ./src/sysinit.o
 .debug_macro   0x00006d06       0xd7 ./src/sysinit.o
 .debug_macro   0x00006ddd       0x1c ./src/sysinit.o
 .debug_macro   0x00006df9       0x3d ./src/sysinit.o
 .debug_macro   0x00006e36      0x16f ./src/sysinit.o
 .debug_macro   0x00006fa5      0x3f3 D:\1. Project\NPCXpresso10.2\lpc_board_nxp_lpcxpresso_1549\Debug\liblpc_board_nxp_lpcxpresso_1549.a(board.o)
 .debug_macro   0x00007398      0xa6c D:\1. Project\NPCXpresso10.2\lpc_board_nxp_lpcxpresso_1549\Debug\liblpc_board_nxp_lpcxpresso_1549.a(board.o)
 .debug_macro   0x00007e04       0x12 D:\1. Project\NPCXpresso10.2\lpc_board_nxp_lpcxpresso_1549\Debug\liblpc_board_nxp_lpcxpresso_1549.a(board.o)
 .debug_macro   0x00007e16      0x414 D:\1. Project\NPCXpresso10.2\lpc_board_nxp_lpcxpresso_1549\Debug\liblpc_board_nxp_lpcxpresso_1549.a(board_sysinit.o)
 .debug_macro   0x0000822a       0x16 D:\1. Project\NPCXpresso10.2\lpc_board_nxp_lpcxpresso_1549\Debug\liblpc_board_nxp_lpcxpresso_1549.a(board_sysinit.o)
 .debug_macro   0x00008240       0x35 D:\1. Project\NPCXpresso10.2\lpc_board_nxp_lpcxpresso_1549\Debug\liblpc_board_nxp_lpcxpresso_1549.a(board_sysinit.o)
 .debug_macro   0x00008275      0x260 D:\1. Project\NPCXpresso10.2\lpc_chip_15xx\Debug\liblpc_chip_15xx.a(chip_15xx.o)
 .debug_macro   0x000084d5      0x260 D:\1. Project\NPCXpresso10.2\lpc_chip_15xx\Debug\liblpc_chip_15xx.a(clock_15xx.o)
 .debug_macro   0x00008735      0x260 D:\1. Project\NPCXpresso10.2\lpc_chip_15xx\Debug\liblpc_chip_15xx.a(gpio_15xx.o)
 .debug_macro   0x00008995      0x260 D:\1. Project\NPCXpresso10.2\lpc_chip_15xx\Debug\liblpc_chip_15xx.a(iocon_15xx.o)
 .debug_macro   0x00008bf5      0x26c D:\1. Project\NPCXpresso10.2\lpc_chip_15xx\Debug\liblpc_chip_15xx.a(swm_15xx.o)
 .debug_macro   0x00008e61      0x278 D:\1. Project\NPCXpresso10.2\lpc_chip_15xx\Debug\liblpc_chip_15xx.a(sysctl_15xx.o)
 .debug_macro   0x000090d9      0x260 D:\1. Project\NPCXpresso10.2\lpc_chip_15xx\Debug\liblpc_chip_15xx.a(sysinit_15xx.o)
 .debug_macro   0x00009339      0x260 D:\1. Project\NPCXpresso10.2\lpc_chip_15xx\Debug\liblpc_chip_15xx.a(uart_15xx.o)
 .debug_macro   0x00009599      0x574 D:\1. Project\NPCXpresso10.2\FreeRTOS\Debug\libFreeRTOS.a(tasks.o)
 .debug_macro   0x00009b0d      0xa72 D:\1. Project\NPCXpresso10.2\FreeRTOS\Debug\libFreeRTOS.a(tasks.o)
 .debug_macro   0x0000a57f      0x10e D:\1. Project\NPCXpresso10.2\FreeRTOS\Debug\libFreeRTOS.a(tasks.o)
 .debug_macro   0x0000a68d       0x8d D:\1. Project\NPCXpresso10.2\FreeRTOS\Debug\libFreeRTOS.a(tasks.o)
 .debug_macro   0x0000a71a       0x16 D:\1. Project\NPCXpresso10.2\FreeRTOS\Debug\libFreeRTOS.a(tasks.o)
 .debug_macro   0x0000a730       0x29 D:\1. Project\NPCXpresso10.2\FreeRTOS\Debug\libFreeRTOS.a(tasks.o)
 .debug_macro   0x0000a759       0x11 D:\1. Project\NPCXpresso10.2\FreeRTOS\Debug\libFreeRTOS.a(tasks.o)
 .debug_macro   0x0000a76a       0x1c D:\1. Project\NPCXpresso10.2\FreeRTOS\Debug\libFreeRTOS.a(tasks.o)
 .debug_macro   0x0000a786      0x112 D:\1. Project\NPCXpresso10.2\FreeRTOS\Debug\libFreeRTOS.a(tasks.o)
 .debug_macro   0x0000a898       0x91 D:\1. Project\NPCXpresso10.2\FreeRTOS\Debug\libFreeRTOS.a(tasks.o)
 .debug_macro   0x0000a929       0x10 D:\1. Project\NPCXpresso10.2\FreeRTOS\Debug\libFreeRTOS.a(tasks.o)
 .debug_macro   0x0000a939       0x16 D:\1. Project\NPCXpresso10.2\FreeRTOS\Debug\libFreeRTOS.a(tasks.o)
 .debug_macro   0x0000a94f      0x491 D:\1. Project\NPCXpresso10.2\FreeRTOS\Debug\libFreeRTOS.a(heap_3.o)
 .debug_macro   0x0000ade0      0x4ff D:\1. Project\NPCXpresso10.2\FreeRTOS\Debug\libFreeRTOS.a(port.o)
 .debug_macro   0x0000b2df      0x46d D:\1. Project\NPCXpresso10.2\FreeRTOS\Debug\libFreeRTOS.a(FreeRTOSCommonHooks.o)
 .debug_macro   0x0000b74c      0x476 D:\1. Project\NPCXpresso10.2\FreeRTOS\Debug\libFreeRTOS.a(list.o)

.debug_line     0x00000000     0x91cd
 .debug_line    0x00000000      0x88f ./src/ArmOS_test.o
 .debug_line    0x0000088f      0x5b6 ./src/DigitalIoPin.o
 .debug_line    0x00000e45      0x3e2 ./src/cr_cpp_config.o
 .debug_line    0x00001227       0xd5 ./src/cr_startup_lpc15xx.o
 .debug_line    0x000012fc      0x659 ./src/sysinit.o