Archive member included to satisfy reference by file (symbol)

D:\1. Project\NPCXpresso10.2\lpc_board_nxp_lpcxpresso_1549\Debug\liblpc_board_nxp_lpcxpresso_1549.a(board.o)
                              ./src/ArmOS_lab2_ex3.o (Board_UARTPutChar)
D:\1. Project\NPCXpresso10.2\lpc_board_nxp_lpcxpresso_1549\Debug\liblpc_board_nxp_lpcxpresso_1549.a(board_sysinit.o)
                              ./src/sysinit.o (Board_SystemInit)
D:\1. Project\NPCXpresso10.2\lpc_chip_15xx\Debug\liblpc_chip_15xx.a(chip_15xx.o)
                              ./src/ArmOS_lab2_ex3.o (SystemCoreClockUpdate)
D:\1. Project\NPCXpresso10.2\lpc_chip_15xx\Debug\liblpc_chip_15xx.a(clock_15xx.o)
                              D:\1. Project\NPCXpresso10.2\lpc_board_nxp_lpcxpresso_1549\Debug\liblpc_board_nxp_lpcxpresso_1549.a(board.o) (Chip_Clock_GetMainClockRate)
D:\1. Project\NPCXpresso10.2\lpc_chip_15xx\Debug\liblpc_chip_15xx.a(gpio_15xx.o)
                              D:\1. Project\NPCXpresso10.2\lpc_board_nxp_lpcxpresso_1549\Debug\liblpc_board_nxp_lpcxpresso_1549.a(board.o) (Chip_GPIO_Init)
D:\1. Project\NPCXpresso10.2\lpc_chip_15xx\Debug\liblpc_chip_15xx.a(iocon_15xx.o)
                              D:\1. Project\NPCXpresso10.2\lpc_board_nxp_lpcxpresso_1549\Debug\liblpc_board_nxp_lpcxpresso_1549.a(board_sysinit.o) (Chip_IOCON_SetPinMuxing)
D:\1. Project\NPCXpresso10.2\lpc_chip_15xx\Debug\liblpc_chip_15xx.a(sct_15xx.o)
                              ./src/ArmOS_lab2_ex3.o (Chip_SCT_Init)
D:\1. Project\NPCXpresso10.2\lpc_chip_15xx\Debug\liblpc_chip_15xx.a(swm_15xx.o)
                              D:\1. Project\NPCXpresso10.2\lpc_board_nxp_lpcxpresso_1549\Debug\liblpc_board_nxp_lpcxpresso_1549.a(board.o) (Chip_SWM_MovablePinAssign)
D:\1. Project\NPCXpresso10.2\lpc_chip_15xx\Debug\liblpc_chip_15xx.a(sysctl_15xx.o)
                              D:\1. Project\NPCXpresso10.2\lpc_board_nxp_lpcxpresso_1549\Debug\liblpc_board_nxp_lpcxpresso_1549.a(board_sysinit.o) (Chip_SYSCTL_AssertPeriphReset)
D:\1. Project\NPCXpresso10.2\lpc_chip_15xx\Debug\liblpc_chip_15xx.a(sysinit_15xx.o)
                              D:\1. Project\NPCXpresso10.2\lpc_board_nxp_lpcxpresso_1549\Debug\liblpc_board_nxp_lpcxpresso_1549.a(board_sysinit.o) (Chip_SetupXtalClocking)
D:\1. Project\NPCXpresso10.2\lpc_chip_15xx\Debug\liblpc_chip_15xx.a(uart_15xx.o)
                              D:\1. Project\NPCXpresso10.2\lpc_board_nxp_lpcxpresso_1549\Debug\liblpc_board_nxp_lpcxpresso_1549.a(board.o) (Chip_UART_Init)
D:\1. Project\NPCXpresso10.2\lpc_chip_15xx\Debug\liblpc_chip_15xx.a(ring_buffer.o)
                              D:\1. Project\NPCXpresso10.2\lpc_chip_15xx\Debug\liblpc_chip_15xx.a(uart_15xx.o) (RingBuffer_Insert)
D:\1. Project\NPCXpresso10.2\FreeRTOS\Debug\libFreeRTOS.a(queue.o)
                              ./src/ArmOS_lab2_ex3.o (xQueueGenericSend)
D:\1. Project\NPCXpresso10.2\FreeRTOS\Debug\libFreeRTOS.a(tasks.o)
                              ./src/ArmOS_lab2_ex3.o (xTaskCreate)
D:\1. Project\NPCXpresso10.2\FreeRTOS\Debug\libFreeRTOS.a(heap_3.o)
                              D:\1. Project\NPCXpresso10.2\FreeRTOS\Debug\libFreeRTOS.a(queue.o) (pvPortMalloc)
D:\1. Project\NPCXpresso10.2\FreeRTOS\Debug\libFreeRTOS.a(port.o)
                              D:\1. Project\NPCXpresso10.2\FreeRTOS\Debug\libFreeRTOS.a(tasks.o) (pxPortInitialiseStack)
D:\1. Project\NPCXpresso10.2\FreeRTOS\Debug\libFreeRTOS.a(FreeRTOSCommonHooks.o)
                              D:\1. Project\NPCXpresso10.2\FreeRTOS\Debug\libFreeRTOS.a(heap_3.o) (vApplicationMallocFailedHook)
D:\1. Project\NPCXpresso10.2\FreeRTOS\Debug\libFreeRTOS.a(list.o)
                              D:\1. Project\NPCXpresso10.2\FreeRTOS\Debug\libFreeRTOS.a(queue.o) (vListInitialise)
c:/nxp/mcuxpressoide_10.2.1_795/ide/tools/bin/../lib/gcc/arm-none-eabi/7.2.1/thumb/v7-m\libgcc.a(_aeabi_uldivmod.o)
                              D:\1. Project\NPCXpresso10.2\lpc_chip_15xx\Debug\liblpc_chip_15xx.a(clock_15xx.o) (__aeabi_uldivmod)
c:/nxp/mcuxpressoide_10.2.1_795/ide/tools/bin/../lib/gcc/arm-none-eabi/7.2.1/thumb/v7-m\libgcc.a(_udivmoddi4.o)
                              c:/nxp/mcuxpressoide_10.2.1_795/ide/tools/bin/../lib/gcc/arm-none-eabi/7.2.1/thumb/v7-m\libgcc.a(_aeabi_uldivmod.o) (__udivmoddi4)
c:/nxp/mcuxpressoide_10.2.1_795/ide/tools/bin/../lib/gcc/arm-none-eabi/7.2.1/thumb/v7-m\libgcc.a(_dvmd_tls.o)
                              c:/nxp/mcuxpressoide_10.2.1_795/ide/tools/bin/../lib/gcc/arm-none-eabi/7.2.1/thumb/v7-m\libgcc.a(_aeabi_uldivmod.o) (__aeabi_ldiv0)
c:/nxp/mcuxpressoide_10.2.1_795/ide/tools/bin/../lib/gcc/arm-none-eabi/7.2.1/../../../../arm-none-eabi/lib/thumb/v7-m\libc.a(lib_a-impure.o)
                              D:\1. Project\NPCXpresso10.2\FreeRTOS\Debug\libFreeRTOS.a(tasks.o) (_impure_ptr)
c:/nxp/mcuxpressoide_10.2.1_795/ide/tools/bin/../lib/gcc/arm-none-eabi/7.2.1/../../../../arm-none-eabi/lib/thumb/v7-m\libc.a(lib_a-init.o)
                              ./src/cr_startup_lpc15xx.o (__libc_init_array)
[...]
Memory Configuration

Name             Origin             Length             Attributes
MFlash256        0x00000000         0x00040000         xr
Ram0_16          0x02000000         0x00004000         xrw
Ram1_16          0x02004000         0x00004000         xrw
Ram2_4           0x02008000         0x00001000         xrw
*default*        0x00000000         0xffffffff

Linker script and memory map

LOAD ./src/ArmOS_lab2_ex3.o
LOAD ./src/DigitalIoPin.o
LOAD ./src/blinky.o
LOAD ./src/cr_cpp_config.o
LOAD ./src/cr_startup_lpc15xx.o
LOAD ./src/crp.o
LOAD ./src/sysinit.o
LOAD D:\1. Project\NPCXpresso10.2\lpc_board_nxp_lpcxpresso_1549\Debug\liblpc_board_nxp_lpcxpresso_1549.a
LOAD D:\1. Project\NPCXpresso10.2\lpc_chip_15xx\Debug\liblpc_chip_15xx.a
LOAD D:\1. Project\NPCXpresso10.2\FreeRTOS\Debug\libFreeRTOS.a
START GROUP
LOAD c:/nxp/mcuxpressoide_10.2.1_795/ide/tools/bin/../lib/gcc/arm-none-eabi/7.2.1/thumb/v7-m\libgcc.a
LOAD c:/nxp/mcuxpressoide_10.2.1_795/ide/tools/bin/../lib/gcc/arm-none-eabi/7.2.1/../../../../arm-none-eabi/lib/thumb/v7-m\libc.a
LOAD c:/nxp/mcuxpressoide_10.2.1_795/ide/tools/bin/../lib/gcc/arm-none-eabi/7.2.1/../../../../arm-none-eabi/lib/thumb/v7-m\libstdc++.a
LOAD c:/nxp/mcuxpressoide_10.2.1_795/ide/tools/bin/../lib/gcc/arm-none-eabi/7.2.1/../../../../arm-none-eabi/lib/thumb/v7-m\libm.a
LOAD c:/nxp/mcuxpressoide_10.2.1_795/ide/tools/bin/../lib/gcc/arm-none-eabi/7.2.1/../../../../arm-none-eabi/lib/thumb/v7-m\libcr_newlib_nohost.a
LOAD c:/nxp/mcuxpressoide_10.2.1_795/ide/tools/bin/../lib/gcc/arm-none-eabi/7.2.1/thumb/v7-m\crti.o
LOAD c:/nxp/mcuxpressoide_10.2.1_795/ide/tools/bin/../lib/gcc/arm-none-eabi/7.2.1/thumb/v7-m\crtn.o
LOAD c:/nxp/mcuxpressoide_10.2.1_795/ide/tools/bin/../lib/gcc/arm-none-eabi/7.2.1/thumb/v7-m\crtbegin.o
LOAD c:/nxp/mcuxpressoide_10.2.1_795/ide/tools/bin/../lib/gcc/arm-none-eabi/7.2.1/thumb/v7-m\crtend.o
END GROUP
                0x00000000                __base_MFlash256 = 0x0
                0x00000000                __base_Flash = 0x0
                0x00040000                __top_MFlash256 = 0x40000
                0x00040000                __top_Flash = 0x40000
                0x02000000                __base_Ram0_16 = 0x2000000
                0x02000000                __base_RAM = 0x2000000
                0x02004000                __top_Ram0_16 = 0x2004000
                0x02004000                __top_RAM = 0x2004000
                0x02004000                __base_Ram1_16 = 0x2004000
                0x02004000                __base_RAM2 = 0x2004000
                0x02008000                __top_Ram1_16 = 0x2008000
                0x02008000                __top_RAM2 = 0x2008000
                0x02008000                __base_Ram2_4 = 0x2008000
                0x02008000                __base_RAM3 = 0x2008000
                0x02009000                __top_Ram2_4 = 0x2009000
                0x02009000                __top_RAM3 = 0x2009000

.text           0x00000000     0x3e70
 FILL mask 0xff
                0x00000000                __vectors_start__ = ABSOLUTE (.)
 *(.isr_vector)
 .isr_vector    0x00000000       0xfc ./src/cr_startup_lpc15xx.o
                0x00000000                g_pfnVectors
                0x000000fc                . = ALIGN (0x4)
                0x000000fc                __section_table_start = .
                0x000000fc                __data_section_table = .
                0x000000fc        0x4 LONG 0x3e78 LOADADDR (.data)
                0x00000100        0x4 LONG 0x2000000 ADDR (.data)
                0x00000104        0x4 LONG 0x85c SIZEOF (.data)
                0x00000108        0x4 LONG 0x3e78 LOADADDR (.data_RAM2)
                0x0000010c        0x4 LONG 0x2004000 ADDR (.data_RAM2)
                0x00000110        0x4 LONG 0x0 SIZEOF (.data_RAM2)
                0x00000114        0x4 LONG 0x3e78 LOADADDR (.data_RAM3)
                0x00000118        0x4 LONG 0x2008000 ADDR (.data_RAM3)
                0x0000011c        0x4 LONG 0x0 SIZEOF (.data_RAM3)
                0x00000120                __data_section_table_end = .
                0x00000120                __bss_section_table = .
                0x00000120        0x4 LONG 0x200085c ADDR (.bss)
                0x00000124        0x4 LONG 0x25c SIZEOF (.bss)
                0x00000128        0x4 LONG 0x2004000 ADDR (.bss_RAM2)
                0x0000012c        0x4 LONG 0x0 SIZEOF (.bss_RAM2)
                0x00000130        0x4 LONG 0x2008000 ADDR (.bss_RAM3)
                0x00000134        0x4 LONG 0x0 SIZEOF (.bss_RAM3)
                0x00000138                __bss_section_table_end = .
                0x00000138                __section_table_end = .
 *(.after_vectors*)
 .after_vectors
                0x00000138      0x140 ./src/cr_startup_lpc15xx.o
                0x00000138                data_init(unsigned int, unsigned int, unsigned int)
                0x0000017a                bss_init(unsigned int, unsigned int)
                0x000001b0                ResetISR
                0x0000023c                NMI_Handler
                0x00000242                HardFault_Handler
                0x00000248                MemManage_Handler
                0x0000024e                BusFault_Handler
                0x00000254                UsageFault_Handler
                0x00000260                DebugMon_Handler
                0x00000272                UART1_IRQHandler
                0x00000272                RTC_WAKE_IRQHandler
                0x00000272                UART0_IRQHandler
                0x00000272                MRT_IRQHandler
                0x00000272                ADC1_THCMP_IRQHandler
                0x00000272                SPI1_IRQHandler
                0x00000272                PIN_INT6_IRQHandler
                0x00000272                IntDefaultHandler
                0x00000272                PIN_INT4_IRQHandler
                0x00000272                CAN_IRQHandler
                0x00000272                RTC_ALARM_IRQHandler
                0x00000272                ADC1B_IRQHandler
                0x00000272                ADC1_OVR_IRQHandler
                0x00000272                USBWakeup_IRQHandler
                0x00000272                UART2_IRQHandler
                0x00000272                ADC0_OVR_IRQHandler
                0x00000272                SCT1_IRQHandler
                0x00000272                PIN_INT2_IRQHandler
                0x00000272                USB_FIQHandler
                0x00000272                SCT3_IRQHandler
                0x00000272                PIN_INT7_IRQHandler
                0x00000272                I2C0_IRQHandler
                0x00000272                PIN_INT1_IRQHandler
                0x00000272                USB_IRQHandler
                0x00000272                BOD_IRQHandler
                0x00000272                ADC0B_IRQHandler
                0x00000272                ACMP0_IRQHandler
                0x00000272                RIT_IRQHandler
                0x00000272                SCT2_IRQHandler
                0x00000272                WDT_IRQHandler
                0x00000272                PIN_INT0_IRQHandler
                0x00000272                QEI_IRQHandler
                0x00000272                ACMP3_IRQHandler
                0x00000272                GINT0_IRQHandler
                0x00000272                DAC_IRQHandler
                0x00000272                SPI0_IRQHandler
                0x00000272                EEPROM_IRQHandler
                0x00000272                ACMP2_IRQHandler
                0x00000272                PIN_INT5_IRQHandler
                0x00000272                ADC1A_IRQHandler
                0x00000272                DMA_IRQHandler
                0x00000272                PIN_INT3_IRQHandler
                0x00000272                ACMP1_IRQHandler
                0x00000272                SCT0_IRQHandler
                0x00000272                ADC0A_IRQHandler
                0x00000272                FMC_IRQHandler
                0x00000272                GINT1_IRQHandler
                0x00000272                ADC0_THCMP_IRQHandler
 *(.text*)
 .text._ZN6FmutexC2Ev
                0x00000278       0x28 ./src/ArmOS_lab2_ex3.o
                0x00000278                Fmutex::Fmutex()
                0x00000278                Fmutex::Fmutex()
 .text._ZN6FmutexD2Ev
                0x000002a0       0x28 ./src/ArmOS_lab2_ex3.o
                0x000002a0                Fmutex::~Fmutex()
                0x000002a0                Fmutex::~Fmutex()
 .text._ZN6FmutexD0Ev
                0x000002c8       0x1e ./src/ArmOS_lab2_ex3.o
                0x000002c8                Fmutex::~Fmutex()
 .text._ZN6Fmutex4lockEv
                0x000002e6       0x1e ./src/ArmOS_lab2_ex3.o
                0x000002e6                Fmutex::lock()
 .text._ZN6Fmutex6unlockEv
                0x00000304       0x1e ./src/ArmOS_lab2_ex3.o
                0x00000304                Fmutex::unlock()
 .text._ZL16prvSetupHardwarev
                0x00000322       0x20 ./src/ArmOS_lab2_ex3.o
 *fill*         0x00000342        0x2 ff
 .text._ZL6vTask1Pv
                0x00000344      0x100 ./src/ArmOS_lab2_ex3.o
 .text._ZL6vTask2Pv
                0x00000444       0xb8 ./src/ArmOS_lab2_ex3.o
 .text.main     0x000004fc       0x50 ./src/ArmOS_lab2_ex3.o
                0x000004fc                main
 .text._ZNSt10lock_guardI6FmutexEC2ERS0_
                0x0000054c       0x24 ./src/ArmOS_lab2_ex3.o
                0x0000054c                std::lock_guard<Fmutex>::lock_guard(Fmutex&)
                0x0000054c                std::lock_guard<Fmutex>::lock_guard(Fmutex&)
 .text._ZNSt10lock_guardI6FmutexED2Ev
                0x00000570       0x1c ./src/ArmOS_lab2_ex3.o
                0x00000570                std::lock_guard<Fmutex>::~lock_guard()
                0x00000570                std::lock_guard<Fmutex>::~lock_guard()
 .text._Z41__static_initialization_and_destruction_0ii
                0x0000058c       0x50 ./src/ArmOS_lab2_ex3.o
 .text._GLOBAL__sub_I_book
                0x000005dc       0x10 ./src/ArmOS_lab2_ex3.o
 .text._ZdlPv   0x000005ec       0x16 ./src/cr_cpp_config.o
                0x000005ec                operator delete(void*)
 .text.__aeabi_atexit
                0x00000602       0x18 ./src/cr_cpp_config.o
                0x00000602                __aeabi_atexit
 .text.SystemInit
                0x0000061a        0xc ./src/sysinit.o
                0x0000061a                SystemInit
 .text.Chip_IOCON_PinMuxSet
                0x00000626       0x2c D:\1. Project\NPCXpresso10.2\lpc_board_nxp_lpcxpresso_1549\Debug\liblpc_board_nxp_lpcxpresso_1549.a(board.o)
 .text.Chip_SWM_MovablePortPinAssign
                0x00000652       0x30 D:\1. Project\NPCXpresso10.2\lpc_board_nxp_lpcxpresso_1549\Debug\liblpc_board_nxp_lpcxpresso_1549.a(board.o)
 .text.Chip_GPIO_SetPinState
                0x00000682       0x36 D:\1. Project\NPCXpresso10.2\lpc_board_nxp_lpcxpresso_1549\Debug\liblpc_board_nxp_lpcxpresso_1549.a(board.o)
 .text.Chip_GPIO_SetPinDIROutput
                0x000006b8       0x3c D:\1. Project\NPCXpresso10.2\lpc_board_nxp_lpcxpresso_1549\Debug\liblpc_board_nxp_lpcxpresso_1549.a(board.o)
 .text.Chip_UART_Enable
                0x000006f4       0x1e D:\1. Project\NPCXpresso10.2\lpc_board_nxp_lpcxpresso_1549\Debug\liblpc_board_nxp_lpcxpresso_1549.a(board.o)
 .text.Chip_UART_TXEnable
                0x00000712       0x1e D:\1. Project\NPCXpresso10.2\lpc_board_nxp_lpcxpresso_1549\Debug\liblpc_board_nxp_lpcxpresso_1549.a(board.o)
 .text.Chip_UART_ConfigData
                0x00000730       0x28 D:\1. Project\NPCXpresso10.2\lpc_board_nxp_lpcxpresso_1549\Debug\liblpc_board_nxp_lpcxpresso_1549.a(board.o)
 .text.Board_UARTPutChar
                0x00000758       0x24 D:\1. Project\NPCXpresso10.2\lpc_board_nxp_lpcxpresso_1549\Debug\liblpc_board_nxp_lpcxpresso_1549.a(board.o)
                0x00000758                Board_UARTPutChar
 .text.Board_UARTGetChar
                0x0000077c       0x2c D:\1. Project\NPCXpresso10.2\lpc_board_nxp_lpcxpresso_1549\Debug\liblpc_board_nxp_lpcxpresso_1549.a(board.o)
                0x0000077c                Board_UARTGetChar
 .text.Board_UARTPutSTR
                0x000007a8       0x28 D:\1. Project\NPCXpresso10.2\lpc_board_nxp_lpcxpresso_1549\Debug\liblpc_board_nxp_lpcxpresso_1549.a(board.o)
                0x000007a8                Board_UARTPutSTR
 .text.Board_Debug_Init
                0x000007d0       0x70 D:\1. Project\NPCXpresso10.2\lpc_board_nxp_lpcxpresso_1549\Debug\liblpc_board_nxp_lpcxpresso_1549.a(board.o)
                0x000007d0                Board_Debug_Init
 .text.Board_LED_Init
                0x00000840       0x5c D:\1. Project\NPCXpresso10.2\lpc_board_nxp_lpcxpresso_1549\Debug\liblpc_board_nxp_lpcxpresso_1549.a(board.o)
 .text.Board_Init
                0x0000089c       0x18 D:\1. Project\NPCXpresso10.2\lpc_board_nxp_lpcxpresso_1549\Debug\liblpc_board_nxp_lpcxpresso_1549.a(board.o)
                0x0000089c                Board_Init
 .text.Chip_SYSCTL_PeriphReset
                0x000008b4       0x22 D:\1. Project\NPCXpresso10.2\lpc_board_nxp_lpcxpresso_1549\Debug\liblpc_board_nxp_lpcxpresso_1549.a(board_sysinit.o)
 *fill*         0x000008d6        0x2 ff
 .text.Chip_Clock_SetUSBPLLSource
                0x000008d8       0x20 D:\1. Project\NPCXpresso10.2\lpc_board_nxp_lpcxpresso_1549\Debug\liblpc_board_nxp_lpcxpresso_1549.a(board_sysinit.o)
 .text.Chip_Clock_SetupUSBPLL
                0x000008f8       0x34 D:\1. Project\NPCXpresso10.2\lpc_board_nxp_lpcxpresso_1549\Debug\liblpc_board_nxp_lpcxpresso_1549.a(board_sysinit.o)
 .text.Chip_Clock_IsUSBPLLLocked
                0x0000092c       0x24 D:\1. Project\NPCXpresso10.2\lpc_board_nxp_lpcxpresso_1549\Debug\liblpc_board_nxp_lpcxpresso_1549.a(board_sysinit.o)
 .text.Chip_Clock_SetSysTickClockDiv
                0x00000950       0x20 D:\1. Project\NPCXpresso10.2\lpc_board_nxp_lpcxpresso_1549\Debug\liblpc_board_nxp_lpcxpresso_1549.a(board_sysinit.o)
 .text.Chip_SWM_MovablePortPinAssign
                0x00000970       0x30 D:\1. Project\NPCXpresso10.2\lpc_board_nxp_lpcxpresso_1549\Debug\liblpc_board_nxp_lpcxpresso_1549.a(board_sysinit.o)
 .text.Board_SetupMuxing
                0x000009a0       0x80 D:\1. Project\NPCXpresso10.2\lpc_board_nxp_lpcxpresso_1549\Debug\liblpc_board_nxp_lpcxpresso_1549.a(board_sysinit.o)
                0x000009a0                Board_SetupMuxing
 .text.Board_SetupClocking
                0x00000a20       0x3a D:\1. Project\NPCXpresso10.2\lpc_board_nxp_lpcxpresso_1549\Debug\liblpc_board_nxp_lpcxpresso_1549.a(board_sysinit.o)
                0x00000a20                Board_SetupClocking
 *fill*         0x00000a5a        0x2 ff
 .text.Board_SystemInit
                0x00000a5c       0x1c D:\1. Project\NPCXpresso10.2\lpc_board_nxp_lpcxpresso_1549\Debug\liblpc_board_nxp_lpcxpresso_1549.a(board_sysinit.o)
                0x00000a5c                Board_SystemInit
 .text.SystemCoreClockUpdate
                0x00000a78       0x18 D:\1. Project\NPCXpresso10.2\lpc_chip_15xx\Debug\liblpc_chip_15xx.a(chip_15xx.o)
                0x00000a78                SystemCoreClockUpdate
 .text.Chip_Clock_SetMain_A_ClockSource
                0x00000a90       0x20 D:\1. Project\NPCXpresso10.2\lpc_chip_15xx\Debug\liblpc_chip_15xx.a(clock_15xx.o)
 .text.Chip_Clock_GetMain_A_ClockSource
                0x00000ab0       0x18 D:\1. Project\NPCXpresso10.2\lpc_chip_15xx\Debug\liblpc_chip_15xx.a(clock_15xx.o)
 .text.Chip_Clock_SetMain_B_ClockSource
                0x00000ac8       0x20 D:\1. Project\NPCXpresso10.2\lpc_chip_15xx\Debug\liblpc_chip_15xx.a(clock_15xx.o)
 .text.Chip_Clock_GetMain_B_ClockSource
                0x00000ae8       0x18 D:\1. Project\NPCXpresso10.2\lpc_chip_15xx\Debug\liblpc_chip_15xx.a(clock_15xx.o)
 .text.Chip_Clock_SetUARTFRGDivider
                0x00000b00       0x20 D:\1. Project\NPCXpresso10.2\lpc_chip_15xx\Debug\liblpc_chip_15xx.a(clock_15xx.o)
 .text.Chip_Clock_GetUARTFRGDivider
                0x00000b20       0x18 D:\1. Project\NPCXpresso10.2\lpc_chip_15xx\Debug\liblpc_chip_15xx.a(clock_15xx.o)
 .text.Chip_Clock_GetMainOscRate
                0x00000b38       0x14 D:\1. Project\NPCXpresso10.2\lpc_chip_15xx\Debug\liblpc_chip_15xx.a(clock_15xx.o)
 .text.Chip_Clock_GetIntOscRate
                0x00000b4c       0x14 D:\1. Project\NPCXpresso10.2\lpc_chip_15xx\Debug\liblpc_chip_15xx.a(clock_15xx.o)
 .text.Chip_Clock_GetRTCOscRate
                0x00000b60       0x14 D:\1. Project\NPCXpresso10.2\lpc_chip_15xx\Debug\liblpc_chip_15xx.a(clock_15xx.o)
 .text.Chip_Clock_GetWDTOSCRate
                0x00000b74       0x14 D:\1. Project\NPCXpresso10.2\lpc_chip_15xx\Debug\liblpc_chip_15xx.a(clock_15xx.o)
 .text.Chip_Clock_GetPLLFreq
                0x00000b88       0x26 D:\1. Project\NPCXpresso10.2\lpc_chip_15xx\Debug\liblpc_chip_15xx.a(clock_15xx.o)
 .text.Chip_Clock_GetPLLInClockRate
                0x00000bae       0x38 D:\1. Project\NPCXpresso10.2\lpc_chip_15xx\Debug\liblpc_chip_15xx.a(clock_15xx.o)
 *fill*         0x00000be6        0x2 ff
 .text.Chip_Clock_GetSystemPLLInClockRate
                0x00000be8       0x1c D:\1. Project\NPCXpresso10.2\lpc_chip_15xx\Debug\liblpc_chip_15xx.a(clock_15xx.o)
                0x00000be8                Chip_Clock_GetSystemPLLInClockRate
 .text.Chip_Clock_GetSystemPLLOutClockRate
                0x00000c04       0x24 D:\1. Project\NPCXpresso10.2\lpc_chip_15xx\Debug\liblpc_chip_15xx.a(clock_15xx.o)
                0x00000c04                Chip_Clock_GetSystemPLLOutClockRate
 .text.Chip_Clock_GetMain_A_ClockRate
                0x00000c28       0x44 D:\1. Project\NPCXpresso10.2\lpc_chip_15xx\Debug\liblpc_chip_15xx.a(clock_15xx.o)
                0x00000c28                Chip_Clock_GetMain_A_ClockRate
 .text.Chip_Clock_GetMain_B_ClockRate
                0x00000c6c       0x58 D:\1. Project\NPCXpresso10.2\lpc_chip_15xx\Debug\liblpc_chip_15xx.a(clock_15xx.o)
                0x00000c6c                Chip_Clock_GetMain_B_ClockRate
 .text.Chip_Clock_SetMainClockSource
                0x00000cc4       0x3c D:\1. Project\NPCXpresso10.2\lpc_chip_15xx\Debug\liblpc_chip_15xx.a(clock_15xx.o)
                0x00000cc4                Chip_Clock_SetMainClockSource
 .text.Chip_Clock_GetMainClockRate
                0x00000d00       0x28 D:\1. Project\NPCXpresso10.2\lpc_chip_15xx\Debug\liblpc_chip_15xx.a(clock_15xx.o)
                0x00000d00                Chip_Clock_GetMainClockRate
 .text.Chip_Clock_EnablePeriphClock
                0x00000d28       0x58 D:\1. Project\NPCXpresso10.2\lpc_chip_15xx\Debug\liblpc_chip_15xx.a(clock_15xx.o)
                0x00000d28                Chip_Clock_EnablePeriphClock
 .text.Chip_Clock_GetUARTBaseClockRate
                0x00000d80       0x8c D:\1. Project\NPCXpresso10.2\lpc_chip_15xx\Debug\liblpc_chip_15xx.a(clock_15xx.o)
                0x00000d80                Chip_Clock_GetUARTBaseClockRate
 .text.Chip_Clock_SetUARTBaseClockRate
                0x00000e0c       0xa4 D:\1. Project\NPCXpresso10.2\lpc_chip_15xx\Debug\liblpc_chip_15xx.a(clock_15xx.o)
                0x00000e0c                Chip_Clock_SetUARTBaseClockRate
 .text.Chip_Clock_GetSystemClockRate
                0x00000eb0       0x1c D:\1. Project\NPCXpresso10.2\lpc_chip_15xx\Debug\liblpc_chip_15xx.a(clock_15xx.o)
                0x00000eb0                Chip_Clock_GetSystemClockRate
 .text.Chip_SYSCTL_PeriphReset
                0x00000ecc       0x22 D:\1. Project\NPCXpresso10.2\lpc_chip_15xx\Debug\liblpc_chip_15xx.a(gpio_15xx.o)
 .text.Chip_GPIO_Init
                0x00000eee       0x2e D:\1. Project\NPCXpresso10.2\lpc_chip_15xx\Debug\liblpc_chip_15xx.a(gpio_15xx.o)
                0x00000eee                Chip_GPIO_Init
 .text.Chip_IOCON_PinMuxSet
                0x00000f1c       0x2c D:\1. Project\NPCXpresso10.2\lpc_chip_15xx\Debug\liblpc_chip_15xx.a(iocon_15xx.o)
 .text.Chip_IOCON_SetPinMuxing
                0x00000f48       0x4e D:\1. Project\NPCXpresso10.2\lpc_chip_15xx\Debug\liblpc_chip_15xx.a(iocon_15xx.o)
                0x00000f48                Chip_IOCON_SetPinMuxing
 *fill*         0x00000f96        0x2 ff
 .text.Chip_SWM_MovablePinAssign
                0x00000f98       0x5c D:\1. Project\NPCXpresso10.2\lpc_chip_15xx\Debug\liblpc_chip_15xx.a(swm_15xx.o)
                0x00000f98                Chip_SWM_MovablePinAssign
 .text.Chip_SYSCTL_AssertPeriphReset
                0x00000ff4       0x4c D:\1. Project\NPCXpresso10.2\lpc_chip_15xx\Debug\liblpc_chip_15xx.a(sysctl_15xx.o)
                0x00000ff4                Chip_SYSCTL_AssertPeriphReset
 .text.Chip_SYSCTL_DeassertPeriphReset
                0x00001040       0x50 D:\1. Project\NPCXpresso10.2\lpc_chip_15xx\Debug\liblpc_chip_15xx.a(sysctl_15xx.o)
                0x00001040                Chip_SYSCTL_DeassertPeriphReset
 .text.Chip_SYSCTL_PowerDown
                0x00001090       0x40 D:\1. Project\NPCXpresso10.2\lpc_chip_15xx\Debug\liblpc_chip_15xx.a(sysctl_15xx.o)
                0x00001090                Chip_SYSCTL_PowerDown
 .text.Chip_SYSCTL_PowerUp
                0x000010d0       0x40 D:\1. Project\NPCXpresso10.2\lpc_chip_15xx\Debug\liblpc_chip_15xx.a(sysctl_15xx.o)
                0x000010d0                Chip_SYSCTL_PowerUp
 .text.Chip_FMC_SetFLASHAccess
                0x00001110       0x38 D:\1. Project\NPCXpresso10.2\lpc_chip_15xx\Debug\liblpc_chip_15xx.a(sysinit_15xx.o)
 .text.Chip_Clock_SetSystemPLLSource
                0x00001148       0x20 D:\1. Project\NPCXpresso10.2\lpc_chip_15xx\Debug\liblpc_chip_15xx.a(sysinit_15xx.o)
 .text.Chip_Clock_SetupSystemPLL
                0x00001168       0x34 D:\1. Project\NPCXpresso10.2\lpc_chip_15xx\Debug\liblpc_chip_15xx.a(sysinit_15xx.o)
 .text.Chip_Clock_IsSystemPLLLocked
                0x0000119c       0x24 D:\1. Project\NPCXpresso10.2\lpc_chip_15xx\Debug\liblpc_chip_15xx.a(sysinit_15xx.o)
 .text.Chip_Clock_SetSysClockDiv
                0x000011c0       0x20 D:\1. Project\NPCXpresso10.2\lpc_chip_15xx\Debug\liblpc_chip_15xx.a(sysinit_15xx.o)
 .text.Chip_SetupXtalClocking
                0x000011e0       0x6c D:\1. Project\NPCXpresso10.2\lpc_chip_15xx\Debug\liblpc_chip_15xx.a(sysinit_15xx.o)
                0x000011e0                Chip_SetupXtalClocking
 .text.Chip_SYSCTL_PeriphReset
                0x0000124c       0x22 D:\1. Project\NPCXpresso10.2\lpc_chip_15xx\Debug\liblpc_chip_15xx.a(uart_15xx.o)
 .text.Chip_UART_SendByte
                0x0000126e       0x1c D:\1. Project\NPCXpresso10.2\lpc_chip_15xx\Debug\liblpc_chip_15xx.a(uart_15xx.o)
 .text.Chip_UART_ReadByte
                0x0000128a       0x1a D:\1. Project\NPCXpresso10.2\lpc_chip_15xx\Debug\liblpc_chip_15xx.a(uart_15xx.o)
 .text.Chip_UART_GetStatus
                0x000012a4       0x16 D:\1. Project\NPCXpresso10.2\lpc_chip_15xx\Debug\liblpc_chip_15xx.a(uart_15xx.o)
 *fill*         0x000012ba        0x2 ff
 .text.getUARTClockID
                0x000012bc       0x34 D:\1. Project\NPCXpresso10.2\lpc_chip_15xx\Debug\liblpc_chip_15xx.a(uart_15xx.o)
 .text.Chip_UART_Init
                0x000012f0       0x4c D:\1. Project\NPCXpresso10.2\lpc_chip_15xx\Debug\liblpc_chip_15xx.a(uart_15xx.o)
                0x000012f0                Chip_UART_Init
 .text.Chip_UART_Send
                0x0000133c       0x50 D:\1. Project\NPCXpresso10.2\lpc_chip_15xx\Debug\liblpc_chip_15xx.a(uart_15xx.o)
                0x0000133c                Chip_UART_Send
 .text.Chip_UART_SendBlocking
                0x0000138c       0x4a D:\1. Project\NPCXpresso10.2\lpc_chip_15xx\Debug\liblpc_chip_15xx.a(uart_15xx.o)
                0x0000138c                Chip_UART_SendBlocking
 .text.Chip_UART_Read
                0x000013d6       0x52 D:\1. Project\NPCXpresso10.2\lpc_chip_15xx\Debug\liblpc_chip_15xx.a(uart_15xx.o)
                0x000013d6                Chip_UART_Read
 .text.Chip_UART_SetBaud
                0x00001428       0x2a D:\1. Project\NPCXpresso10.2\lpc_chip_15xx\Debug\liblpc_chip_15xx.a(uart_15xx.o)
                0x00001428                Chip_UART_SetBaud
 *fill*         0x00001452        0x2 ff
 .text.xQueueGenericReset
                0x00001454       0xb4 D:\1. Project\NPCXpresso10.2\FreeRTOS\Debug\libFreeRTOS.a(queue.o)
                0x00001454                xQueueGenericReset
 .text.xQueueGenericCreate
                0x00001508       0x58 D:\1. Project\NPCXpresso10.2\FreeRTOS\Debug\libFreeRTOS.a(queue.o)
                0x00001508                xQueueGenericCreate
 .text.prvInitialiseNewQueue
                0x00001560       0x46 D:\1. Project\NPCXpresso10.2\FreeRTOS\Debug\libFreeRTOS.a(queue.o)
 .text.prvInitialiseMutex
                0x000015a6       0x34 D:\1. Project\NPCXpresso10.2\FreeRTOS\Debug\libFreeRTOS.a(queue.o)
 .text.xQueueCreateMutex
                0x000015da       0x30 D:\1. Project\NPCXpresso10.2\FreeRTOS\Debug\libFreeRTOS.a(queue.o)
                0x000015da                xQueueCreateMutex
 .text.xQueueCreateCountingSemaphore
                0x0000160a       0x2c D:\1. Project\NPCXpresso10.2\FreeRTOS\Debug\libFreeRTOS.a(queue.o)
                0x0000160a                xQueueCreateCountingSemaphore
 *fill*         0x00001636        0x2 ff
 .text.xQueueGenericSend
                0x00001638      0x154 D:\1. Project\NPCXpresso10.2\FreeRTOS\Debug\libFreeRTOS.a(queue.o)
                0x00001638                xQueueGenericSend
 .text.xQueueSemaphoreTake
                0x0000178c      0x190 D:\1. Project\NPCXpresso10.2\FreeRTOS\Debug\libFreeRTOS.a(queue.o)
                0x0000178c                xQueueSemaphoreTake
 .text.vQueueDelete
                0x0000191c       0x20 D:\1. Project\NPCXpresso10.2\FreeRTOS\Debug\libFreeRTOS.a(queue.o)
                0x0000191c                vQueueDelete
 .text.prvGetDisinheritPriorityAfterTimeout
                0x0000193c       0x2e D:\1. Project\NPCXpresso10.2\FreeRTOS\Debug\libFreeRTOS.a(queue.o)
 .text.prvCopyDataToQueue
                0x0000196a       0xd4 D:\1. Project\NPCXpresso10.2\FreeRTOS\Debug\libFreeRTOS.a(queue.o)
 .text.prvUnlockQueue
                0x00001a3e       0xa4 D:\1. Project\NPCXpresso10.2\FreeRTOS\Debug\libFreeRTOS.a(queue.o)
 .text.prvIsQueueEmpty
                0x00001ae2       0x2c D:\1. Project\NPCXpresso10.2\FreeRTOS\Debug\libFreeRTOS.a(queue.o)
 .text.prvIsQueueFull
                0x00001b0e       0x30 D:\1. Project\NPCXpresso10.2\FreeRTOS\Debug\libFreeRTOS.a(queue.o)
 *fill*         0x00001b3e        0x2 ff
 .text.vQueueUnregisterQueue
                0x00001b40       0x50 D:\1. Project\NPCXpresso10.2\FreeRTOS\Debug\libFreeRTOS.a(queue.o)
                0x00001b40                vQueueUnregisterQueue
 .text.xTaskCreate
                0x00001b90       0x84 D:\1. Project\NPCXpresso10.2\FreeRTOS\Debug\libFreeRTOS.a(tasks.o)
                0x00001b90                xTaskCreate
 .text.prvInitialiseNewTask
                0x00001c14      0x178 D:\1. Project\NPCXpresso10.2\FreeRTOS\Debug\libFreeRTOS.a(tasks.o)
 .text.prvAddNewTaskToReadyList
                0x00001d8c       0xdc D:\1. Project\NPCXpresso10.2\FreeRTOS\Debug\libFreeRTOS.a(tasks.o)
 .text.vTaskDelay
                0x00001e68       0x48 D:\1. Project\NPCXpresso10.2\FreeRTOS\Debug\libFreeRTOS.a(tasks.o)
                0x00001e68                vTaskDelay
 .text.vTaskStartScheduler
                0x00001eb0       0xa0 D:\1. Project\NPCXpresso10.2\FreeRTOS\Debug\libFreeRTOS.a(tasks.o)
                0x00001eb0                vTaskStartScheduler
 .text.vTaskSuspendAll
                0x00001f50       0x1c D:\1. Project\NPCXpresso10.2\FreeRTOS\Debug\libFreeRTOS.a(tasks.o)
                0x00001f50                vTaskSuspendAll
 .text.xTaskResumeAll
                0x00001f6c      0x11c D:\1. Project\NPCXpresso10.2\FreeRTOS\Debug\libFreeRTOS.a(tasks.o)
                0x00001f6c                xTaskResumeAll
 .text.xTaskIncrementTick
                0x00002088      0x158 D:\1. Project\NPCXpresso10.2\FreeRTOS\Debug\libFreeRTOS.a(tasks.o)
                0x00002088                xTaskIncrementTick
 .text.vTaskSwitchContext
                0x000021e0       0xe4 D:\1. Project\NPCXpresso10.2\FreeRTOS\Debug\libFreeRTOS.a(tasks.o)
                0x000021e0                vTaskSwitchContext
 .text.vTaskPlaceOnEventList
                0x000022c4       0x2c D:\1. Project\NPCXpresso10.2\FreeRTOS\Debug\libFreeRTOS.a(tasks.o)
                0x000022c4                vTaskPlaceOnEventList
 .text.xTaskRemoveFromEventList
                0x000022f0       0xa8 D:\1. Project\NPCXpresso10.2\FreeRTOS\Debug\libFreeRTOS.a(tasks.o)
                0x000022f0                xTaskRemoveFromEventList
 .text.vTaskInternalSetTimeOutState
                0x00002398       0x2c D:\1. Project\NPCXpresso10.2\FreeRTOS\Debug\libFreeRTOS.a(tasks.o)
                0x00002398                vTaskInternalSetTimeOutState
 .text.xTaskCheckForTimeOut
                0x000023c4       0x8c D:\1. Project\NPCXpresso10.2\FreeRTOS\Debug\libFreeRTOS.a(tasks.o)
                0x000023c4                xTaskCheckForTimeOut
 .text.vTaskMissedYield
                0x00002450       0x18 D:\1. Project\NPCXpresso10.2\FreeRTOS\Debug\libFreeRTOS.a(tasks.o)
                0x00002450                vTaskMissedYield
 .text.prvIdleTask
                0x00002468        0xe D:\1. Project\NPCXpresso10.2\FreeRTOS\Debug\libFreeRTOS.a(tasks.o)
 *fill*         0x00002476        0x2 ff
 .text.prvInitialiseTaskLists
                0x00002478       0x80 D:\1. Project\NPCXpresso10.2\FreeRTOS\Debug\libFreeRTOS.a(tasks.o)
 .text.prvCheckTasksWaitingTermination
                0x000024f8       0x58 D:\1. Project\NPCXpresso10.2\FreeRTOS\Debug\libFreeRTOS.a(tasks.o)
 .text.prvDeleteTCB
                0x00002550       0x2a D:\1. Project\NPCXpresso10.2\FreeRTOS\Debug\libFreeRTOS.a(tasks.o)
 *fill*         0x0000257a        0x2 ff
 .text.prvResetNextTaskUnblockTime
                0x0000257c       0x48 D:\1. Project\NPCXpresso10.2\FreeRTOS\Debug\libFreeRTOS.a(tasks.o)
 .text.xTaskPriorityInherit
                0x000025c4      0x10c D:\1. Project\NPCXpresso10.2\FreeRTOS\Debug\libFreeRTOS.a(tasks.o)
                0x000025c4                xTaskPriorityInherit
 .text.xTaskPriorityDisinherit
                0x000026d0       0xc8 D:\1. Project\NPCXpresso10.2\FreeRTOS\Debug\libFreeRTOS.a(tasks.o)
                0x000026d0                xTaskPriorityDisinherit
 .text.vTaskPriorityDisinheritAfterTimeout
                0x00002798       0xfc D:\1. Project\NPCXpresso10.2\FreeRTOS\Debug\libFreeRTOS.a(tasks.o)
                0x00002798                vTaskPriorityDisinheritAfterTimeout
 .text.pvTaskIncrementMutexHeldCount
                0x00002894       0x28 D:\1. Project\NPCXpresso10.2\FreeRTOS\Debug\libFreeRTOS.a(tasks.o)
                0x00002894                pvTaskIncrementMutexHeldCount
 .text.prvAddCurrentTaskToDelayedList
                0x000028bc       0xcc D:\1. Project\NPCXpresso10.2\FreeRTOS\Debug\libFreeRTOS.a(tasks.o)
 .text.pvPortMalloc
                0x00002988       0x2c D:\1. Project\NPCXpresso10.2\FreeRTOS\Debug\libFreeRTOS.a(heap_3.o)
                0x00002988                pvPortMalloc
 .text.vPortFree
                0x000029b4       0x24 D:\1. Project\NPCXpresso10.2\FreeRTOS\Debug\libFreeRTOS.a(heap_3.o)
                0x000029b4                vPortFree
 .text.pxPortInitialiseStack
                0x000029d8       0x58 D:\1. Project\NPCXpresso10.2\FreeRTOS\Debug\libFreeRTOS.a(port.o)
                0x000029d8                pxPortInitialiseStack
 .text.prvTaskExitError
                0x00002a30       0x2e D:\1. Project\NPCXpresso10.2\FreeRTOS\Debug\libFreeRTOS.a(port.o)
 *fill*         0x00002a5e        0x2 ff
 .text.SVC_Handler
                0x00002a60       0x28 D:\1. Project\NPCXpresso10.2\FreeRTOS\Debug\libFreeRTOS.a(port.o)
                0x00002a60                SVC_Handler
 .text.prvPortStartFirstTask
                0x00002a88       0x20 D:\1. Project\NPCXpresso10.2\FreeRTOS\Debug\libFreeRTOS.a(port.o)
 .text.xPortStartScheduler
                0x00002aa8       0x40 D:\1. Project\NPCXpresso10.2\FreeRTOS\Debug\libFreeRTOS.a(port.o)
                0x00002aa8                xPortStartScheduler
 .text.vPortEnterCritical
                0x00002ae8       0x30 D:\1. Project\NPCXpresso10.2\FreeRTOS\Debug\libFreeRTOS.a(port.o)
                0x00002ae8                vPortEnterCritical
 .text.vPortExitCritical
                0x00002b18       0x30 D:\1. Project\NPCXpresso10.2\FreeRTOS\Debug\libFreeRTOS.a(port.o)
                0x00002b18                vPortExitCritical
 *fill*         0x00002b48        0x8 ff
 .text.PendSV_Handler
                0x00002b50       0x48 D:\1. Project\NPCXpresso10.2\FreeRTOS\Debug\libFreeRTOS.a(port.o)
                0x00002b50                PendSV_Handler
 .text.SysTick_Handler
                0x00002b98       0x40 D:\1. Project\NPCXpresso10.2\FreeRTOS\Debug\libFreeRTOS.a(port.o)
                0x00002b98                SysTick_Handler
 .text.vPortSetupTimerInterrupt
                0x00002bd8       0x44 D:\1. Project\NPCXpresso10.2\FreeRTOS\Debug\libFreeRTOS.a(port.o)
                0x00002bd8                vPortSetupTimerInterrupt
 .text.vApplicationMallocFailedHook
                0x00002c1c       0x1c D:\1. Project\NPCXpresso10.2\FreeRTOS\Debug\libFreeRTOS.a(FreeRTOSCommonHooks.o)
                0x00002c1c                vApplicationMallocFailedHook
 .text.vApplicationStackOverflowHook
                0x00002c38       0x20 D:\1. Project\NPCXpresso10.2\FreeRTOS\Debug\libFreeRTOS.a(FreeRTOSCommonHooks.o)
                0x00002c38                vApplicationStackOverflowHook
 .text.vListInitialise
                0x00002c58       0x3e D:\1. Project\NPCXpresso10.2\FreeRTOS\Debug\libFreeRTOS.a(list.o)
                0x00002c58                vListInitialise
 .text.vListInitialiseItem
                0x00002c96       0x18 D:\1. Project\NPCXpresso10.2\FreeRTOS\Debug\libFreeRTOS.a(list.o)
                0x00002c96                vListInitialiseItem
 .text.vListInsertEnd
                0x00002cae       0x46 D:\1. Project\NPCXpresso10.2\FreeRTOS\Debug\libFreeRTOS.a(list.o)
                0x00002cae                vListInsertEnd
 .text.vListInsert
                0x00002cf4       0x70 D:\1. Project\NPCXpresso10.2\FreeRTOS\Debug\libFreeRTOS.a(list.o)
                0x00002cf4                vListInsert
 .text.uxListRemove
                0x00002d64       0x52 D:\1. Project\NPCXpresso10.2\FreeRTOS\Debug\libFreeRTOS.a(list.o)
                0x00002d64                uxListRemove
 *fill*         0x00002db6        0x2 ff
 .text          0x00002db8       0x30 c:/nxp/mcuxpressoide_10.2.1_795/ide/tools/bin/../lib/gcc/arm-none-eabi/7.2.1/thumb/v7-m\libgcc.a(_aeabi_uldivmod.o)
                0x00002db8                __aeabi_uldivmod
 .text          0x00002de8      0x2d0 c:/nxp/mcuxpressoide_10.2.1_795/ide/tools/bin/../lib/gcc/arm-none-eabi/7.2.1/thumb/v7-m\libgcc.a(_udivmoddi4.o)
                0x00002de8                __udivmoddi4
 .text          0x000030b8        0x4 c:/nxp/mcuxpressoide_10.2.1_795/ide/tools/bin/../lib/gcc/arm-none-eabi/7.2.1/thumb/v7-m\libgcc.a(_dvmd_tls.o)
                0x000030b8                __aeabi_idiv0
                0x000030b8                __aeabi_ldiv0
 .text.__libc_init_array
                0x000030bc       0x48 c:/nxp/mcuxpressoide_10.2.1_795/ide/tools/bin/../lib/gcc/arm-none-eabi/7.2.1/../../../../arm-none-eabi/lib/thumb/v7-m\libc.a(lib_a-init.o)
                0x000030bc                __libc_init_array
 .text.malloc   0x00003104       0x10 c:/nxp/mcuxpressoide_10.2.1_795/ide/tools/bin/../lib/gcc/arm-none-eabi/7.2.1/../../../../arm-none-eabi/lib/thumb/v7-m\libc.a(lib_a-malloc.o)
                0x00003104                malloc
 .text.free     0x00003114       0x10 c:/nxp/mcuxpressoide_10.2.1_795/ide/tools/bin/../lib/gcc/arm-none-eabi/7.2.1/../../../../arm-none-eabi/lib/thumb/v7-m\libc.a(lib_a-malloc.o)
                0x00003114                free
 .text._malloc_r
                0x00003124      0x524 c:/nxp/mcuxpressoide_10.2.1_795/ide/tools/bin/../lib/gcc/arm-none-eabi/7.2.1/../../../../arm-none-eabi/lib/thumb/v7-m\libc.a(lib_a-mallocr.o)
                0x00003124                _malloc_r
 .text          0x00003648       0xec c:/nxp/mcuxpressoide_10.2.1_795/ide/tools/bin/../lib/gcc/arm-none-eabi/7.2.1/../../../../arm-none-eabi/lib/thumb/v7-m\libc.a(lib_a-memcpy.o)
                0x00003648                memcpy
 .text.memset   0x00003734       0x94 c:/nxp/mcuxpressoide_10.2.1_795/ide/tools/bin/../lib/gcc/arm-none-eabi/7.2.1/../../../../arm-none-eabi/lib/thumb/v7-m\libc.a(lib_a-memset.o)
                0x00003734                memset
 .text.__malloc_lock
                0x000037c8        0xc c:/nxp/mcuxpressoide_10.2.1_795/ide/tools/bin/../lib/gcc/arm-none-eabi/7.2.1/../../../../arm-none-eabi/lib/thumb/v7-m\libc.a(lib_a-mlock.o)
                0x000037c8                __malloc_lock
 .text.__malloc_unlock
                0x000037d4        0xc c:/nxp/mcuxpressoide_10.2.1_795/ide/tools/bin/../lib/gcc/arm-none-eabi/7.2.1/../../../../arm-none-eabi/lib/thumb/v7-m\libc.a(lib_a-mlock.o)
                0x000037d4                __malloc_unlock
 .text.srand    0x000037e0       0x10 c:/nxp/mcuxpressoide_10.2.1_795/ide/tools/bin/../lib/gcc/arm-none-eabi/7.2.1/../../../../arm-none-eabi/lib/thumb/v7-m\libc.a(lib_a-rand.o)
                0x000037e0                srand
 .text.rand     0x000037f0       0x3c c:/nxp/mcuxpressoide_10.2.1_795/ide/tools/bin/../lib/gcc/arm-none-eabi/7.2.1/../../../../arm-none-eabi/lib/thumb/v7-m\libc.a(lib_a-rand.o)
                0x000037f0                rand
 .text.cleanup_glue
                0x0000382c       0x28 c:/nxp/mcuxpressoide_10.2.1_795/ide/tools/bin/../lib/gcc/arm-none-eabi/7.2.1/../../../../arm-none-eabi/lib/thumb/v7-m\libc.a(lib_a-reent.o)
                0x0000382c                cleanup_glue
 .text._reclaim_reent
                0x00003854       0x88 c:/nxp/mcuxpressoide_10.2.1_795/ide/tools/bin/../lib/gcc/arm-none-eabi/7.2.1/../../../../arm-none-eabi/lib/thumb/v7-m\libc.a(lib_a-reent.o)
                0x00003854                _reclaim_reent
 .text._sbrk_r  0x000038dc       0x24 c:/nxp/mcuxpressoide_10.2.1_795/ide/tools/bin/../lib/gcc/arm-none-eabi/7.2.1/../../../../arm-none-eabi/lib/thumb/v7-m\libc.a(lib_a-sbrkr.o)
                0x000038dc                _sbrk_r
 .text.time     0x00003900       0x34 c:/nxp/mcuxpressoide_10.2.1_795/ide/tools/bin/../lib/gcc/arm-none-eabi/7.2.1/../../../../arm-none-eabi/lib/thumb/v7-m\libc.a(lib_a-time.o)
                0x00003900                time
 .text._malloc_trim_r
                0x00003934       0xa0 c:/nxp/mcuxpressoide_10.2.1_795/ide/tools/bin/../lib/gcc/arm-none-eabi/7.2.1/../../../../arm-none-eabi/lib/thumb/v7-m\libc.a(lib_a-freer.o)
                0x00003934                _malloc_trim_r
 .text._free_r  0x000039d4      0x1e8 c:/nxp/mcuxpressoide_10.2.1_795/ide/tools/bin/../lib/gcc/arm-none-eabi/7.2.1/../../../../arm-none-eabi/lib/thumb/v7-m\libc.a(lib_a-freer.o)
                0x000039d4                _free_r
 .text._gettimeofday_r
                0x00003bbc       0x28 c:/nxp/mcuxpressoide_10.2.1_795/ide/tools/bin/../lib/gcc/arm-none-eabi/7.2.1/../../../../arm-none-eabi/lib/thumb/v7-m\libc.a(lib_a-gettimeofdayr.o)
                0x00003bbc                _gettimeofday_r
 .text.__retarget_lock_acquire_recursive
                0x00003be4        0x4 c:/nxp/mcuxpressoide_10.2.1_795/ide/tools/bin/../lib/gcc/arm-none-eabi/7.2.1/../../../../arm-none-eabi/lib/thumb/v7-m\libc.a(lib_a-lock.o)
                0x00003be4                __retarget_lock_acquire_recursive
 .text.__retarget_lock_release_recursive
                0x00003be8        0x4 c:/nxp/mcuxpressoide_10.2.1_795/ide/tools/bin/../lib/gcc/arm-none-eabi/7.2.1/../../../../arm-none-eabi/lib/thumb/v7-m\libc.a(lib_a-lock.o)
                0x00003be8                __retarget_lock_release_recursive
 .text._sbrk    0x00003bec       0x3c c:/nxp/mcuxpressoide_10.2.1_795/ide/tools/bin/../lib/gcc/arm-none-eabi/7.2.1/../../../../arm-none-eabi/lib/thumb/v7-m\libcr_newlib_nohost.a(_cr_sbrk.o)
                0x00003bec                _sbrk
 .text._gettimeofday
                0x00003c28       0x10 c:/nxp/mcuxpressoide_10.2.1_795/ide/tools/bin/../lib/gcc/arm-none-eabi/7.2.1/../../../../arm-none-eabi/lib/thumb/v7-m\libcr_newlib_nohost.a(gettod.o)
                0x00003c28                _gettimeofday
 .text.__check_heap_overflow
                0x00003c38       0x18 c:/nxp/mcuxpressoide_10.2.1_795/ide/tools/bin/../lib/gcc/arm-none-eabi/7.2.1/../../../../arm-none-eabi/lib/thumb/v7-m\libcr_newlib_nohost.a(_cr_check_heap.o)
                0x00003c38                __check_heap_overflow
 .text          0x00003c50       0x40 c:/nxp/mcuxpressoide_10.2.1_795/ide/tools/bin/../lib/gcc/arm-none-eabi/7.2.1/thumb/v7-m\crtbegin.o
 .text.__errno  0x00003c90        0xc c:/nxp/mcuxpressoide_10.2.1_795/ide/tools/bin/../lib/gcc/arm-none-eabi/7.2.1/../../../../arm-none-eabi/lib/thumb/v7-m\libc.a(lib_a-errno.o)
                0x00003c90                __errno
 *(.rodata .rodata.* .constdata .constdata.*)
 .rodata        0x00003c9c       0xef ./src/ArmOS_lab2_ex3.o
 *fill*         0x00003d8b        0x1 ff
 .rodata._ZTV6Fmutex
                0x00003d8c       0x10 ./src/ArmOS_lab2_ex3.o
                0x00003d8c                vtable for Fmutex
 .rodata.OscRateIn
                0x00003d9c        0x4 D:\1. Project\NPCXpresso10.2\lpc_board_nxp_lpcxpresso_1549\Debug\liblpc_board_nxp_lpcxpresso_1549.a(board.o)
                0x00003d9c                OscRateIn
 .rodata.RTCOscRateIn
                0x00003da0        0x4 D:\1. Project\NPCXpresso10.2\lpc_board_nxp_lpcxpresso_1549\Debug\liblpc_board_nxp_lpcxpresso_1549.a(board.o)
                0x00003da0                RTCOscRateIn
 .rodata.ledpins
                0x00003da4        0x3 D:\1. Project\NPCXpresso10.2\lpc_board_nxp_lpcxpresso_1549\Debug\liblpc_board_nxp_lpcxpresso_1549.a(board.o)
 *fill*         0x00003da7        0x1 ff
 .rodata.ledports
                0x00003da8        0x3 D:\1. Project\NPCXpresso10.2\lpc_board_nxp_lpcxpresso_1549\Debug\liblpc_board_nxp_lpcxpresso_1549.a(board.o)
 *fill*         0x00003dab        0x1 ff
 .rodata.ioconSetup
                0x00003dac       0x74 D:\1. Project\NPCXpresso10.2\lpc_board_nxp_lpcxpresso_1549\Debug\liblpc_board_nxp_lpcxpresso_1549.a(board_sysinit.o)
 .rodata.swmSetup
                0x00003e20        0x6 D:\1. Project\NPCXpresso10.2\lpc_board_nxp_lpcxpresso_1549\Debug\liblpc_board_nxp_lpcxpresso_1549.a(board_sysinit.o)
 *fill*         0x00003e26        0x2 ff
 .rodata        0x00003e28       0x28 D:\1. Project\NPCXpresso10.2\FreeRTOS\Debug\libFreeRTOS.a(tasks.o)
                0x00003e40                FreeRTOSDebugConfig
                0x00003e50                . = ALIGN (0x4)
                0x00003e50                . = ALIGN (0x4)
 *(.init)
 .init          0x00003e50        0x4 c:/nxp/mcuxpressoide_10.2.1_795/ide/tools/bin/../lib/gcc/arm-none-eabi/7.2.1/thumb/v7-m\crti.o
                0x00003e50                _init
 .init          0x00003e54        0x8 c:/nxp/mcuxpressoide_10.2.1_795/ide/tools/bin/../lib/gcc/arm-none-eabi/7.2.1/thumb/v7-m\crtn.o
                0x00003e5c                . = ALIGN (0x4)
                0x00003e5c                __preinit_array_start = .
 *(.preinit_array)
                0x00003e5c                __preinit_array_end = .
                0x00003e5c                . = ALIGN (0x4)
                0x00003e5c                __init_array_start = .
 *(SORT_BY_NAME(.init_array.*))
 *(.init_array)
 .init_array    0x00003e5c        0x4 ./src/ArmOS_lab2_ex3.o
 .init_array    0x00003e60        0x4 c:/nxp/mcuxpressoide_10.2.1_795/ide/tools/bin/../lib/gcc/arm-none-eabi/7.2.1/thumb/v7-m\crtbegin.o
                0x00003e64                __init_array_end = .
 *(.fini)
 .fini          0x00003e64        0x4 c:/nxp/mcuxpressoide_10.2.1_795/ide/tools/bin/../lib/gcc/arm-none-eabi/7.2.1/thumb/v7-m\crti.o
                0x00003e64                _fini
 .fini          0x00003e68        0x8 c:/nxp/mcuxpressoide_10.2.1_795/ide/tools/bin/../lib/gcc/arm-none-eabi/7.2.1/thumb/v7-m\crtn.o
                0x00003e70                . = ALIGN (0x4)
 *crtbegin.o(.ctors)
 *(EXCLUDE_FILE(*crtend.o) .ctors)
 *(SORT_BY_NAME(.ctors.*))
 *crtend.o(.ctors)
                0x00003e70                . = ALIGN (0x4)
 *crtbegin.o(.dtors)
 *(EXCLUDE_FILE(*crtend.o) .dtors)
 *(SORT_BY_NAME(.dtors.*))
 *crtend.o(.dtors)
                0x00003e70                . = ALIGN (0x4)

.glue_7         0x00003e70        0x0
 .glue_7        0x00003e70        0x0 linker stubs

.glue_7t        0x00003e70        0x0
 .glue_7t       0x00003e70        0x0 linker stubs

.vfp11_veneer   0x00003e70        0x0
 .vfp11_veneer  0x00003e70        0x0 linker stubs

.v4_bx          0x00003e70        0x0
 .v4_bx         0x00003e70        0x0 linker stubs

.iplt           0x00003e70        0x0
 .iplt          0x00003e70        0x0 ./src/ArmOS_lab2_ex3.o

.ARM.extab
 *(.ARM.extab* .gnu.linkonce.armextab.*)
                0x00003e70                __exidx_start = .

.ARM.exidx      0x00003e70        0x8
 *(.ARM.exidx* .gnu.linkonce.armexidx.*)
 .ARM.exidx     0x00003e70        0x8 c:/nxp/mcuxpressoide_10.2.1_795/ide/tools/bin/../lib/gcc/arm-none-eabi/7.2.1/thumb/v7-m\libgcc.a(_udivmoddi4.o)
                0x00003e78                __exidx_end = .
                0x00003e78                _etext = .

.rel.dyn        0x00003e78        0x0
 .rel.iplt      0x00003e78        0x0 ./src/ArmOS_lab2_ex3.o

.eh_frame       0x00003e78        0x0
 .eh_frame      0x00003e78        0x0 c:/nxp/mcuxpressoide_10.2.1_795/ide/tools/bin/../lib/gcc/arm-none-eabi/7.2.1/thumb/v7-m\crtbegin.o

.data_RAM2      0x02004000        0x0 load address 0x00003e78
 FILL mask 0xff
                [!provide]                PROVIDE (__start_data_RAM2, .)
 *(.ramfunc.$RAM2)
 *(.ramfunc.$Ram1_16)
 *(.data.$RAM2*)
 *(.data.$Ram1_16*)
                0x02004000                . = ALIGN (0x4)
                [!provide]                PROVIDE (__end_data_RAM2, .)

.data_RAM3      0x02008000        0x0 load address 0x00003e78
 FILL mask 0xff
                [!provide]                PROVIDE (__start_data_RAM3, .)
 *(.ramfunc.$RAM3)
 *(.ramfunc.$Ram2_4)
 *(.data.$RAM3*)
 *(.data.$Ram2_4*)
                0x02008000                . = ALIGN (0x4)
                [!provide]                PROVIDE (__end_data_RAM3, .)

.uninit_RESERVED
                0x02000000        0x0
 *(.bss.$RESERVED*)
                0x02000000                . = ALIGN (0x4)
                0x02000000                _end_uninit_RESERVED = .

.data           0x02000000      0x85c load address 0x00003e78
 FILL mask 0xff
                0x02000000                _data = .
 *(vtable)
 *(.ramfunc*)
 *(.data*)
 .data.book     0x02000000       0x18 ./src/ArmOS_lab2_ex3.o
                0x02000000                book
 .data.uxCriticalNesting
                0x02000018        0x4 D:\1. Project\NPCXpresso10.2\FreeRTOS\Debug\libFreeRTOS.a(port.o)
 .data._impure_ptr
                0x0200001c        0x4 c:/nxp/mcuxpressoide_10.2.1_795/ide/tools/bin/../lib/gcc/arm-none-eabi/7.2.1/../../../../arm-none-eabi/lib/thumb/v7-m\libc.a(lib_a-impure.o)
                0x0200001c                _impure_ptr
 .data.impure_data
                0x02000020      0x428 c:/nxp/mcuxpressoide_10.2.1_795/ide/tools/bin/../lib/gcc/arm-none-eabi/7.2.1/../../../../arm-none-eabi/lib/thumb/v7-m\libc.a(lib_a-impure.o)
 .data.__malloc_av_
                0x02000448      0x408 c:/nxp/mcuxpressoide_10.2.1_795/ide/tools/bin/../lib/gcc/arm-none-eabi/7.2.1/../../../../arm-none-eabi/lib/thumb/v7-m\libc.a(lib_a-mallocr.o)
                0x02000448                __malloc_av_
 .data.__malloc_sbrk_base
                0x02000850        0x4 c:/nxp/mcuxpressoide_10.2.1_795/ide/tools/bin/../lib/gcc/arm-none-eabi/7.2.1/../../../../arm-none-eabi/lib/thumb/v7-m\libc.a(lib_a-mallocr.o)
                0x02000850                __malloc_sbrk_base
 .data.__malloc_trim_threshold
                0x02000854        0x4 c:/nxp/mcuxpressoide_10.2.1_795/ide/tools/bin/../lib/gcc/arm-none-eabi/7.2.1/../../../../arm-none-eabi/lib/thumb/v7-m\libc.a(lib_a-mallocr.o)
                0x02000854                __malloc_trim_threshold
 .data          0x02000858        0x4 c:/nxp/mcuxpressoide_10.2.1_795/ide/tools/bin/../lib/gcc/arm-none-eabi/7.2.1/thumb/v7-m\crtbegin.o
                0x02000858                __dso_handle
                0x0200085c                . = ALIGN (0x4)
                0x0200085c                _edata = .

.igot.plt       0x0200085c        0x0 load address 0x000046d4
 .igot.plt      0x0200085c        0x0 ./src/ArmOS_lab2_ex3.o

.bss_RAM2       0x02004000        0x0
                [!provide]                PROVIDE (__start_bss_RAM2, .)
 *(.bss.$RAM2*)
 *(.bss.$Ram1_16*)
                0x02004000                . = ALIGN ((. != 0x0)?0x4:0x1)
                [!provide]                PROVIDE (__end_bss_RAM2, .)

.bss_RAM3       0x02008000        0x0
                [!provide]                PROVIDE (__start_bss_RAM3, .)
 *(.bss.$RAM3*)
 *(.bss.$Ram2_4*)
                0x02008000                . = ALIGN ((. != 0x0)?0x4:0x1)
                [!provide]                PROVIDE (__end_bss_RAM3, .)

.bss            0x0200085c      0x25c
                0x0200085c                _bss = .
 *(.bss*)
 .bss.serial_management
                0x0200085c        0x8 ./src/ArmOS_lab2_ex3.o
                0x0200085c                serial_management
 .bss.count_semaphore
                0x02000864        0x4 ./src/ArmOS_lab2_ex3.o
                0x02000864                count_semaphore
 .bss._ZZL6vTask1PvE3str
                0x02000868       0x3d ./src/ArmOS_lab2_ex3.o
 *fill*         0x020008a5        0x3 
 .bss.xQueueRegistry
                0x020008a8       0x50 D:\1. Project\NPCXpresso10.2\FreeRTOS\Debug\libFreeRTOS.a(queue.o)
                0x020008a8                xQueueRegistry
 .bss.pxCurrentTCB
                0x020008f8        0x4 D:\1. Project\NPCXpresso10.2\FreeRTOS\Debug\libFreeRTOS.a(tasks.o)
                0x020008f8                pxCurrentTCB
 .bss.pxReadyTasksLists
                0x020008fc       0xa0 D:\1. Project\NPCXpresso10.2\FreeRTOS\Debug\libFreeRTOS.a(tasks.o)
 .bss.xDelayedTaskList1
                0x0200099c       0x14 D:\1. Project\NPCXpresso10.2\FreeRTOS\Debug\libFreeRTOS.a(tasks.o)
 .bss.xDelayedTaskList2
                0x020009b0       0x14 D:\1. Project\NPCXpresso10.2\FreeRTOS\Debug\libFreeRTOS.a(tasks.o)
 .bss.pxDelayedTaskList
                0x020009c4        0x4 D:\1. Project\NPCXpresso10.2\FreeRTOS\Debug\libFreeRTOS.a(tasks.o)
 .bss.pxOverflowDelayedTaskList
                0x020009c8        0x4 D:\1. Project\NPCXpresso10.2\FreeRTOS\Debug\libFreeRTOS.a(tasks.o)
 .bss.xPendingReadyList
                0x020009cc       0x14 D:\1. Project\NPCXpresso10.2\FreeRTOS\Debug\libFreeRTOS.a(tasks.o)
 .bss.xTasksWaitingTermination
                0x020009e0       0x14 D:\1. Project\NPCXpresso10.2\FreeRTOS\Debug\libFreeRTOS.a(tasks.o)
 .bss.uxDeletedTasksWaitingCleanUp
                0x020009f4        0x4 D:\1. Project\NPCXpresso10.2\FreeRTOS\Debug\libFreeRTOS.a(tasks.o)
 .bss.xSuspendedTaskList
                0x020009f8       0x14 D:\1. Project\NPCXpresso10.2\FreeRTOS\Debug\libFreeRTOS.a(tasks.o)
 .bss.uxCurrentNumberOfTasks
                0x02000a0c        0x4 D:\1. Project\NPCXpresso10.2\FreeRTOS\Debug\libFreeRTOS.a(tasks.o)
 .bss.xTickCount
                0x02000a10        0x4 D:\1. Project\NPCXpresso10.2\FreeRTOS\Debug\libFreeRTOS.a(tasks.o)
 .bss.uxTopReadyPriority
                0x02000a14        0x4 D:\1. Project\NPCXpresso10.2\FreeRTOS\Debug\libFreeRTOS.a(tasks.o)
 .bss.xSchedulerRunning
                0x02000a18        0x4 D:\1. Project\NPCXpresso10.2\FreeRTOS\Debug\libFreeRTOS.a(tasks.o)
 .bss.uxPendedTicks
                0x02000a1c        0x4 D:\1. Project\NPCXpresso10.2\FreeRTOS\Debug\libFreeRTOS.a(tasks.o)
 .bss.xYieldPending
                0x02000a20        0x4 D:\1. Project\NPCXpresso10.2\FreeRTOS\Debug\libFreeRTOS.a(tasks.o)
 .bss.xNumOfOverflows
                0x02000a24        0x4 D:\1. Project\NPCXpresso10.2\FreeRTOS\Debug\libFreeRTOS.a(tasks.o)
 .bss.uxTaskNumber
                0x02000a28        0x4 D:\1. Project\NPCXpresso10.2\FreeRTOS\Debug\libFreeRTOS.a(tasks.o)
 .bss.xNextTaskUnblockTime
                0x02000a2c        0x4 D:\1. Project\NPCXpresso10.2\FreeRTOS\Debug\libFreeRTOS.a(tasks.o)
 .bss.xIdleTaskHandle
                0x02000a30        0x4 D:\1. Project\NPCXpresso10.2\FreeRTOS\Debug\libFreeRTOS.a(tasks.o)
 .bss.uxSchedulerSuspended
                0x02000a34        0x4 D:\1. Project\NPCXpresso10.2\FreeRTOS\Debug\libFreeRTOS.a(tasks.o)
 .bss.__malloc_current_mallinfo
                0x02000a38       0x28 c:/nxp/mcuxpressoide_10.2.1_795/ide/tools/bin/../lib/gcc/arm-none-eabi/7.2.1/../../../../arm-none-eabi/lib/thumb/v7-m\libc.a(lib_a-mallocr.o)
                0x02000a38                __malloc_current_mallinfo
 .bss.__malloc_max_sbrked_mem
                0x02000a60        0x4 c:/nxp/mcuxpressoide_10.2.1_795/ide/tools/bin/../lib/gcc/arm-none-eabi/7.2.1/../../../../arm-none-eabi/lib/thumb/v7-m\libc.a(lib_a-mallocr.o)
                0x02000a60                __malloc_max_sbrked_mem
 .bss.__malloc_max_total_mem
                0x02000a64        0x4 c:/nxp/mcuxpressoide_10.2.1_795/ide/tools/bin/../lib/gcc/arm-none-eabi/7.2.1/../../../../arm-none-eabi/lib/thumb/v7-m\libc.a(lib_a-mallocr.o)
                0x02000a64                __malloc_max_total_mem
 .bss.__malloc_top_pad
                0x02000a68        0x4 c:/nxp/mcuxpressoide_10.2.1_795/ide/tools/bin/../lib/gcc/arm-none-eabi/7.2.1/../../../../arm-none-eabi/lib/thumb/v7-m\libc.a(lib_a-mallocr.o)
                0x02000a68                __malloc_top_pad
 .bss.__end_of_heap
                0x02000a6c        0x4 c:/nxp/mcuxpressoide_10.2.1_795/ide/tools/bin/../lib/gcc/arm-none-eabi/7.2.1/../../../../arm-none-eabi/lib/thumb/v7-m\libcr_newlib_nohost.a(_cr_sbrk.o)
                0x02000a6c                __end_of_heap
 .bss           0x02000a70       0x1c c:/nxp/mcuxpressoide_10.2.1_795/ide/tools/bin/../lib/gcc/arm-none-eabi/7.2.1/thumb/v7-m\crtbegin.o
 *(COMMON)
 COMMON         0x02000a8c        0x4 D:\1. Project\NPCXpresso10.2\lpc_chip_15xx\Debug\liblpc_chip_15xx.a(chip_15xx.o)
                0x02000a8c                SystemCoreClock
 COMMON         0x02000a90        0x4 c:/nxp/mcuxpressoide_10.2.1_795/ide/tools/bin/../lib/gcc/arm-none-eabi/7.2.1/../../../../arm-none-eabi/lib/thumb/v7-m\libc.a(lib_a-reent.o)
                0x02000a90                errno
 COMMON         0x02000a94       0x21 c:/nxp/mcuxpressoide_10.2.1_795/ide/tools/bin/../lib/gcc/arm-none-eabi/7.2.1/../../../../arm-none-eabi/lib/thumb/v7-m\libc.a(lib_a-lock.o)
                0x02000a94                __lock___atexit_recursive_mutex
                0x02000a98                __lock___arc4random_mutex
                0x02000a9c                __lock___env_recursive_mutex
                0x02000aa0                __lock___sinit_recursive_mutex
                0x02000aa4                __lock___malloc_recursive_mutex
                0x02000aa8                __lock___at_quick_exit_mutex
                0x02000aac                __lock___dd_hash_mutex
                0x02000ab0                __lock___tz_mutex
                0x02000ab4                __lock___sfp_recursive_mutex
                0x02000ab8                . = ALIGN (0x4)
 *fill*         0x02000ab5        0x3 
                0x02000ab8                _ebss = .
                [!provide]                PROVIDE (end, .)

.noinit_RAM2    0x02004000        0x0
 *(.noinit.$RAM2*)
 *(.noinit.$Ram1_16*)
                0x02004000                . = ALIGN (0x4)

.noinit_RAM3    0x02008000        0x0
 *(.noinit.$RAM3*)
 *(.noinit.$Ram2_4*)
                0x02008000                . = ALIGN (0x4)

.noinit         0x02000ab8        0x0
                0x02000ab8                _noinit = .
 *(.noinit*)
                0x02000ab8                . = ALIGN (0x4)
                0x02000ab8                _end_noinit = .
                0x02000ab8                PROVIDE (_pvHeapStart, DEFINED (__user_heap_base)?__user_heap_base:.)
                0x02004000                PROVIDE (_vStackTop, DEFINED (__user_stack_top)?__user_stack_top:(__top_Ram0_16 - 0x0))
                0xfdffb2e2                PROVIDE (__valid_user_code_checksum, (0x0 - ((((((_vStackTop + (ResetISR + 0x1)) + (NMI_Handler + 0x1)) + (HardFault_Handler + 0x1)) + (DEFINED (MemManage_Handler)?MemManage_Handler:0x0 + 0x1)) + (DEFINED (BusFault_Handler)?BusFault_Handler:0x0 + 0x1)) + (DEFINED (UsageFault_Handler)?UsageFault_Handler:0x0 + 0x1))))
                0x00000000                _image_start = LOADADDR (.text)
                0x000046d4                _image_end = (LOADADDR (.data) + SIZEOF (.data))
                0x000046d4                _image_size = (_image_end - _image_start)
OUTPUT(ArmOS_lab2_ex3.axf elf32-littlearm)

.debug_info     0x00000000    0x16051
 .debug_info    0x00000000     0x5c75 ./src/ArmOS_lab2_ex3.o
 .debug_info    0x00005c75     0x109f ./src/cr_cpp_config.o
 .debug_info    0x00006d14      0x27e ./src/cr_startup_lpc15xx.o
 .debug_info    0x00006f92      0x96c ./src/sysinit.o
 .debug_info    0x000078fe     0x135e D:\1. Project\NPCXpresso10.2\lpc_board_nxp_lpcxpresso_1549\Debug\liblpc_board_nxp_lpcxpresso_1549.a(board.o)
 .debug_info    0x00008c5c     0x150a D:\1. Project\NPCXpresso10.2\lpc_board_nxp_lpcxpresso_1549\Debug\liblpc_board_nxp_lpcxpresso_1549.a(board_sysinit.o)
 .debug_info    0x0000a166      0x9dd D:\1. Project\NPCXpresso10.2\lpc_chip_15xx\Debug\liblpc_chip_15xx.a(chip_15xx.o)
 .debug_info    0x0000ab43      0xd9e D:\1. Project\NPCXpresso10.2\lpc_chip_15xx\Debug\liblpc_chip_15xx.a(clock_15xx.o)
 .debug_info    0x0000b8e1      0x688 D:\1. Project\NPCXpresso10.2\lpc_chip_15xx\Debug\liblpc_chip_15xx.a(gpio_15xx.o)
 .debug_info    0x0000bf69      0x279 D:\1. Project\NPCXpresso10.2\lpc_chip_15xx\Debug\liblpc_chip_15xx.a(iocon_15xx.o)
 .debug_info    0x0000c1e2      0x66c D:\1. Project\NPCXpresso10.2\lpc_chip_15xx\Debug\liblpc_chip_15xx.a(swm_15xx.o)
 .debug_info    0x0000c84e      0x79f D:\1. Project\NPCXpresso10.2\lpc_chip_15xx\Debug\liblpc_chip_15xx.a(sysctl_15xx.o)
 .debug_info    0x0000cfed      0x789 D:\1. Project\NPCXpresso10.2\lpc_chip_15xx\Debug\liblpc_chip_15xx.a(sysinit_15xx.o)
 .debug_info    0x0000d776      0x955 D:\1. Project\NPCXpresso10.2\lpc_chip_15xx\Debug\liblpc_chip_15xx.a(uart_15xx.o)
 .debug_info    0x0000e0cb     0x1a4e D:\1. Project\NPCXpresso10.2\FreeRTOS\Debug\libFreeRTOS.a(queue.o)
 .debug_info    0x0000fb19     0x2586 D:\1. Project\NPCXpresso10.2\FreeRTOS\Debug\libFreeRTOS.a(tasks.o)
 .debug_info    0x0001209f      0x9cc D:\1. Project\NPCXpresso10.2\FreeRTOS\Debug\libFreeRTOS.a(heap_3.o)
 .debug_info    0x00012a6b      0xca4 D:\1. Project\NPCXpresso10.2\FreeRTOS\Debug\libFreeRTOS.a(port.o)
 .debug_info    0x0001370f      0xa85 D:\1. Project\NPCXpresso10.2\FreeRTOS\Debug\libFreeRTOS.a(FreeRTOSCommonHooks.o)
 .debug_info    0x00014194      0xb6b D:\1. Project\NPCXpresso10.2\FreeRTOS\Debug\libFreeRTOS.a(list.o)
 .debug_info    0x00014cff      0x95f c:/nxp/mcuxpressoide_10.2.1_795/ide/tools/bin/../lib/gcc/arm-none-eabi/7.2.1/../../../../arm-none-eabi/lib/thumb/v7-m\libcr_newlib_nohost.a(_cr_sbrk.o)
 .debug_info    0x0001565e      0x989 c:/nxp/mcuxpressoide_10.2.1_795/ide/tools/bin/../lib/gcc/arm-none-eabi/7.2.1/../../../../arm-none-eabi/lib/thumb/v7-m\libcr_newlib_nohost.a(gettod.o)
 .debug_info    0x00015fe7       0x6a c:/nxp/mcuxpressoide_10.2.1_795/ide/tools/bin/../lib/gcc/arm-none-eabi/7.2.1/../../../../arm-none-eabi/lib/thumb/v7-m\libcr_newlib_nohost.a(_cr_check_heap.o)

.debug_abbrev   0x00000000     0x3765
 .debug_abbrev  0x00000000      0x8dd ./src/ArmOS_lab2_ex3.o
 .debug_abbrev  0x000008dd      0x32c ./src/cr_cpp_config.o
 .debug_abbrev  0x00000c09      0x106 ./src/cr_startup_lpc15xx.o
 .debug_abbrev  0x00000d0f      0x1b1 ./src/sysinit.o
 .debug_abbrev  0x00000ec0      0x32b D:\1. Project\NPCXpresso10.2\lpc_board_nxp_lpcxpresso_1549\Debug\liblpc_board_nxp_lpcxpresso_1549.a(board.o)
 .debug_abbrev  0x000011eb      0x2fa D:\1. Project\NPCXpresso10.2\lpc_board_nxp_lpcxpresso_1549\Debug\liblpc_board_nxp_lpcxpresso_1549.a(board_sysinit.o)
 .debug_abbrev  0x000014e5      0x1c0 D:\1. Project\NPCXpresso10.2\lpc_chip_15xx\Debug\liblpc_chip_15xx.a(chip_15xx.o)
 .debug_abbrev  0x000016a5      0x2ac D:\1. Project\NPCXpresso10.2\lpc_chip_15xx\Debug\liblpc_chip_15xx.a(clock_15xx.o)
 .debug_abbrev  0x00001951      0x188 D:\1. Project\NPCXpresso10.2\lpc_chip_15xx\Debug\liblpc_chip_15xx.a(gpio_15xx.o)
 .debug_abbrev  0x00001ad9      0x144 D:\1. Project\NPCXpresso10.2\lpc_chip_15xx\Debug\liblpc_chip_15xx.a(iocon_15xx.o)
 .debug_abbrev  0x00001c1d      0x165 D:\1. Project\NPCXpresso10.2\lpc_chip_15xx\Debug\liblpc_chip_15xx.a(swm_15xx.o)
 .debug_abbrev  0x00001d82      0x13a D:\1. Project\NPCXpresso10.2\lpc_chip_15xx\Debug\liblpc_chip_15xx.a(sysctl_15xx.o)
 .debug_abbrev  0x00001ebc      0x1b5 D:\1. Project\NPCXpresso10.2\lpc_chip_15xx\Debug\liblpc_chip_15xx.a(sysinit_15xx.o)
 .debug_abbrev  0x00002071      0x1fa D:\1. Project\NPCXpresso10.2\lpc_chip_15xx\Debug\liblpc_chip_15xx.a(uart_15xx.o)
 .debug_abbrev  0x0000226b      0x36a D:\1. Project\NPCXpresso10.2\FreeRTOS\Debug\libFreeRTOS.a(queue.o)
 .debug_abbrev  0x000025d5      0x398 D:\1. Project\NPCXpresso10.2\FreeRTOS\Debug\libFreeRTOS.a(tasks.o)
 .debug_abbrev  0x0000296d      0x214 D:\1. Project\NPCXpresso10.2\FreeRTOS\Debug\libFreeRTOS.a(heap_3.o)
 .debug_abbrev  0x00002b81      0x31d D:\1. Project\NPCXpresso10.2\FreeRTOS\Debug\libFreeRTOS.a(port.o)
 .debug_abbrev  0x00002e9e      0x26f D:\1. Project\NPCXpresso10.2\FreeRTOS\Debug\libFreeRTOS.a(FreeRTOSCommonHooks.o)
 .debug_abbrev  0x0000310d      0x205 D:\1. Project\NPCXpresso10.2\FreeRTOS\Debug\libFreeRTOS.a(list.o)
 .debug_abbrev  0x00003312      0x223 c:/nxp/mcuxpressoide_10.2.1_795/ide/tools/bin/../lib/gcc/arm-none-eabi/7.2.1/../../../../arm-none-eabi/lib/thumb/v7-m\libcr_newlib_nohost.a(_cr_sbrk.o)
 .debug_abbrev  0x00003535      0x1ce c:/nxp/mcuxpressoide_10.2.1_795/ide/tools/bin/../lib/gcc/arm-none-eabi/7.2.1/../../../../arm-none-eabi/lib/thumb/v7-m\libcr_newlib_nohost.a(gettod.o)
 .debug_abbrev  0x00003703       0x62 c:/nxp/mcuxpressoide_10.2.1_795/ide/tools/bin/../lib/gcc/arm-none-eabi/7.2.1/../../../../arm-none-eabi/lib/thumb/v7-m\libcr_newlib_nohost.a(_cr_check_heap.o)

.debug_aranges  0x00000000      0xaf8
 .debug_aranges
                0x00000000       0x90 ./src/ArmOS_lab2_ex3.o
 .debug_aranges
                0x00000090       0x48 ./src/cr_cpp_config.o
 .debug_aranges
                0x000000d8       0x80 ./src/cr_startup_lpc15xx.o
 .debug_aranges
                0x00000158       0x20 ./src/sysinit.o
 .debug_aranges
                0x00000178       0xd0 D:\1. Project\NPCXpresso10.2\lpc_board_nxp_lpcxpresso_1549\Debug\liblpc_board_nxp_lpcxpresso_1549.a(board.o)
 .debug_aranges
                0x00000248       0x60 D:\1. Project\NPCXpresso10.2\lpc_board_nxp_lpcxpresso_1549\Debug\liblpc_board_nxp_lpcxpresso_1549.a(board_sysinit.o)
 .debug_aranges
                0x000002a8       0x50 D:\1. Project\NPCXpresso10.2\lpc_chip_15xx\Debug\liblpc_chip_15xx.a(chip_15xx.o)
 .debug_aranges
                0x000002f8      0x128 D:\1. Project\NPCXpresso10.2\lpc_chip_15xx\Debug\liblpc_chip_15xx.a(clock_15xx.o)
 .debug_aranges
                0x00000420       0x70 D:\1. Project\NPCXpresso10.2\lpc_chip_15xx\Debug\liblpc_chip_15xx.a(gpio_15xx.o)
 .debug_aranges
                0x00000490       0x28 D:\1. Project\NPCXpresso10.2\lpc_chip_15xx\Debug\liblpc_chip_15xx.a(iocon_15xx.o)
 .debug_aranges
                0x000004b8       0x40 D:\1. Project\NPCXpresso10.2\lpc_chip_15xx\Debug\liblpc_chip_15xx.a(swm_15xx.o)
 .debug_aranges
                0x000004f8       0x50 D:\1. Project\NPCXpresso10.2\lpc_chip_15xx\Debug\liblpc_chip_15xx.a(sysctl_15xx.o)
 .debug_aranges
                0x00000548       0x58 D:\1. Project\NPCXpresso10.2\lpc_chip_15xx\Debug\liblpc_chip_15xx.a(sysinit_15xx.o)
 .debug_aranges
                0x000005a0       0xc8 D:\1. Project\NPCXpresso10.2\lpc_chip_15xx\Debug\liblpc_chip_15xx.a(uart_15xx.o)
 .debug_aranges
                0x00000668      0x128 D:\1. Project\NPCXpresso10.2\FreeRTOS\Debug\libFreeRTOS.a(queue.o)
 .debug_aranges
                0x00000790      0x1f0 D:\1. Project\NPCXpresso10.2\FreeRTOS\Debug\libFreeRTOS.a(tasks.o)
 .debug_aranges
                0x00000980       0x28 D:\1. Project\NPCXpresso10.2\FreeRTOS\Debug\libFreeRTOS.a(heap_3.o)
 .debug_aranges
                0x000009a8       0x70 D:\1. Project\NPCXpresso10.2\FreeRTOS\Debug\libFreeRTOS.a(port.o)
 .debug_aranges
                0x00000a18       0x40 D:\1. Project\NPCXpresso10.2\FreeRTOS\Debug\libFreeRTOS.a(FreeRTOSCommonHooks.o)
 .debug_aranges
                0x00000a58       0x40 D:\1. Project\NPCXpresso10.2\FreeRTOS\Debug\libFreeRTOS.a(list.o)
 .debug_aranges
                0x00000a98       0x20 c:/nxp/mcuxpressoide_10.2.1_795/ide/tools/bin/../lib/gcc/arm-none-eabi/7.2.1/../../../../arm-none-eabi/lib/thumb/v7-m\libcr_newlib_nohost.a(_cr_sbrk.o)
 .debug_aranges
                0x00000ab8       0x20 c:/nxp/mcuxpressoide_10.2.1_795/ide/tools/bin/../lib/gcc/arm-none-eabi/7.2.1/../../../../arm-none-eabi/lib/thumb/v7-m\libcr_newlib_nohost.a(gettod.o)
 .debug_aranges
                0x00000ad8       0x20 c:/nxp/mcuxpressoide_10.2.1_795/ide/tools/bin/../lib/gcc/arm-none-eabi/7.2.1/../../../../arm-none-eabi/lib/thumb/v7-m\libcr_newlib_nohost.a(_cr_check_heap.o)

.debug_ranges   0x00000000      0x9a0
 .debug_ranges  0x00000000       0x80 ./src/ArmOS_lab2_ex3.o
 .debug_ranges  0x00000080       0x38 ./src/cr_cpp_config.o
 .debug_ranges  0x000000b8       0x70 ./src/cr_startup_lpc15xx.o
 .debug_ranges  0x00000128       0x10 ./src/sysinit.o
 .debug_ranges  0x00000138       0xd8 D:\1. Project\NPCXpresso10.2\lpc_board_nxp_lpcxpresso_1549\Debug\liblpc_board_nxp_lpcxpresso_1549.a(board.o)
 .debug_ranges  0x00000210       0x50 D:\1. Project\NPCXpresso10.2\lpc_board_nxp_lpcxpresso_1549\Debug\liblpc_board_nxp_lpcxpresso_1549.a(board_sysinit.o)
 .debug_ranges  0x00000260       0x40 D:\1. Project\NPCXpresso10.2\lpc_chip_15xx\Debug\liblpc_chip_15xx.a(chip_15xx.o)
 .debug_ranges  0x000002a0      0x118 D:\1. Project\NPCXpresso10.2\lpc_chip_15xx\Debug\liblpc_chip_15xx.a(clock_15xx.o)
 .debug_ranges  0x000003b8       0x60 D:\1. Project\NPCXpresso10.2\lpc_chip_15xx\Debug\liblpc_chip_15xx.a(gpio_15xx.o)
 .debug_ranges  0x00000418       0x18 D:\1. Project\NPCXpresso10.2\lpc_chip_15xx\Debug\liblpc_chip_15xx.a(iocon_15xx.o)
 .debug_ranges  0x00000430       0x30 D:\1. Project\NPCXpresso10.2\lpc_chip_15xx\Debug\liblpc_chip_15xx.a(swm_15xx.o)
 .debug_ranges  0x00000460       0x40 D:\1. Project\NPCXpresso10.2\lpc_chip_15xx\Debug\liblpc_chip_15xx.a(sysctl_15xx.o)
 .debug_ranges  0x000004a0       0x48 D:\1. Project\NPCXpresso10.2\lpc_chip_15xx\Debug\liblpc_chip_15xx.a(sysinit_15xx.o)
 .debug_ranges  0x000004e8       0xb8 D:\1. Project\NPCXpresso10.2\lpc_chip_15xx\Debug\liblpc_chip_15xx.a(uart_15xx.o)
 .debug_ranges  0x000005a0      0x118 D:\1. Project\NPCXpresso10.2\FreeRTOS\Debug\libFreeRTOS.a(queue.o)
 .debug_ranges  0x000006b8      0x1e0 D:\1. Project\NPCXpresso10.2\FreeRTOS\Debug\libFreeRTOS.a(tasks.o)
 .debug_ranges  0x00000898       0x18 D:\1. Project\NPCXpresso10.2\FreeRTOS\Debug\libFreeRTOS.a(heap_3.o)
 .debug_ranges  0x000008b0       0x60 D:\1. Project\NPCXpresso10.2\FreeRTOS\Debug\libFreeRTOS.a(port.o)
 .debug_ranges  0x00000910       0x30 D:\1. Project\NPCXpresso10.2\FreeRTOS\Debug\libFreeRTOS.a(FreeRTOSCommonHooks.o)
 .debug_ranges  0x00000940       0x30 D:\1. Project\NPCXpresso10.2\FreeRTOS\Debug\libFreeRTOS.a(list.o)
 .debug_ranges  0x00000970       0x10 c:/nxp/mcuxpressoide_10.2.1_795/ide/tools/bin/../lib/gcc/arm-none-eabi/7.2.1/../../../../arm-none-eabi/lib/thumb/v7-m\libcr_newlib_nohost.a(_cr_sbrk.o)
 .debug_ranges  0x00000980       0x10 c:/nxp/mcuxpressoide_10.2.1_795/ide/tools/bin/../lib/gcc/arm-none-eabi/7.2.1/../../../../arm-none-eabi/lib/thumb/v7-m\libcr_newlib_nohost.a(gettod.o)
 .debug_ranges  0x00000990       0x10 c:/nxp/mcuxpressoide_10.2.1_795/ide/tools/bin/../lib/gcc/arm-none-eabi/7.2.1/../../../../arm-none-eabi/lib/thumb/v7-m\libcr_newlib_nohost.a(_cr_check_heap.o)

.debug_macro    0x00000000     0xcc03
 .debug_macro   0x00000000      0x887 ./src/ArmOS_lab2_ex3.o
 .debug_macro   0x00000887      0xb20 ./src/ArmOS_lab2_ex3.o
 .debug_macro   0x000013a7       0x1c ./src/ArmOS_lab2_ex3.o
 .debug_macro   0x000013c3       0x22 ./src/ArmOS_lab2_ex3.o
 .debug_macro   0x000013e5       0x4f ./src/ArmOS_lab2_ex3.o
 .debug_macro   0x00001434       0x51 ./src/ArmOS_lab2_ex3.o
 .debug_macro   0x00001485       0xef ./src/ArmOS_lab2_ex3.o
 .debug_macro   0x00001574       0x6a ./src/ArmOS_lab2_ex3.o
 .debug_macro   0x000015de      0x1df ./src/ArmOS_lab2_ex3.o
 .debug_macro   0x000017bd       0x16 ./src/ArmOS_lab2_ex3.o
 .debug_macro   0x000017d3       0x7b ./src/ArmOS_lab2_ex3.o
 .debug_macro   0x0000184e       0x10 ./src/ArmOS_lab2_ex3.o
 .debug_macro   0x0000185e       0x2d ./src/ArmOS_lab2_ex3.o
 .debug_macro   0x0000188b       0x3a ./src/ArmOS_lab2_ex3.o
 .debug_macro   0x000018c5       0x2d ./src/ArmOS_lab2_ex3.o
 .debug_macro   0x000018f2      0xa7d ./src/ArmOS_lab2_ex3.o
 .debug_macro   0x0000236f      0x1b4 ./src/ArmOS_lab2_ex3.o
 .debug_macro   0x00002523       0xca ./src/ArmOS_lab2_ex3.o
 .debug_macro   0x000025ed       0x18 ./src/ArmOS_lab2_ex3.o
 .debug_macro   0x00002605       0xb2 ./src/ArmOS_lab2_ex3.o
 .debug_macro   0x000026b7       0x70 ./src/ArmOS_lab2_ex3.o
 .debug_macro   0x00002727       0x46 ./src/ArmOS_lab2_ex3.o
 .debug_macro   0x0000276d       0xd0 ./src/ArmOS_lab2_ex3.o
 .debug_macro   0x0000283d       0x40 ./src/ArmOS_lab2_ex3.o
 .debug_macro   0x0000287d      0x233 ./src/ArmOS_lab2_ex3.o
 .debug_macro   0x00002ab0       0x16 ./src/ArmOS_lab2_ex3.o
 .debug_macro   0x00002ac6       0x88 ./src/ArmOS_lab2_ex3.o
 .debug_macro   0x00002b4e       0x34 ./src/ArmOS_lab2_ex3.o
 .debug_macro   0x00002b82       0x6a ./src/ArmOS_lab2_ex3.o
 .debug_macro   0x00002bec       0x40 ./src/ArmOS_lab2_ex3.o
 .debug_macro   0x00002c2c       0x1c ./src/ArmOS_lab2_ex3.o
 .debug_macro   0x00002c48       0x16 ./src/ArmOS_lab2_ex3.o
 .debug_macro   0x00002c5e      0x10c ./src/ArmOS_lab2_ex3.o
 .debug_macro   0x00002d6a      0x2a9 ./src/ArmOS_lab2_ex3.o
 .debug_macro   0x00003013       0x76 ./src/ArmOS_lab2_ex3.o
 .debug_macro   0x00003089       0x22 ./src/ArmOS_lab2_ex3.o
 .debug_macro   0x000030ab      0x152 ./src/ArmOS_lab2_ex3.o
 .debug_macro   0x000031fd       0x82 ./src/ArmOS_lab2_ex3.o
 .debug_macro   0x0000327f       0xe6 ./src/ArmOS_lab2_ex3.o
 .debug_macro   0x00003365       0x3a ./src/ArmOS_lab2_ex3.o
 .debug_macro   0x0000339f       0x34 ./src/ArmOS_lab2_ex3.o
 .debug_macro   0x000033d3       0x10 ./src/ArmOS_lab2_ex3.o
 .debug_macro   0x000033e3       0x76 ./src/ArmOS_lab2_ex3.o
 .debug_macro   0x00003459       0x58 ./src/ArmOS_lab2_ex3.o
 .debug_macro   0x000034b1      0x2ca ./src/ArmOS_lab2_ex3.o
 .debug_macro   0x0000377b      0x22b ./src/ArmOS_lab2_ex3.o
 .debug_macro   0x000039a6       0x2e ./src/ArmOS_lab2_ex3.o
 .debug_macro   0x000039d4       0x34 ./src/ArmOS_lab2_ex3.o
 .debug_macro   0x00003a08       0x58 ./src/ArmOS_lab2_ex3.o
 .debug_macro   0x00003a60       0x17 ./src/ArmOS_lab2_ex3.o
 .debug_macro   0x00003a77       0x35 ./src/ArmOS_lab2_ex3.o
 .debug_macro   0x00003aac       0x9c ./src/ArmOS_lab2_ex3.o
 .debug_macro   0x00003b48       0x16 ./src/ArmOS_lab2_ex3.o
 .debug_macro   0x00003b5e       0x97 ./src/ArmOS_lab2_ex3.o
 .debug_macro   0x00003bf5      0x353 ./src/ArmOS_lab2_ex3.o
 .debug_macro   0x00003f48      0x104 ./src/ArmOS_lab2_ex3.o
 .debug_macro   0x0000404c       0x10 ./src/ArmOS_lab2_ex3.o
 .debug_macro   0x0000405c       0x58 ./src/ArmOS_lab2_ex3.o
 .debug_macro   0x000040b4       0x1f ./src/ArmOS_lab2_ex3.o
 .debug_macro   0x000040d3       0x43 ./src/ArmOS_lab2_ex3.o
 .debug_macro   0x00004116       0x20 ./src/ArmOS_lab2_ex3.o
 .debug_macro   0x00004136      0x18e ./src/ArmOS_lab2_ex3.o
 .debug_macro   0x000042c4       0x10 ./src/ArmOS_lab2_ex3.o
 .debug_macro   0x000042d4       0xb6 ./src/ArmOS_lab2_ex3.o
 .debug_macro   0x0000438a       0x16 ./src/ArmOS_lab2_ex3.o
 .debug_macro   0x000043a0      0x114 ./src/ArmOS_lab2_ex3.o
 .debug_macro   0x000044b4       0x20 ./src/ArmOS_lab2_ex3.o
 .debug_macro   0x000044d4       0x82 ./src/ArmOS_lab2_ex3.o
 .debug_macro   0x00004556      0x118 ./src/ArmOS_lab2_ex3.o
 .debug_macro   0x0000466e      0x15a ./src/ArmOS_lab2_ex3.o
 .debug_macro   0x000047c8       0xd6 ./src/ArmOS_lab2_ex3.o
 .debug_macro   0x0000489e       0x10 ./src/ArmOS_lab2_ex3.o
 .debug_macro   0x000048ae       0x1f ./src/ArmOS_lab2_ex3.o
 .debug_macro   0x000048cd       0x16 ./src/ArmOS_lab2_ex3.o
 .debug_macro   0x000048e3       0x35 ./src/ArmOS_lab2_ex3.o
 .debug_macro   0x00004918      0x46b ./src/ArmOS_lab2_ex3.o
 .debug_macro   0x00004d83       0xb5 ./src/ArmOS_lab2_ex3.o
 .debug_macro   0x00004e38       0x8c ./src/ArmOS_lab2_ex3.o
 .debug_macro   0x00004ec4       0x86 ./src/ArmOS_lab2_ex3.o
 .debug_macro   0x00004f4a       0x7e ./src/ArmOS_lab2_ex3.o
 .debug_macro   0x00004fc8      0x168 ./src/ArmOS_lab2_ex3.o
 .debug_macro   0x00005130       0x10 ./src/ArmOS_lab2_ex3.o
 .debug_macro   0x00005140      0x3f4 ./src/ArmOS_lab2_ex3.o
 .debug_macro   0x00005534       0x28 ./src/ArmOS_lab2_ex3.o
 .debug_macro   0x0000555c       0x1f ./src/ArmOS_lab2_ex3.o
 .debug_macro   0x0000557b       0x12 ./src/ArmOS_lab2_ex3.o
 .debug_macro   0x0000558d       0x1c ./src/ArmOS_lab2_ex3.o
 .debug_macro   0x000055a9       0x10 ./src/ArmOS_lab2_ex3.o
 .debug_macro   0x000055b9       0x18 ./src/ArmOS_lab2_ex3.o
 .debug_macro   0x000055d1       0x6e ./src/ArmOS_lab2_ex3.o
 .debug_macro   0x0000563f       0x2e ./src/ArmOS_lab2_ex3.o
 .debug_macro   0x0000566d       0x12 ./src/ArmOS_lab2_ex3.o
 .debug_macro   0x0000567f       0x76 ./src/ArmOS_lab2_ex3.o
 .debug_macro   0x000056f5       0x12 ./src/ArmOS_lab2_ex3.o
 .debug_macro   0x00005707       0x22 ./src/ArmOS_lab2_ex3.o
 .debug_macro   0x00005729       0x3c ./src/ArmOS_lab2_ex3.o
 .debug_macro   0x00005765       0x2c ./src/ArmOS_lab2_ex3.o
 .debug_macro   0x00005791      0x173 ./src/ArmOS_lab2_ex3.o
 .debug_macro   0x00005904       0x17 ./src/ArmOS_lab2_ex3.o
 .debug_macro   0x0000591b       0x10 ./src/ArmOS_lab2_ex3.o
 .debug_macro   0x0000592b       0x2e ./src/ArmOS_lab2_ex3.o
 .debug_macro   0x00005959       0x16 ./src/ArmOS_lab2_ex3.o
 .debug_macro   0x0000596f       0x40 ./src/ArmOS_lab2_ex3.o
 .debug_macro   0x000059af       0x5e ./src/ArmOS_lab2_ex3.o
 .debug_macro   0x00005a0d       0x11 ./src/ArmOS_lab2_ex3.o
 .debug_macro   0x00005a1e       0x2f ./src/ArmOS_lab2_ex3.o
 .debug_macro   0x00005a4d       0x16 ./src/ArmOS_lab2_ex3.o
 .debug_macro   0x00005a63       0x10 ./src/ArmOS_lab2_ex3.o
 .debug_macro   0x00005a73       0x10 ./src/ArmOS_lab2_ex3.o
 .debug_macro   0x00005a83       0x16 ./src/ArmOS_lab2_ex3.o
 .debug_macro   0x00005a99       0x22 ./src/ArmOS_lab2_ex3.o
 .debug_macro   0x00005abb       0x1c ./src/ArmOS_lab2_ex3.o
 .debug_macro   0x00005ad7       0xde ./src/ArmOS_lab2_ex3.o
 .debug_macro   0x00005bb5      0x123 ./src/ArmOS_lab2_ex3.o
 .debug_macro   0x00005cd8       0x10 ./src/ArmOS_lab2_ex3.o
 .debug_macro   0x00005ce8      0x241 ./src/ArmOS_lab2_ex3.o
 .debug_macro   0x00005f29       0x17 ./src/ArmOS_lab2_ex3.o
 .debug_macro   0x00005f40       0xf6 ./src/ArmOS_lab2_ex3.o
 .debug_macro   0x00006036       0x16 ./src/ArmOS_lab2_ex3.o
 .debug_macro   0x0000604c       0x10 ./src/ArmOS_lab2_ex3.o
 .debug_macro   0x0000605c       0x10 ./src/ArmOS_lab2_ex3.o
 .debug_macro   0x0000606c       0x2e ./src/ArmOS_lab2_ex3.o
 .debug_macro   0x0000609a       0x40 ./src/ArmOS_lab2_ex3.o
 .debug_macro   0x000060da      0x137 ./src/cr_cpp_config.o
 .debug_macro   0x00006211       0x52 ./src/cr_cpp_config.o
 .debug_macro   0x00006263       0x55 ./src/cr_cpp_config.o
 .debug_macro   0x000062b8      0x10e ./src/cr_cpp_config.o
 .debug_macro   0x000063c6       0x94 ./src/cr_cpp_config.o
 .debug_macro   0x0000645a       0x57 ./src/cr_cpp_config.o
 .debug_macro   0x000064b1       0x23 ./src/cr_startup_lpc15xx.o
 .debug_macro   0x000064d4      0x376 ./src/sysinit.o
 .debug_macro   0x0000684a       0x22 ./src/sysinit.o
 .debug_macro   0x0000686c      0xa7d ./src/sysinit.o
 .debug_macro   0x000072e9       0x9c ./src/sysinit.o
 .debug_macro   0x00007385       0x97 ./src/sysinit.o
 .debug_macro   0x0000741c      0x330 ./src/sysinit.o
 .debug_macro   0x0000774c       0xfd ./src/sysinit.o
 .debug_macro   0x00007849       0x43 ./src/sysinit.o
 .debug_macro   0x0000788c      0x129 ./src/sysinit.o
 .debug_macro   0x000079b5      0x3f3 D:\1. Project\NPCXpresso10.2\lpc_board_nxp_lpcxpresso_1549\Debug\liblpc_board_nxp_lpcxpresso_1549.a(board.o)
 .debug_macro   0x00007da8      0xa6c D:\1. Project\NPCXpresso10.2\lpc_board_nxp_lpcxpresso_1549\Debug\liblpc_board_nxp_lpcxpresso_1549.a(board.o)
 .debug_macro   0x00008814       0x87 D:\1. Project\NPCXpresso10.2\lpc_board_nxp_lpcxpresso_1549\Debug\liblpc_board_nxp_lpcxpresso_1549.a(board.o)
 .debug_macro   0x0000889b       0x1c D:\1. Project\NPCXpresso10.2\lpc_board_nxp_lpcxpresso_1549\Debug\liblpc_board_nxp_lpcxpresso_1549.a(board.o)
 .debug_macro   0x000088b7       0x52 D:\1. Project\NPCXpresso10.2\lpc_board_nxp_lpcxpresso_1549\Debug\liblpc_board_nxp_lpcxpresso_1549.a(board.o)
 .debug_macro   0x00008909       0x40 D:\1. Project\NPCXpresso10.2\lpc_board_nxp_lpcxpresso_1549\Debug\liblpc_board_nxp_lpcxpresso_1549.a(board.o)
 .debug_macro   0x00008949       0x10 D:\1. Project\NPCXpresso10.2\lpc_board_nxp_lpcxpresso_1549\Debug\liblpc_board_nxp_lpcxpresso_1549.a(board.o)
 .debug_macro   0x00008959       0x40 D:\1. Project\NPCXpresso10.2\lpc_board_nxp_lpcxpresso_1549\Debug\liblpc_board_nxp_lpcxpresso_1549.a(board.o)
 .debug_macro   0x00008999       0xd7 D:\1. Project\NPCXpresso10.2\lpc_board_nxp_lpcxpresso_1549\Debug\liblpc_board_nxp_lpcxpresso_1549.a(board.o)
 .debug_macro   0x00008a70       0x1c D:\1. Project\NPCXpresso10.2\lpc_board_nxp_lpcxpresso_1549\Debug\liblpc_board_nxp_lpcxpresso_1549.a(board.o)
 .debug_macro   0x00008a8c       0x3d D:\1. Project\NPCXpresso10.2\lpc_board_nxp_lpcxpresso_1549\Debug\liblpc_board_nxp_lpcxpresso_1549.a(board.o)
 .debug_macro   0x00008ac9      0x16f D:\1. Project\NPCXpresso10.2\lpc_board_nxp_lpcxpresso_1549\Debug\liblpc_board_nxp_lpcxpresso_1549.a(board.o)
 .debug_macro   0x00008c38       0x12 D:\1. Project\NPCXpresso10.2\lpc_board_nxp_lpcxpresso_1549\Debug\liblpc_board_nxp_lpcxpresso_1549.a(board.o)
 .debug_macro   0x00008c4a      0x414 D:\1. Project\NPCXpresso10.2\lpc_board_nxp_lpcxpresso_1549\Debug\liblpc_board_nxp_lpcxpresso_1549.a(board_sysinit.o)
 .debug_macro   0x0000905e       0x16 D:\1. Project\NPCXpresso10.2\lpc_board_nxp_lpcxpresso_1549\Debug\liblpc_board_nxp_lpcxpresso_1549.a(board_sysinit.o)
 .debug_macro   0x00009074       0x35 D:\1. Project\NPCXpresso10.2\lpc_board_nxp_lpcxpresso_1549\Debug\liblpc_board_nxp_lpcxpresso_1549.a(board_sysinit.o)
 .debug_macro   0x000090a9      0x260 D:\1. Project\NPCXpresso10.2\lpc_chip_15xx\Debug\liblpc_chip_15xx.a(chip_15xx.o)
 .debug_macro   0x00009309      0x260 D:\1. Project\NPCXpresso10.2\lpc_chip_15xx\Debug\liblpc_chip_15xx.a(clock_15xx.o)
 .debug_macro   0x00009569      0x260 D:\1. Project\NPCXpresso10.2\lpc_chip_15xx\Debug\liblpc_chip_15xx.a(gpio_15xx.o)
 .debug_macro   0x000097c9      0x260 D:\1. Project\NPCXpresso10.2\lpc_chip_15xx\Debug\liblpc_chip_15xx.a(iocon_15xx.o)
 .debug_macro   0x00009a29      0x26c D:\1. Project\NPCXpresso10.2\lpc_chip_15xx\Debug\liblpc_chip_15xx.a(swm_15xx.o)
 .debug_macro   0x00009c95      0x278 D:\1. Project\NPCXpresso10.2\lpc_chip_15xx\Debug\liblpc_chip_15xx.a(sysctl_15xx.o)
 .debug_macro   0x00009f0d      0x260 D:\1. Project\NPCXpresso10.2\lpc_chip_15xx\Debug\liblpc_chip_15xx.a(sysinit_15xx.o)
 .debug_macro   0x0000a16d      0x260 D:\1. Project\NPCXpresso10.2\lpc_chip_15xx\Debug\liblpc_chip_15xx.a(uart_15xx.o)
 .debug_macro   0x0000a3cd      0x478 D:\1. Project\NPCXpresso10.2\FreeRTOS\Debug\libFreeRTOS.a(queue.o)
 .debug_macro   0x0000a845      0xa78 D:\1. Project\NPCXpresso10.2\FreeRTOS\Debug\libFreeRTOS.a(queue.o)
 .debug_macro   0x0000b2bd      0x10e D:\1. Project\NPCXpresso10.2\FreeRTOS\Debug\libFreeRTOS.a(queue.o)
 .debug_macro   0x0000b3cb       0x8d D:\1. Project\NPCXpresso10.2\FreeRTOS\Debug\libFreeRTOS.a(queue.o)
 .debug_macro   0x0000b458       0x11 D:\1. Project\NPCXpresso10.2\FreeRTOS\Debug\libFreeRTOS.a(queue.o)
 .debug_macro   0x0000b469       0x1c D:\1. Project\NPCXpresso10.2\FreeRTOS\Debug\libFreeRTOS.a(queue.o)
 .debug_macro   0x0000b485      0x112 D:\1. Project\NPCXpresso10.2\FreeRTOS\Debug\libFreeRTOS.a(queue.o)
 .debug_macro   0x0000b597      0x4f0 D:\1. Project\NPCXpresso10.2\FreeRTOS\Debug\libFreeRTOS.a(tasks.o)
 .debug_macro   0x0000ba87       0x91 D:\1. Project\NPCXpresso10.2\FreeRTOS\Debug\libFreeRTOS.a(tasks.o)
 .debug_macro   0x0000bb18       0x10 D:\1. Project\NPCXpresso10.2\FreeRTOS\Debug\libFreeRTOS.a(tasks.o)
 .debug_macro   0x0000bb28       0x16 D:\1. Project\NPCXpresso10.2\FreeRTOS\Debug\libFreeRTOS.a(tasks.o)
 .debug_macro   0x0000bb3e      0x421 D:\1. Project\NPCXpresso10.2\FreeRTOS\Debug\libFreeRTOS.a(heap_3.o)
 .debug_macro   0x0000bf5f      0x498 D:\1. Project\NPCXpresso10.2\FreeRTOS\Debug\libFreeRTOS.a(port.o)
 .debug_macro   0x0000c3f7      0x406 D:\1. Project\NPCXpresso10.2\FreeRTOS\Debug\libFreeRTOS.a(FreeRTOSCommonHooks.o)
 .debug_macro   0x0000c7fd      0x406 D:\1. Project\NPCXpresso10.2\FreeRTOS\Debug\libFreeRTOS.a(list.o)

.debug_line     0x00000000     0x9a53
 .debug_line    0x00000000     0x1057 ./src/ArmOS_lab2_ex3.o
 .debug_line    0x00001057      0x3e2 ./src/cr_cpp_config.o
 .debug_line    0x00001439       0xd5 ./src/cr_startup_lpc15xx.o
 .debug_line    0x0000150e      0x5f1 ./src/sysinit.o
 .debug_line    0x00001aff      0x898 D:\1. Project\NPCXpresso10.2\lpc_board_nxp_lpcxpresso_1549\Debug\liblpc_board_nxp_lpcxpresso_1549.a(board.o)
 .debug_line    0x00002397      0x76c D:\1. Project\NPCXpresso10.2\lpc_board_nxp_lpcxpresso_1549\Debug\liblpc_board_nxp_lpcxpresso_1549.a(board_sysinit.o)
 .debug_line    0x00002b03      0x563 D:\1. Project\NPCXpresso10.2\lpc_chip_15xx\Debug\liblpc_chip_15xx.a(chip_15xx.o)
 .debug_line    0x00003066      0x7b7 D:\1. Project\NPCXpresso10.2\lpc_chip_15xx\Debug\liblpc_chip_15xx.a(clock_15xx.o)
 .debug_line    0x0000381d      0x5bb D:\1. Project\NPCXpresso10.2\lpc_chip_15xx\Debug\liblpc_chip_15xx.a(gpio_15xx.o)
 .debug_line    0x00003dd8      0x503 D:\1. Project\NPCXpresso10.2\lpc_chip_15xx\Debug\liblpc_chip_15xx.a(iocon_15xx.o)
 .debug_line    0x000042db      0x52e D:\1. Project\NPCXpresso10.2\lpc_chip_15xx\Debug\liblpc_chip_15xx.a(swm_15xx.o)
 .debug_line    0x00004809      0x565 D:\1. Project\NPCXpresso10.2\lpc_chip_15xx\Debug\liblpc_chip_15xx.a(sysctl_15xx.o)
 .debug_line    0x00004d6e      0x598 D:\1. Project\NPCXpresso10.2\lpc_chip_15xx\Debug\liblpc_chip_15xx.a(sysinit_15xx.o)
 .debug_line    0x00005306      0x6dd D:\1. Project\NPCXpresso10.2\lpc_chip_15xx\Debug\liblpc_chip_15xx.a(uart_15xx.o)
 .debug_line    0x000059e3      0xc73 D:\1. Project\NPCXpresso10.2\FreeRTOS\Debug\libFreeRTOS.a(queue.o)
 .debug_line    0x00006656     0x11a5 D:\1. Project\NPCXpresso10.2\FreeRTOS\Debug\libFreeRTOS.a(tasks.o)
 .debug_line    0x000077fb      0x768 D:\1. Project\NPCXpresso10.2\FreeRTOS\Debug\libFreeRTOS.a(heap_3.o)
 .debug_line    0x00007f63      0x84e D:\1. Project\NPCXpresso10.2\FreeRTOS\Debug\libFreeRTOS.a(port.o)
 .debug_line    0x000087b1      0x7bb D:\1. Project\NPCXpresso10.2\FreeRTOS\Debug\libFreeRTOS.a(FreeRTOSCommonHooks.o)
 .debug_line    0x00008f6c      0x7a4 D:\1. Project\NPCXpresso10.2\FreeRTOS\Debug\libFreeRTOS.a(list.o)
 .debug_line    0x00009710      0x125 c:/nxp/mcuxpressoide_10.2.1_795/ide/tools/bin/../lib/gcc/arm-none-eabi/7.2.1/../../../../arm-none-eabi/lib/thumb/v7-m\libcr_newlib_nohost.a(_cr_sbrk.o)
 .debug_line    0x00009835      0x1d1 c:/nxp/mcuxpressoide_10.2.1_795/ide/tools/bin/../lib/gcc/arm-none-eabi/7.2.1/../../../../arm-none-eabi/lib/thumb/v7-m\libcr_newlib_nohost.a(gettod.o)
 .debug_line    0x00009a06       0x4d c:/nxp/mcuxpressoide_10.2.1_795/ide/tools/bin/../lib/gcc/arm-none-eabi/7.2.1/../../../../arm-none-eabi/lib/thumb/v7-m\libcr_newlib_nohost.a(_cr_check_heap.o)

.debug_str      0x00000000    0x26fcf
 .debug_str     0x00000000    0x20431 ./src/ArmOS_lab2_ex3.o
                              0x20d81 (size before relaxing)
 .debug_str     0x00020431       0xf4 ./src/cr_cpp_config.o
                               0x7dc2 (size before relaxing)
 .debug_str     0x00020525      0x1f2 ./src/cr_startup_lpc15xx.o
                               0x3209 (size before relaxing)
 .debug_str     0x00020717      0x2df ./src/sysinit.o
                              0x1299f (size before relaxing)
 .debug_str     0x000209f6     0x16de D:\1. Project\NPCXpresso10.2\lpc_board_nxp_lpcxpresso_1549\Debug\liblpc_board_nxp_lpcxpresso_1549.a(board.o)
                              0x13f3e (size before relaxing)
 .debug_str     0x000220d4      0x877 D:\1. Project\NPCXpresso10.2\lpc_board_nxp_lpcxpresso_1549\Debug\liblpc_board_nxp_lpcxpresso_1549.a(board_sysinit.o)
                              0x1456e (size before relaxing)
 .debug_str     0x0002294b      0x12d D:\1. Project\NPCXpresso10.2\lpc_chip_15xx\Debug\liblpc_chip_15xx.a(chip_15xx.o)
                               0xfc88 (size before relaxing)
 .debug_str     0x00022a78      0x894 D:\1. Project\NPCXpresso10.2\lpc_chip_15xx\Debug\liblpc_chip_15xx.a(clock_15xx.o)
                              0x100a3 (size before relaxing)
 .debug_str     0x0002330c       0xdf D:\1. Project\NPCXpresso10.2\lpc_chip_15xx\Debug\liblpc_chip_15xx.a(gpio_15xx.o)
                               0xf745 (size before relaxing)
 .debug_str     0x000233eb       0x41 D:\1. Project\NPCXpresso10.2\lpc_chip_15xx\Debug\liblpc_chip_15xx.a(iocon_15xx.o)
                               0xf262 (size before relaxing)
 .debug_str     0x0002342c      0x55d D:\1. Project\NPCXpresso10.2\lpc_chip_15xx\Debug\liblpc_chip_15xx.a(swm_15xx.o)
                               0xfc6a (size before relaxing)
 .debug_str     0x00023989      0x183 D:\1. Project\NPCXpresso10.2\lpc_chip_15xx\Debug\liblpc_chip_15xx.a(sysctl_15xx.o)
                               0xf750 (size before relaxing)
 .debug_str     0x00023b0c      0x13f D:\1. Project\NPCXpresso10.2\lpc_chip_15xx\Debug\liblpc_chip_15xx.a(sysinit_15xx.o)
                               0xf73e (size before relaxing)
 .debug_str     0x00023c4b      0x20f D:\1. Project\NPCXpresso10.2\lpc_chip_15xx\Debug\liblpc_chip_15xx.a(uart_15xx.o)
                               0xf8a1 (size before relaxing)
 .debug_str     0x00023e5a      0x8fc D:\1. Project\NPCXpresso10.2\FreeRTOS\Debug\libFreeRTOS.a(queue.o)
                              0x17607 (size before relaxing)
 .debug_str     0x00024756     0x1ea4 D:\1. Project\NPCXpresso10.2\FreeRTOS\Debug\libFreeRTOS.a(tasks.o)
                              0x186db (size before relaxing)
 .debug_str     0x000265fa       0x6a D:\1. Project\NPCXpresso10.2\FreeRTOS\Debug\libFreeRTOS.a(heap_3.o)
                              0x16419 (size before relaxing)
 .debug_str     0x00026664      0x5fe D:\1. Project\NPCXpresso10.2\FreeRTOS\Debug\libFreeRTOS.a(port.o)
                              0x16b7b (size before relaxing)
 .debug_str     0x00026c62       0xc4 D:\1. Project\NPCXpresso10.2\FreeRTOS\Debug\libFreeRTOS.a(FreeRTOSCommonHooks.o)
                              0x163ec (size before relaxing)
 .debug_str     0x00026d26       0x9b D:\1. Project\NPCXpresso10.2\FreeRTOS\Debug\libFreeRTOS.a(list.o)
                              0x15efe (size before relaxing)
 .debug_str     0x00026dc1      0x17f c:/nxp/mcuxpressoide_10.2.1_795/ide/tools/bin/../lib/gcc/arm-none-eabi/7.2.1/../../../../arm-none-eabi/lib/thumb/v7-m\libcr_newlib_nohost.a(_cr_sbrk.o)
                                0x60e (size before relaxing)
 .debug_str     0x00026f40       0x6a c:/nxp/mcuxpressoide_10.2.1_795/ide/tools/bin/../lib/gcc/arm-none-eabi/7.2.1/../../../../arm-none-eabi/lib/thumb/v7-m\libcr_newlib_nohost.a(gettod.o)
                                0x62c (size before relaxing)
 .debug_str     0x00026faa       0x25 c:/nxp/mcuxpressoide_10.2.1_795/ide/tools/bin/../lib/gcc/arm-none-eabi/7.2.1/../../../../arm-none-eabi/lib/thumb/v7-m\libcr_newlib_nohost.a(_cr_check_heap.o)
                                0x166 (size before relaxing)

.comment        0x00000000       0x7e
 .comment       0x00000000       0x7e ./src/ArmOS_lab2_ex3.o
                                 0x7f (size before relaxing)
 .comment       0x0000007e       0x7f ./src/cr_cpp_config.o
 .comment       0x0000007e       0x7f ./src/cr_startup_lpc15xx.o
 .comment       0x0000007e       0x7f ./src/sysinit.o
 .comment       0x0000007e       0x7f D:\1. Project\NPCXpresso10.2\lpc_board_nxp_lpcxpresso_1549\Debug\liblpc_board_nxp_lpcxpresso_1549.a(board.o)
 .comment       0x0000007e       0x7f D:\1. Project\NPCXpresso10.2\lpc_board_nxp_lpcxpresso_1549\Debug\liblpc_board_nxp_lpcxpresso_1549.a(board_sysinit.o)
 .comment       0x0000007e       0x7f D:\1. Project\NPCXpresso10.2\lpc_chip_15xx\Debug\liblpc_chip_15xx.a(chip_15xx.o)
 .comment       0x0000007e       0x7f D:\1. Project\NPCXpresso10.2\lpc_chip_15xx\Debug\liblpc_chip_15xx.a(clock_15xx.o)
 .comment       0x0000007e       0x7f D:\1. Project\NPCXpresso10.2\lpc_chip_15xx\Debug\liblpc_chip_15xx.a(gpio_15xx.o)
 .comment       0x0000007e       0x7f D:\1. Project\NPCXpresso10.2\lpc_chip_15xx\Debug\liblpc_chip_15xx.a(iocon_15xx.o)
 .comment       0x0000007e       0x7f D:\1. Project\NPCXpresso10.2\lpc_chip_15xx\Debug\liblpc_chip_15xx.a(swm_15xx.o)
 .comment       0x0000007e       0x7f D:\1. Project\NPCXpresso10.2\lpc_chip_15xx\Debug\liblpc_chip_15xx.a(sysctl_15xx.o)
 .comment       0x0000007e       0x7f D:\1. Project\NPCXpresso10.2\lpc_chip_15xx\Debug\liblpc_chip_15xx.a(sysinit_15xx.o)
 .comment       0x0000007e       0x7f D:\1. Project\NPCXpresso10.2\lpc_chip_15xx\Debug\liblpc_chip_15xx.a(uart_15xx.o)
 .comment       0x0000007e       0x7f D:\1. Project\NPCXpresso10.2\FreeRTOS\Debug\libFreeRTOS.a(queue.o)
 .comment       0x0000007e       0x7f D:\1. Project\NPCXpresso10.2\FreeRTOS\Debug\libFreeRTOS.a(tasks.o)
 .comment       0x0000007e       0x7f D:\1. Project\NPCXpresso10.2\FreeRTOS\Debug\libFreeRTOS.a(heap_3.o)
 .comment       0x0000007e       0x7f D:\1. Project\NPCXpresso10.2\FreeRTOS\Debug\libFreeRTOS.a(port.o)
 .comment       0x0000007e       0x7f D:\1. Project\NPCXpresso10.2\FreeRTOS\Debug\libFreeRTOS.a(FreeRTOSCommonHooks.o)
 .comment       0x0000007e       0x7f D:\1. Project\NPCXpresso10.2\FreeRTOS\Debug\libFreeRTOS.a(list.o)
 .comment       0x0000007e       0x7f c:/nxp/mcuxpressoide_10.2.1_795/ide/tools/bin/../lib/gcc/arm-none-eabi/7.2.1/../../../../arm-none-eabi/lib/thumb/v7-m\libcr_newlib_nohost.a(_cr_sbrk.o)
 .comment       0x0000007e       0x7f c:/nxp/mcuxpressoide_10.2.1_795/ide/tools/bin/../lib/gcc/arm-none-eabi/7.2.1/../../../../arm-none-eabi/lib/thumb/v7-m\libcr_newlib_nohost.a(gettod.o)
 .comment       0x0000007e       0x7f c:/nxp/mcuxpressoide_10.2.1_795/ide/tools/bin/../lib/gcc/arm-none-eabi/7.2.1/../../../../arm-none-eabi/lib/thumb/v7-m\libcr_newlib_nohost.a(_cr_check_heap.o)

.ARM.attributes
                0x00000000       0x31
 .ARM.attributes
                0x00000000       0x33 ./src/ArmOS_lab2_ex3.o
 .ARM.attributes
                0x00000033       0x33 ./src/cr_cpp_config.o
 .ARM.attributes
                0x00000066       0x33 ./src/cr_startup_lpc15xx.o
 .ARM.attributes
                0x00000099       0x33 ./src/sysinit.o
 .ARM.attributes
                0x000000cc       0x33 D:\1. Project\NPCXpresso10.2\lpc_board_nxp_lpcxpresso_1549\Debug\liblpc_board_nxp_lpcxpresso_1549.a(board.o)
 .ARM.attributes
                0x000000ff       0x33 D:\1. Project\NPCXpresso10.2\lpc_board_nxp_lpcxpresso_1549\Debug\liblpc_board_nxp_lpcxpresso_1549.a(board_sysinit.o)
 .ARM.attributes
                0x00000132       0x33 D:\1. Project\NPCXpresso10.2\lpc_chip_15xx\Debug\liblpc_chip_15xx.a(chip_15xx.o)
 .ARM.attributes
                0x00000165       0x33 D:\1. Project\NPCXpresso10.2\lpc_chip_15xx\Debug\liblpc_chip_15xx.a(clock_15xx.o)
 .ARM.attributes
                0x00000198       0x33 D:\1. Project\NPCXpresso10.2\lpc_chip_15xx\Debug\liblpc_chip_15xx.a(gpio_15xx.o)
 .ARM.attributes
                0x000001cb       0x33 D:\1. Project\NPCXpresso10.2\lpc_chip_15xx\Debug\liblpc_chip_15xx.a(iocon_15xx.o)
 .ARM.attributes
                0x000001fe       0x33 D:\1. Project\NPCXpresso10.2\lpc_chip_15xx\Debug\liblpc_chip_15xx.a(swm_15xx.o)
 .ARM.attributes
                0x00000231       0x33 D:\1. Project\NPCXpresso10.2\lpc_chip_15xx\Debug\liblpc_chip_15xx.a(sysctl_15xx.o)
 .ARM.attributes
                0x00000264       0x33 D:\1. Project\NPCXpresso10.2\lpc_chip_15xx\Debug\liblpc_chip_15xx.a(sysinit_15xx.o)
 .ARM.attributes
                0x00000297       0x33 D:\1. Project\NPCXpresso10.2\lpc_chip_15xx\Debug\liblpc_chip_15xx.a(uart_15xx.o)
 .ARM.attributes
                0x000002ca       0x33 D:\1. Project\NPCXpresso10.2\FreeRTOS\Debug\libFreeRTOS.a(queue.o)
 .ARM.attributes
                0x000002fd       0x33 D:\1. Project\NPCXpresso10.2\FreeRTOS\Debug\libFreeRTOS.a(tasks.o)
 .ARM.attributes
                0x00000330       0x33 D:\1. Project\NPCXpresso10.2\FreeRTOS\Debug\libFreeRTOS.a(heap_3.o)
 .ARM.attributes
                0x00000363       0x33 D:\1. Project\NPCXpresso10.2\FreeRTOS\Debug\libFreeRTOS.a(port.o)
 .ARM.attributes
                0x00000396       0x33 D:\1. Project\NPCXpresso10.2\FreeRTOS\Debug\libFreeRTOS.a(FreeRTOSCommonHooks.o)
 .ARM.attributes
                0x000003c9       0x33 D:\1. Project\NPCXpresso10.2\FreeRTOS\Debug\libFreeRTOS.a(list.o)
 .ARM.attributes
                0x000003fc       0x1d c:/nxp/mcuxpressoide_10.2.1_795/ide/tools/bin/../lib/gcc/arm-none-eabi/7.2.1/thumb/v7-m\libgcc.a(_aeabi_uldivmod.o)
 .ARM.attributes
                0x00000419       0x2d c:/nxp/mcuxpressoide_10.2.1_795/ide/tools/bin/../lib/gcc/arm-none-eabi/7.2.1/thumb/v7-m\libgcc.a(_udivmoddi4.o)
 .ARM.attributes
                0x00000446       0x1d c:/nxp/mcuxpressoide_10.2.1_795/ide/tools/bin/../lib/gcc/arm-none-eabi/7.2.1/thumb/v7-m\libgcc.a(_dvmd_tls.o)
 .ARM.attributes
                0x00000463       0x2d c:/nxp/mcuxpressoide_10.2.1_795/ide/tools/bin/../lib/gcc/arm-none-eabi/7.2.1/../../../../arm-none-eabi/lib/thumb/v7-m\libc.a(lib_a-impure.o)
 .ARM.attributes