Archive member included to satisfy reference by file (symbol)

D:\1. Project\NPCXpresso10.2\lpc_board_nxp_lpcxpresso_1549\Debug\liblpc_board_nxp_lpcxpresso_1549.a(board.o)
                              ./src/ArmOS_lab2_ex2.o (Board_UARTPutChar)
D:\1. Project\NPCXpresso10.2\lpc_board_nxp_lpcxpresso_1549\Debug\liblpc_board_nxp_lpcxpresso_1549.a(board_sysinit.o)
                              ./src/sysinit.o (Board_SystemInit)
D:\1. Project\NPCXpresso10.2\lpc_chip_15xx\Debug\liblpc_chip_15xx.a(chip_15xx.o)
                              ./src/ArmOS_lab2_ex2.o (SystemCoreClockUpdate)
D:\1. Project\NPCXpresso10.2\lpc_chip_15xx\Debug\liblpc_chip_15xx.a(clock_15xx.o)
                              D:\1. Project\NPCXpresso10.2\lpc_board_nxp_lpcxpresso_1549\Debug\liblpc_board_nxp_lpcxpresso_1549.a(board.o) (Chip_Clock_GetMainClockRate)
D:\1. Project\NPCXpresso10.2\lpc_chip_15xx\Debug\liblpc_chip_15xx.a(gpio_15xx.o)
                              D:\1. Project\NPCXpresso10.2\lpc_board_nxp_lpcxpresso_1549\Debug\liblpc_board_nxp_lpcxpresso_1549.a(board.o) (Chip_GPIO_Init)
D:\1. Project\NPCXpresso10.2\lpc_chip_15xx\Debug\liblpc_chip_15xx.a(iocon_15xx.o)
                              D:\1. Project\NPCXpresso10.2\lpc_board_nxp_lpcxpresso_1549\Debug\liblpc_board_nxp_lpcxpresso_1549.a(board_sysinit.o) (Chip_IOCON_SetPinMuxing)
D:\1. Project\NPCXpresso10.2\lpc_chip_15xx\Debug\liblpc_chip_15xx.a(sct_15xx.o)
                              ./src/ArmOS_lab2_ex2.o (Chip_SCT_Init)
D:\1. Project\NPCXpresso10.2\lpc_chip_15xx\Debug\liblpc_chip_15xx.a(swm_15xx.o)
                              D:\1. Project\NPCXpresso10.2\lpc_board_nxp_lpcxpresso_1549\Debug\liblpc_board_nxp_lpcxpresso_1549.a(board.o) (Chip_SWM_MovablePinAssign)
D:\1. Project\NPCXpresso10.2\lpc_chip_15xx\Debug\liblpc_chip_15xx.a(sysctl_15xx.o)
                              D:\1. Project\NPCXpresso10.2\lpc_board_nxp_lpcxpresso_1549\Debug\liblpc_board_nxp_lpcxpresso_1549.a(board_sysinit.o) (Chip_SYSCTL_AssertPeriphReset)
D:\1. Project\NPCXpresso10.2\lpc_chip_15xx\Debug\liblpc_chip_15xx.a(sysinit_15xx.o)
                              D:\1. Project\NPCXpresso10.2\lpc_board_nxp_lpcxpresso_1549\Debug\liblpc_board_nxp_lpcxpresso_1549.a(board_sysinit.o) (Chip_SetupXtalClocking)
D:\1. Project\NPCXpresso10.2\lpc_chip_15xx\Debug\liblpc_chip_15xx.a(uart_15xx.o)
                              D:\1. Project\NPCXpresso10.2\lpc_board_nxp_lpcxpresso_1549\Debug\liblpc_board_nxp_lpcxpresso_1549.a(board.o) (Chip_UART_Init)
D:\1. Project\NPCXpresso10.2\lpc_chip_15xx\Debug\liblpc_chip_15xx.a(ring_buffer.o)
                              D:\1. Project\NPCXpresso10.2\lpc_chip_15xx\Debug\liblpc_chip_15xx.a(uart_15xx.o) (RingBuffer_Insert)
D:\1. Project\NPCXpresso10.2\FreeRTOS\Debug\libFreeRTOS.a(queue.o)
                              ./src/ArmOS_lab2_ex2.o (xQueueGenericCreate)
D:\1. Project\NPCXpresso10.2\FreeRTOS\Debug\libFreeRTOS.a(tasks.o)
                              ./src/ArmOS_lab2_ex2.o (xTaskCreate)
D:\1. Project\NPCXpresso10.2\FreeRTOS\Debug\libFreeRTOS.a(heap_3.o)
                              D:\1. Project\NPCXpresso10.2\FreeRTOS\Debug\libFreeRTOS.a(queue.o) (pvPortMalloc)
D:\1. Project\NPCXpresso10.2\FreeRTOS\Debug\libFreeRTOS.a(port.o)
                              D:\1. Project\NPCXpresso10.2\FreeRTOS\Debug\libFreeRTOS.a(tasks.o) (pxPortInitialiseStack)
D:\1. Project\NPCXpresso10.2\FreeRTOS\Debug\libFreeRTOS.a(FreeRTOSCommonHooks.o)
                              D:\1. Project\NPCXpresso10.2\FreeRTOS\Debug\libFreeRTOS.a(heap_3.o) (vApplicationMallocFailedHook)
D:\1. Project\NPCXpresso10.2\FreeRTOS\Debug\libFreeRTOS.a(list.o)
                              D:\1. Project\NPCXpresso10.2\FreeRTOS\Debug\libFreeRTOS.a(queue.o) (vListInitialise)
c:/nxp/mcuxpressoide_10.2.1_795/ide/tools/bin/../lib/gcc/arm-none-eabi/7.2.1/thumb/v7-m\libgcc.a(_aeabi_uldivmod.o)
                              D:\1. Project\NPCXpresso10.2\lpc_chip_15xx\Debug\liblpc_chip_15xx.a(clock_15xx.o) (__aeabi_uldivmod)
c:/nxp/mcuxpressoide_10.2.1_795/ide/tools/bin/../lib/gcc/arm-none-eabi/7.2.1/thumb/v7-m\libgcc.a(_udivmoddi4.o)
                              c:/nxp/mcuxpressoide_10.2.1_795/ide/tools/bin/../lib/gcc/arm-none-eabi/7.2.1/thumb/v7-m\libgcc.a(_aeabi_uldivmod.o) (__udivmoddi4)
c:/nxp/mcuxpressoide_10.2.1_795/ide/tools/bin/../lib/gcc/arm-none-eabi/7.2.1/thumb/v7-m\libgcc.a(_dvmd_tls.o)
                              c:/nxp/mcuxpressoide_10.2.1_795/ide/tools/bin/../lib/gcc/arm-none-eabi/7.2.1/thumb/v7-m\libgcc.a(_aeabi_uldivmod.o) (__aeabi_ldiv0)
c:/nxp/mcuxpressoide_10.2.1_795/ide/tools/bin/../lib/gcc/arm-none-eabi/7.2.1/../../../../arm-none-eabi/lib/thumb/v7-m\libc.a(lib_a-impure.o)
                              D:\1. Project\NPCXpresso10.2\FreeRTOS\Debug\libFreeRTOS.a(tasks.o) (_impure_ptr)
c:/nxp/mcuxpressoide_10.2.1_795/ide/tools/bin/../lib/gcc/arm-none-eabi/7.2.1/../../../../arm-none-eabi/lib/thumb/v7-m\libc.a(lib_a-init.o)
                              ./src/cr_startup_lpc15xx.o (__libc_init_array)
[...]
Memory Configuration

Name             Origin             Length             Attributes
MFlash256        0x00000000         0x00040000         xr
Ram0_16          0x02000000         0x00004000         xrw
Ram1_16          0x02004000         0x00004000         xrw
Ram2_4           0x02008000         0x00001000         xrw
*default*        0x00000000         0xffffffff

Linker script and memory map

LOAD ./src/ArmOS_lab2_ex2.o
LOAD ./src/DigitalIoPin.o
LOAD ./src/blinky.o
LOAD ./src/cr_cpp_config.o
LOAD ./src/cr_startup_lpc15xx.o
LOAD ./src/crp.o
LOAD ./src/sysinit.o
LOAD D:\1. Project\NPCXpresso10.2\lpc_board_nxp_lpcxpresso_1549\Debug\liblpc_board_nxp_lpcxpresso_1549.a
LOAD D:\1. Project\NPCXpresso10.2\lpc_chip_15xx\Debug\liblpc_chip_15xx.a
LOAD D:\1. Project\NPCXpresso10.2\FreeRTOS\Debug\libFreeRTOS.a
START GROUP
LOAD c:/nxp/mcuxpressoide_10.2.1_795/ide/tools/bin/../lib/gcc/arm-none-eabi/7.2.1/thumb/v7-m\libgcc.a
LOAD c:/nxp/mcuxpressoide_10.2.1_795/ide/tools/bin/../lib/gcc/arm-none-eabi/7.2.1/../../../../arm-none-eabi/lib/thumb/v7-m\libc.a
LOAD c:/nxp/mcuxpressoide_10.2.1_795/ide/tools/bin/../lib/gcc/arm-none-eabi/7.2.1/../../../../arm-none-eabi/lib/thumb/v7-m\libstdc++.a
LOAD c:/nxp/mcuxpressoide_10.2.1_795/ide/tools/bin/../lib/gcc/arm-none-eabi/7.2.1/../../../../arm-none-eabi/lib/thumb/v7-m\libm.a
LOAD c:/nxp/mcuxpressoide_10.2.1_795/ide/tools/bin/../lib/gcc/arm-none-eabi/7.2.1/../../../../arm-none-eabi/lib/thumb/v7-m\libcr_newlib_nohost.a
LOAD c:/nxp/mcuxpressoide_10.2.1_795/ide/tools/bin/../lib/gcc/arm-none-eabi/7.2.1/thumb/v7-m\crti.o
LOAD c:/nxp/mcuxpressoide_10.2.1_795/ide/tools/bin/../lib/gcc/arm-none-eabi/7.2.1/thumb/v7-m\crtn.o
LOAD c:/nxp/mcuxpressoide_10.2.1_795/ide/tools/bin/../lib/gcc/arm-none-eabi/7.2.1/thumb/v7-m\crtbegin.o
LOAD c:/nxp/mcuxpressoide_10.2.1_795/ide/tools/bin/../lib/gcc/arm-none-eabi/7.2.1/thumb/v7-m\crtend.o
END GROUP
                0x00000000                __base_MFlash256 = 0x0
                0x00000000                __base_Flash = 0x0
                0x00040000                __top_MFlash256 = 0x40000
                0x00040000                __top_Flash = 0x40000
                0x02000000                __base_Ram0_16 = 0x2000000
                0x02000000                __base_RAM = 0x2000000
                0x02004000                __top_Ram0_16 = 0x2004000
                0x02004000                __top_RAM = 0x2004000
                0x02004000                __base_Ram1_16 = 0x2004000
                0x02004000                __base_RAM2 = 0x2004000
                0x02008000                __top_Ram1_16 = 0x2008000
                0x02008000                __top_RAM2 = 0x2008000
                0x02008000                __base_Ram2_4 = 0x2008000
                0x02008000                __base_RAM3 = 0x2008000
                0x02009000                __top_Ram2_4 = 0x2009000
                0x02009000                __top_RAM3 = 0x2009000

.text           0x00000000     0x3c94
 FILL mask 0xff
                0x00000000                __vectors_start__ = ABSOLUTE (.)
 *(.isr_vector)
 .isr_vector    0x00000000       0xfc ./src/cr_startup_lpc15xx.o
                0x00000000                g_pfnVectors
                0x000000fc                . = ALIGN (0x4)
                0x000000fc                __section_table_start = .
                0x000000fc                __data_section_table = .
                0x000000fc        0x4 LONG 0x3c9c LOADADDR (.data)
                0x00000100        0x4 LONG 0x2000000 ADDR (.data)
                0x00000104        0x4 LONG 0x840 SIZEOF (.data)
                0x00000108        0x4 LONG 0x3c9c LOADADDR (.data_RAM2)
                0x0000010c        0x4 LONG 0x2004000 ADDR (.data_RAM2)
                0x00000110        0x4 LONG 0x0 SIZEOF (.data_RAM2)
                0x00000114        0x4 LONG 0x3c9c LOADADDR (.data_RAM3)
                0x00000118        0x4 LONG 0x2008000 ADDR (.data_RAM3)
                0x0000011c        0x4 LONG 0x0 SIZEOF (.data_RAM3)
                0x00000120                __data_section_table_end = .
                0x00000120                __bss_section_table = .
                0x00000120        0x4 LONG 0x2000840 ADDR (.bss)
                0x00000124        0x4 LONG 0x1c4 SIZEOF (.bss)
                0x00000128        0x4 LONG 0x2004000 ADDR (.bss_RAM2)
                0x0000012c        0x4 LONG 0x0 SIZEOF (.bss_RAM2)
                0x00000130        0x4 LONG 0x2008000 ADDR (.bss_RAM3)
                0x00000134        0x4 LONG 0x0 SIZEOF (.bss_RAM3)
                0x00000138                __bss_section_table_end = .
                0x00000138                __section_table_end = .
 *(.after_vectors*)
 .after_vectors
                0x00000138      0x140 ./src/cr_startup_lpc15xx.o
                0x00000138                data_init(unsigned int, unsigned int, unsigned int)
                0x0000017a                bss_init(unsigned int, unsigned int)
                0x000001b0                ResetISR
                0x0000023c                NMI_Handler
                0x00000242                HardFault_Handler
                0x00000248                MemManage_Handler
                0x0000024e                BusFault_Handler
                0x00000254                UsageFault_Handler
                0x00000260                DebugMon_Handler
                0x00000272                UART1_IRQHandler
                0x00000272                RTC_WAKE_IRQHandler
                0x00000272                UART0_IRQHandler
                0x00000272                MRT_IRQHandler
                0x00000272                ADC1_THCMP_IRQHandler
                0x00000272                SPI1_IRQHandler
                0x00000272                PIN_INT6_IRQHandler
                0x00000272                IntDefaultHandler
                0x00000272                PIN_INT4_IRQHandler
                0x00000272                CAN_IRQHandler
                0x00000272                RTC_ALARM_IRQHandler
                0x00000272                ADC1B_IRQHandler
                0x00000272                ADC1_OVR_IRQHandler
                0x00000272                USBWakeup_IRQHandler
                0x00000272                UART2_IRQHandler
                0x00000272                ADC0_OVR_IRQHandler
                0x00000272                SCT1_IRQHandler
                0x00000272                PIN_INT2_IRQHandler
                0x00000272                USB_FIQHandler
                0x00000272                SCT3_IRQHandler
                0x00000272                PIN_INT7_IRQHandler
                0x00000272                I2C0_IRQHandler
                0x00000272                PIN_INT1_IRQHandler
                0x00000272                USB_IRQHandler
                0x00000272                BOD_IRQHandler
                0x00000272                ADC0B_IRQHandler
                0x00000272                ACMP0_IRQHandler
                0x00000272                RIT_IRQHandler
                0x00000272                SCT2_IRQHandler
                0x00000272                WDT_IRQHandler
                0x00000272                PIN_INT0_IRQHandler
                0x00000272                QEI_IRQHandler
                0x00000272                ACMP3_IRQHandler
                0x00000272                GINT0_IRQHandler
                0x00000272                DAC_IRQHandler
                0x00000272                SPI0_IRQHandler
                0x00000272                EEPROM_IRQHandler
                0x00000272                ACMP2_IRQHandler
                0x00000272                PIN_INT5_IRQHandler
                0x00000272                ADC1A_IRQHandler
                0x00000272                DMA_IRQHandler
                0x00000272                PIN_INT3_IRQHandler
                0x00000272                ACMP1_IRQHandler
                0x00000272                SCT0_IRQHandler
                0x00000272                ADC0A_IRQHandler
                0x00000272                FMC_IRQHandler
                0x00000272                GINT1_IRQHandler
                0x00000272                ADC0_THCMP_IRQHandler
 *(.text*)
 .text._ZL16prvSetupHardwarev
                0x00000278       0x18 ./src/ArmOS_lab2_ex2.o
 .text._ZL6vTask1Pv
                0x00000290       0x54 ./src/ArmOS_lab2_ex2.o
 .text._ZL6vTask2Pv
                0x000002e4       0x64 ./src/ArmOS_lab2_ex2.o
 .text.main     0x00000348       0x50 ./src/ArmOS_lab2_ex2.o
                0x00000348                main
 .text._Z41__static_initialization_and_destruction_0ii
                0x00000398       0x38 ./src/ArmOS_lab2_ex2.o
 .text._GLOBAL__sub_I_guardian
                0x000003d0       0x10 ./src/ArmOS_lab2_ex2.o
 .text.Chip_IOCON_PinMuxSet
                0x000003e0       0x2c ./src/DigitalIoPin.o
 .text.Chip_GPIO_SetPinState
                0x0000040c       0x36 ./src/DigitalIoPin.o
 .text.Chip_GPIO_GetPinState
                0x00000442       0x34 ./src/DigitalIoPin.o
 .text.Chip_GPIO_SetPinDIROutput
                0x00000476       0x3c ./src/DigitalIoPin.o
 .text.Chip_GPIO_SetPinDIRInput
                0x000004b2       0x3e ./src/DigitalIoPin.o
 .text._ZN12DigitalIoPinC2EiiNS_7pinModeEb
                0x000004f0       0xc0 ./src/DigitalIoPin.o
                0x000004f0                DigitalIoPin::DigitalIoPin(int, int, DigitalIoPin::pinMode, bool)
                0x000004f0                DigitalIoPin::DigitalIoPin(int, int, DigitalIoPin::pinMode, bool)
 .text._ZN12DigitalIoPinD2Ev
                0x000005b0       0x20 ./src/DigitalIoPin.o
                0x000005b0                DigitalIoPin::~DigitalIoPin()
                0x000005b0                DigitalIoPin::~DigitalIoPin()
 .text._ZN12DigitalIoPinD0Ev
                0x000005d0       0x1e ./src/DigitalIoPin.o
                0x000005d0                DigitalIoPin::~DigitalIoPin()
 .text._ZN12DigitalIoPin4readEv
                0x000005ee       0x28 ./src/DigitalIoPin.o
                0x000005ee                DigitalIoPin::read()
 .text._ZN12DigitalIoPin5writeEb
                0x00000616       0x2a ./src/DigitalIoPin.o
                0x00000616                DigitalIoPin::write(bool)
 .text._ZdlPv   0x00000640       0x16 ./src/cr_cpp_config.o
                0x00000640                operator delete(void*)
 .text.SystemInit
                0x00000656        0xc ./src/sysinit.o
                0x00000656                SystemInit
 .text.Chip_IOCON_PinMuxSet
                0x00000662       0x2c D:\1. Project\NPCXpresso10.2\lpc_board_nxp_lpcxpresso_1549\Debug\liblpc_board_nxp_lpcxpresso_1549.a(board.o)
 .text.Chip_SWM_MovablePortPinAssign
                0x0000068e       0x30 D:\1. Project\NPCXpresso10.2\lpc_board_nxp_lpcxpresso_1549\Debug\liblpc_board_nxp_lpcxpresso_1549.a(board.o)
 .text.Chip_GPIO_SetPinState
                0x000006be       0x36 D:\1. Project\NPCXpresso10.2\lpc_board_nxp_lpcxpresso_1549\Debug\liblpc_board_nxp_lpcxpresso_1549.a(board.o)
 .text.Chip_GPIO_SetPinDIROutput
                0x000006f4       0x3c D:\1. Project\NPCXpresso10.2\lpc_board_nxp_lpcxpresso_1549\Debug\liblpc_board_nxp_lpcxpresso_1549.a(board.o)
 .text.Chip_UART_Enable
                0x00000730       0x1e D:\1. Project\NPCXpresso10.2\lpc_board_nxp_lpcxpresso_1549\Debug\liblpc_board_nxp_lpcxpresso_1549.a(board.o)
 .text.Chip_UART_TXEnable
                0x0000074e       0x1e D:\1. Project\NPCXpresso10.2\lpc_board_nxp_lpcxpresso_1549\Debug\liblpc_board_nxp_lpcxpresso_1549.a(board.o)
 .text.Chip_UART_ConfigData
                0x0000076c       0x28 D:\1. Project\NPCXpresso10.2\lpc_board_nxp_lpcxpresso_1549\Debug\liblpc_board_nxp_lpcxpresso_1549.a(board.o)
 .text.Board_UARTPutChar
                0x00000794       0x24 D:\1. Project\NPCXpresso10.2\lpc_board_nxp_lpcxpresso_1549\Debug\liblpc_board_nxp_lpcxpresso_1549.a(board.o)
                0x00000794                Board_UARTPutChar
 .text.Board_UARTGetChar
                0x000007b8       0x2c D:\1. Project\NPCXpresso10.2\lpc_board_nxp_lpcxpresso_1549\Debug\liblpc_board_nxp_lpcxpresso_1549.a(board.o)
                0x000007b8                Board_UARTGetChar
 .text.Board_UARTPutSTR
                0x000007e4       0x28 D:\1. Project\NPCXpresso10.2\lpc_board_nxp_lpcxpresso_1549\Debug\liblpc_board_nxp_lpcxpresso_1549.a(board.o)
                0x000007e4                Board_UARTPutSTR
 .text.Board_Debug_Init
                0x0000080c       0x70 D:\1. Project\NPCXpresso10.2\lpc_board_nxp_lpcxpresso_1549\Debug\liblpc_board_nxp_lpcxpresso_1549.a(board.o)
                0x0000080c                Board_Debug_Init
 .text.Board_LED_Init
                0x0000087c       0x5c D:\1. Project\NPCXpresso10.2\lpc_board_nxp_lpcxpresso_1549\Debug\liblpc_board_nxp_lpcxpresso_1549.a(board.o)
 .text.Board_LED_Set
                0x000008d8       0x54 D:\1. Project\NPCXpresso10.2\lpc_board_nxp_lpcxpresso_1549\Debug\liblpc_board_nxp_lpcxpresso_1549.a(board.o)
                0x000008d8                Board_LED_Set
 .text.Board_Init
                0x0000092c       0x18 D:\1. Project\NPCXpresso10.2\lpc_board_nxp_lpcxpresso_1549\Debug\liblpc_board_nxp_lpcxpresso_1549.a(board.o)
                0x0000092c                Board_Init
 .text.Chip_SYSCTL_PeriphReset
                0x00000944       0x22 D:\1. Project\NPCXpresso10.2\lpc_board_nxp_lpcxpresso_1549\Debug\liblpc_board_nxp_lpcxpresso_1549.a(board_sysinit.o)
 *fill*         0x00000966        0x2 ff
 .text.Chip_Clock_SetUSBPLLSource
                0x00000968       0x20 D:\1. Project\NPCXpresso10.2\lpc_board_nxp_lpcxpresso_1549\Debug\liblpc_board_nxp_lpcxpresso_1549.a(board_sysinit.o)
 .text.Chip_Clock_SetupUSBPLL
                0x00000988       0x34 D:\1. Project\NPCXpresso10.2\lpc_board_nxp_lpcxpresso_1549\Debug\liblpc_board_nxp_lpcxpresso_1549.a(board_sysinit.o)
 .text.Chip_Clock_IsUSBPLLLocked
                0x000009bc       0x24 D:\1. Project\NPCXpresso10.2\lpc_board_nxp_lpcxpresso_1549\Debug\liblpc_board_nxp_lpcxpresso_1549.a(board_sysinit.o)
 .text.Chip_Clock_SetSysTickClockDiv
                0x000009e0       0x20 D:\1. Project\NPCXpresso10.2\lpc_board_nxp_lpcxpresso_1549\Debug\liblpc_board_nxp_lpcxpresso_1549.a(board_sysinit.o)
 .text.Chip_SWM_MovablePortPinAssign
                0x00000a00       0x30 D:\1. Project\NPCXpresso10.2\lpc_board_nxp_lpcxpresso_1549\Debug\liblpc_board_nxp_lpcxpresso_1549.a(board_sysinit.o)
 .text.Board_SetupMuxing
                0x00000a30       0x80 D:\1. Project\NPCXpresso10.2\lpc_board_nxp_lpcxpresso_1549\Debug\liblpc_board_nxp_lpcxpresso_1549.a(board_sysinit.o)
                0x00000a30                Board_SetupMuxing
 .text.Board_SetupClocking
                0x00000ab0       0x3a D:\1. Project\NPCXpresso10.2\lpc_board_nxp_lpcxpresso_1549\Debug\liblpc_board_nxp_lpcxpresso_1549.a(board_sysinit.o)
                0x00000ab0                Board_SetupClocking
 *fill*         0x00000aea        0x2 ff
 .text.Board_SystemInit
                0x00000aec       0x1c D:\1. Project\NPCXpresso10.2\lpc_board_nxp_lpcxpresso_1549\Debug\liblpc_board_nxp_lpcxpresso_1549.a(board_sysinit.o)
                0x00000aec                Board_SystemInit
 .text.SystemCoreClockUpdate
                0x00000b08       0x18 D:\1. Project\NPCXpresso10.2\lpc_chip_15xx\Debug\liblpc_chip_15xx.a(chip_15xx.o)
                0x00000b08                SystemCoreClockUpdate
 .text.Chip_Clock_SetMain_A_ClockSource
                0x00000b20       0x20 D:\1. Project\NPCXpresso10.2\lpc_chip_15xx\Debug\liblpc_chip_15xx.a(clock_15xx.o)
 .text.Chip_Clock_GetMain_A_ClockSource
                0x00000b40       0x18 D:\1. Project\NPCXpresso10.2\lpc_chip_15xx\Debug\liblpc_chip_15xx.a(clock_15xx.o)
 .text.Chip_Clock_SetMain_B_ClockSource
                0x00000b58       0x20 D:\1. Project\NPCXpresso10.2\lpc_chip_15xx\Debug\liblpc_chip_15xx.a(clock_15xx.o)
 .text.Chip_Clock_GetMain_B_ClockSource
                0x00000b78       0x18 D:\1. Project\NPCXpresso10.2\lpc_chip_15xx\Debug\liblpc_chip_15xx.a(clock_15xx.o)
 .text.Chip_Clock_SetUARTFRGDivider
                0x00000b90       0x20 D:\1. Project\NPCXpresso10.2\lpc_chip_15xx\Debug\liblpc_chip_15xx.a(clock_15xx.o)
 .text.Chip_Clock_GetUARTFRGDivider
                0x00000bb0       0x18 D:\1. Project\NPCXpresso10.2\lpc_chip_15xx\Debug\liblpc_chip_15xx.a(clock_15xx.o)
 .text.Chip_Clock_GetMainOscRate
                0x00000bc8       0x14 D:\1. Project\NPCXpresso10.2\lpc_chip_15xx\Debug\liblpc_chip_15xx.a(clock_15xx.o)
 .text.Chip_Clock_GetIntOscRate
                0x00000bdc       0x14 D:\1. Project\NPCXpresso10.2\lpc_chip_15xx\Debug\liblpc_chip_15xx.a(clock_15xx.o)
 .text.Chip_Clock_GetRTCOscRate
                0x00000bf0       0x14 D:\1. Project\NPCXpresso10.2\lpc_chip_15xx\Debug\liblpc_chip_15xx.a(clock_15xx.o)
 .text.Chip_Clock_GetWDTOSCRate
                0x00000c04       0x14 D:\1. Project\NPCXpresso10.2\lpc_chip_15xx\Debug\liblpc_chip_15xx.a(clock_15xx.o)
 .text.Chip_Clock_GetPLLFreq
                0x00000c18       0x26 D:\1. Project\NPCXpresso10.2\lpc_chip_15xx\Debug\liblpc_chip_15xx.a(clock_15xx.o)
 .text.Chip_Clock_GetPLLInClockRate
                0x00000c3e       0x38 D:\1. Project\NPCXpresso10.2\lpc_chip_15xx\Debug\liblpc_chip_15xx.a(clock_15xx.o)
 *fill*         0x00000c76        0x2 ff
 .text.Chip_Clock_GetSystemPLLInClockRate
                0x00000c78       0x1c D:\1. Project\NPCXpresso10.2\lpc_chip_15xx\Debug\liblpc_chip_15xx.a(clock_15xx.o)
                0x00000c78                Chip_Clock_GetSystemPLLInClockRate
 .text.Chip_Clock_GetSystemPLLOutClockRate
                0x00000c94       0x24 D:\1. Project\NPCXpresso10.2\lpc_chip_15xx\Debug\liblpc_chip_15xx.a(clock_15xx.o)
                0x00000c94                Chip_Clock_GetSystemPLLOutClockRate
 .text.Chip_Clock_GetMain_A_ClockRate
                0x00000cb8       0x44 D:\1. Project\NPCXpresso10.2\lpc_chip_15xx\Debug\liblpc_chip_15xx.a(clock_15xx.o)
                0x00000cb8                Chip_Clock_GetMain_A_ClockRate
 .text.Chip_Clock_GetMain_B_ClockRate
                0x00000cfc       0x58 D:\1. Project\NPCXpresso10.2\lpc_chip_15xx\Debug\liblpc_chip_15xx.a(clock_15xx.o)
                0x00000cfc                Chip_Clock_GetMain_B_ClockRate
 .text.Chip_Clock_SetMainClockSource
                0x00000d54       0x3c D:\1. Project\NPCXpresso10.2\lpc_chip_15xx\Debug\liblpc_chip_15xx.a(clock_15xx.o)
                0x00000d54                Chip_Clock_SetMainClockSource
 .text.Chip_Clock_GetMainClockRate
                0x00000d90       0x28 D:\1. Project\NPCXpresso10.2\lpc_chip_15xx\Debug\liblpc_chip_15xx.a(clock_15xx.o)
                0x00000d90                Chip_Clock_GetMainClockRate
 .text.Chip_Clock_EnablePeriphClock
                0x00000db8       0x58 D:\1. Project\NPCXpresso10.2\lpc_chip_15xx\Debug\liblpc_chip_15xx.a(clock_15xx.o)
                0x00000db8                Chip_Clock_EnablePeriphClock
 .text.Chip_Clock_GetUARTBaseClockRate
                0x00000e10       0x8c D:\1. Project\NPCXpresso10.2\lpc_chip_15xx\Debug\liblpc_chip_15xx.a(clock_15xx.o)
                0x00000e10                Chip_Clock_GetUARTBaseClockRate
 .text.Chip_Clock_SetUARTBaseClockRate
                0x00000e9c       0xa4 D:\1. Project\NPCXpresso10.2\lpc_chip_15xx\Debug\liblpc_chip_15xx.a(clock_15xx.o)
                0x00000e9c                Chip_Clock_SetUARTBaseClockRate
 .text.Chip_Clock_GetSystemClockRate
                0x00000f40       0x1c D:\1. Project\NPCXpresso10.2\lpc_chip_15xx\Debug\liblpc_chip_15xx.a(clock_15xx.o)
                0x00000f40                Chip_Clock_GetSystemClockRate
 .text.Chip_SYSCTL_PeriphReset
                0x00000f5c       0x22 D:\1. Project\NPCXpresso10.2\lpc_chip_15xx\Debug\liblpc_chip_15xx.a(gpio_15xx.o)
 .text.Chip_GPIO_Init
                0x00000f7e       0x2e D:\1. Project\NPCXpresso10.2\lpc_chip_15xx\Debug\liblpc_chip_15xx.a(gpio_15xx.o)
                0x00000f7e                Chip_GPIO_Init
 .text.Chip_IOCON_PinMuxSet
                0x00000fac       0x2c D:\1. Project\NPCXpresso10.2\lpc_chip_15xx\Debug\liblpc_chip_15xx.a(iocon_15xx.o)
 .text.Chip_IOCON_SetPinMuxing
                0x00000fd8       0x4e D:\1. Project\NPCXpresso10.2\lpc_chip_15xx\Debug\liblpc_chip_15xx.a(iocon_15xx.o)
                0x00000fd8                Chip_IOCON_SetPinMuxing
 *fill*         0x00001026        0x2 ff
 .text.Chip_SWM_MovablePinAssign
                0x00001028       0x5c D:\1. Project\NPCXpresso10.2\lpc_chip_15xx\Debug\liblpc_chip_15xx.a(swm_15xx.o)
                0x00001028                Chip_SWM_MovablePinAssign
 .text.Chip_SYSCTL_AssertPeriphReset
                0x00001084       0x4c D:\1. Project\NPCXpresso10.2\lpc_chip_15xx\Debug\liblpc_chip_15xx.a(sysctl_15xx.o)
                0x00001084                Chip_SYSCTL_AssertPeriphReset
 .text.Chip_SYSCTL_DeassertPeriphReset
                0x000010d0       0x50 D:\1. Project\NPCXpresso10.2\lpc_chip_15xx\Debug\liblpc_chip_15xx.a(sysctl_15xx.o)
                0x000010d0                Chip_SYSCTL_DeassertPeriphReset
 .text.Chip_SYSCTL_PowerDown
                0x00001120       0x40 D:\1. Project\NPCXpresso10.2\lpc_chip_15xx\Debug\liblpc_chip_15xx.a(sysctl_15xx.o)
                0x00001120                Chip_SYSCTL_PowerDown
 .text.Chip_SYSCTL_PowerUp
                0x00001160       0x40 D:\1. Project\NPCXpresso10.2\lpc_chip_15xx\Debug\liblpc_chip_15xx.a(sysctl_15xx.o)
                0x00001160                Chip_SYSCTL_PowerUp
 .text.Chip_FMC_SetFLASHAccess
                0x000011a0       0x38 D:\1. Project\NPCXpresso10.2\lpc_chip_15xx\Debug\liblpc_chip_15xx.a(sysinit_15xx.o)
 .text.Chip_Clock_SetSystemPLLSource
                0x000011d8       0x20 D:\1. Project\NPCXpresso10.2\lpc_chip_15xx\Debug\liblpc_chip_15xx.a(sysinit_15xx.o)
 .text.Chip_Clock_SetupSystemPLL
                0x000011f8       0x34 D:\1. Project\NPCXpresso10.2\lpc_chip_15xx\Debug\liblpc_chip_15xx.a(sysinit_15xx.o)
 .text.Chip_Clock_IsSystemPLLLocked
                0x0000122c       0x24 D:\1. Project\NPCXpresso10.2\lpc_chip_15xx\Debug\liblpc_chip_15xx.a(sysinit_15xx.o)
 .text.Chip_Clock_SetSysClockDiv
                0x00001250       0x20 D:\1. Project\NPCXpresso10.2\lpc_chip_15xx\Debug\liblpc_chip_15xx.a(sysinit_15xx.o)
 .text.Chip_SetupXtalClocking
                0x00001270       0x6c D:\1. Project\NPCXpresso10.2\lpc_chip_15xx\Debug\liblpc_chip_15xx.a(sysinit_15xx.o)
                0x00001270                Chip_SetupXtalClocking
 .text.Chip_SYSCTL_PeriphReset
                0x000012dc       0x22 D:\1. Project\NPCXpresso10.2\lpc_chip_15xx\Debug\liblpc_chip_15xx.a(uart_15xx.o)
 .text.Chip_UART_SendByte
                0x000012fe       0x1c D:\1. Project\NPCXpresso10.2\lpc_chip_15xx\Debug\liblpc_chip_15xx.a(uart_15xx.o)
 .text.Chip_UART_ReadByte
                0x0000131a       0x1a D:\1. Project\NPCXpresso10.2\lpc_chip_15xx\Debug\liblpc_chip_15xx.a(uart_15xx.o)
 .text.Chip_UART_GetStatus
                0x00001334       0x16 D:\1. Project\NPCXpresso10.2\lpc_chip_15xx\Debug\liblpc_chip_15xx.a(uart_15xx.o)
 *fill*         0x0000134a        0x2 ff
 .text.getUARTClockID
                0x0000134c       0x34 D:\1. Project\NPCXpresso10.2\lpc_chip_15xx\Debug\liblpc_chip_15xx.a(uart_15xx.o)
 .text.Chip_UART_Init
                0x00001380       0x4c D:\1. Project\NPCXpresso10.2\lpc_chip_15xx\Debug\liblpc_chip_15xx.a(uart_15xx.o)
                0x00001380                Chip_UART_Init
 .text.Chip_UART_Send
                0x000013cc       0x50 D:\1. Project\NPCXpresso10.2\lpc_chip_15xx\Debug\liblpc_chip_15xx.a(uart_15xx.o)
                0x000013cc                Chip_UART_Send
 .text.Chip_UART_SendBlocking
                0x0000141c       0x4a D:\1. Project\NPCXpresso10.2\lpc_chip_15xx\Debug\liblpc_chip_15xx.a(uart_15xx.o)
                0x0000141c                Chip_UART_SendBlocking
 .text.Chip_UART_Read
                0x00001466       0x52 D:\1. Project\NPCXpresso10.2\lpc_chip_15xx\Debug\liblpc_chip_15xx.a(uart_15xx.o)
                0x00001466                Chip_UART_Read
 .text.Chip_UART_SetBaud
                0x000014b8       0x2a D:\1. Project\NPCXpresso10.2\lpc_chip_15xx\Debug\liblpc_chip_15xx.a(uart_15xx.o)
                0x000014b8                Chip_UART_SetBaud
 *fill*         0x000014e2        0x2 ff
 .text.xQueueGenericReset
                0x000014e4       0xb4 D:\1. Project\NPCXpresso10.2\FreeRTOS\Debug\libFreeRTOS.a(queue.o)
                0x000014e4                xQueueGenericReset
 .text.xQueueGenericCreate
                0x00001598       0x58 D:\1. Project\NPCXpresso10.2\FreeRTOS\Debug\libFreeRTOS.a(queue.o)
                0x00001598                xQueueGenericCreate
 .text.prvInitialiseNewQueue
                0x000015f0       0x46 D:\1. Project\NPCXpresso10.2\FreeRTOS\Debug\libFreeRTOS.a(queue.o)
 *fill*         0x00001636        0x2 ff
 .text.xQueueGenericSend
                0x00001638      0x154 D:\1. Project\NPCXpresso10.2\FreeRTOS\Debug\libFreeRTOS.a(queue.o)
                0x00001638                xQueueGenericSend
 .text.xQueueSemaphoreTake
                0x0000178c      0x190 D:\1. Project\NPCXpresso10.2\FreeRTOS\Debug\libFreeRTOS.a(queue.o)
                0x0000178c                xQueueSemaphoreTake
 .text.prvGetDisinheritPriorityAfterTimeout
                0x0000191c       0x2e D:\1. Project\NPCXpresso10.2\FreeRTOS\Debug\libFreeRTOS.a(queue.o)
 .text.prvCopyDataToQueue
                0x0000194a       0xd4 D:\1. Project\NPCXpresso10.2\FreeRTOS\Debug\libFreeRTOS.a(queue.o)
 .text.prvUnlockQueue
                0x00001a1e       0xa4 D:\1. Project\NPCXpresso10.2\FreeRTOS\Debug\libFreeRTOS.a(queue.o)
 .text.prvIsQueueEmpty
                0x00001ac2       0x2c D:\1. Project\NPCXpresso10.2\FreeRTOS\Debug\libFreeRTOS.a(queue.o)
 .text.prvIsQueueFull
                0x00001aee       0x30 D:\1. Project\NPCXpresso10.2\FreeRTOS\Debug\libFreeRTOS.a(queue.o)
 .text.xTaskCreate
                0x00001b1e       0x84 D:\1. Project\NPCXpresso10.2\FreeRTOS\Debug\libFreeRTOS.a(tasks.o)
                0x00001b1e                xTaskCreate
 .text.prvInitialiseNewTask
                0x00001ba2      0x178 D:\1. Project\NPCXpresso10.2\FreeRTOS\Debug\libFreeRTOS.a(tasks.o)
 *fill*         0x00001d1a        0x2 ff
 .text.prvAddNewTaskToReadyList
                0x00001d1c       0xdc D:\1. Project\NPCXpresso10.2\FreeRTOS\Debug\libFreeRTOS.a(tasks.o)
 .text.vTaskDelay
                0x00001df8       0x48 D:\1. Project\NPCXpresso10.2\FreeRTOS\Debug\libFreeRTOS.a(tasks.o)
                0x00001df8                vTaskDelay
 .text.vTaskStartScheduler
                0x00001e40       0xa0 D:\1. Project\NPCXpresso10.2\FreeRTOS\Debug\libFreeRTOS.a(tasks.o)
                0x00001e40                vTaskStartScheduler
 .text.vTaskSuspendAll
                0x00001ee0       0x1c D:\1. Project\NPCXpresso10.2\FreeRTOS\Debug\libFreeRTOS.a(tasks.o)
                0x00001ee0                vTaskSuspendAll
 .text.xTaskResumeAll
                0x00001efc      0x11c D:\1. Project\NPCXpresso10.2\FreeRTOS\Debug\libFreeRTOS.a(tasks.o)
                0x00001efc                xTaskResumeAll
 .text.xTaskIncrementTick
                0x00002018      0x158 D:\1. Project\NPCXpresso10.2\FreeRTOS\Debug\libFreeRTOS.a(tasks.o)
                0x00002018                xTaskIncrementTick
 .text.vTaskSwitchContext
                0x00002170       0xe4 D:\1. Project\NPCXpresso10.2\FreeRTOS\Debug\libFreeRTOS.a(tasks.o)
                0x00002170                vTaskSwitchContext
 .text.vTaskPlaceOnEventList
                0x00002254       0x2c D:\1. Project\NPCXpresso10.2\FreeRTOS\Debug\libFreeRTOS.a(tasks.o)
                0x00002254                vTaskPlaceOnEventList
 .text.xTaskRemoveFromEventList
                0x00002280       0xa8 D:\1. Project\NPCXpresso10.2\FreeRTOS\Debug\libFreeRTOS.a(tasks.o)
                0x00002280                xTaskRemoveFromEventList
 .text.vTaskInternalSetTimeOutState
                0x00002328       0x2c D:\1. Project\NPCXpresso10.2\FreeRTOS\Debug\libFreeRTOS.a(tasks.o)
                0x00002328                vTaskInternalSetTimeOutState
 .text.xTaskCheckForTimeOut
                0x00002354       0x8c D:\1. Project\NPCXpresso10.2\FreeRTOS\Debug\libFreeRTOS.a(tasks.o)
                0x00002354                xTaskCheckForTimeOut
 .text.vTaskMissedYield
                0x000023e0       0x18 D:\1. Project\NPCXpresso10.2\FreeRTOS\Debug\libFreeRTOS.a(tasks.o)
                0x000023e0                vTaskMissedYield
 .text.prvIdleTask
                0x000023f8        0xe D:\1. Project\NPCXpresso10.2\FreeRTOS\Debug\libFreeRTOS.a(tasks.o)
 *fill*         0x00002406        0x2 ff
 .text.prvInitialiseTaskLists
                0x00002408       0x80 D:\1. Project\NPCXpresso10.2\FreeRTOS\Debug\libFreeRTOS.a(tasks.o)
 .text.prvCheckTasksWaitingTermination
                0x00002488       0x58 D:\1. Project\NPCXpresso10.2\FreeRTOS\Debug\libFreeRTOS.a(tasks.o)
 .text.prvDeleteTCB
                0x000024e0       0x2a D:\1. Project\NPCXpresso10.2\FreeRTOS\Debug\libFreeRTOS.a(tasks.o)
 *fill*         0x0000250a        0x2 ff
 .text.prvResetNextTaskUnblockTime
                0x0000250c       0x48 D:\1. Project\NPCXpresso10.2\FreeRTOS\Debug\libFreeRTOS.a(tasks.o)
 .text.xTaskPriorityInherit
                0x00002554      0x10c D:\1. Project\NPCXpresso10.2\FreeRTOS\Debug\libFreeRTOS.a(tasks.o)
                0x00002554                xTaskPriorityInherit
 .text.xTaskPriorityDisinherit
                0x00002660       0xc8 D:\1. Project\NPCXpresso10.2\FreeRTOS\Debug\libFreeRTOS.a(tasks.o)
                0x00002660                xTaskPriorityDisinherit
 .text.vTaskPriorityDisinheritAfterTimeout
                0x00002728       0xfc D:\1. Project\NPCXpresso10.2\FreeRTOS\Debug\libFreeRTOS.a(tasks.o)
                0x00002728                vTaskPriorityDisinheritAfterTimeout
 .text.pvTaskIncrementMutexHeldCount
                0x00002824       0x28 D:\1. Project\NPCXpresso10.2\FreeRTOS\Debug\libFreeRTOS.a(tasks.o)
                0x00002824                pvTaskIncrementMutexHeldCount
 .text.prvAddCurrentTaskToDelayedList
                0x0000284c       0xcc D:\1. Project\NPCXpresso10.2\FreeRTOS\Debug\libFreeRTOS.a(tasks.o)
 .text.pvPortMalloc
                0x00002918       0x2c D:\1. Project\NPCXpresso10.2\FreeRTOS\Debug\libFreeRTOS.a(heap_3.o)
                0x00002918                pvPortMalloc
 .text.vPortFree
                0x00002944       0x24 D:\1. Project\NPCXpresso10.2\FreeRTOS\Debug\libFreeRTOS.a(heap_3.o)
                0x00002944                vPortFree
 .text.pxPortInitialiseStack
                0x00002968       0x58 D:\1. Project\NPCXpresso10.2\FreeRTOS\Debug\libFreeRTOS.a(port.o)
                0x00002968                pxPortInitialiseStack
 .text.prvTaskExitError
                0x000029c0       0x2e D:\1. Project\NPCXpresso10.2\FreeRTOS\Debug\libFreeRTOS.a(port.o)
 *fill*         0x000029ee        0x2 ff
 .text.SVC_Handler
                0x000029f0       0x28 D:\1. Project\NPCXpresso10.2\FreeRTOS\Debug\libFreeRTOS.a(port.o)
                0x000029f0                SVC_Handler
 .text.prvPortStartFirstTask
                0x00002a18       0x20 D:\1. Project\NPCXpresso10.2\FreeRTOS\Debug\libFreeRTOS.a(port.o)
 .text.xPortStartScheduler
                0x00002a38       0x40 D:\1. Project\NPCXpresso10.2\FreeRTOS\Debug\libFreeRTOS.a(port.o)
                0x00002a38                xPortStartScheduler
 .text.vPortEnterCritical
                0x00002a78       0x30 D:\1. Project\NPCXpresso10.2\FreeRTOS\Debug\libFreeRTOS.a(port.o)
                0x00002a78                vPortEnterCritical
 .text.vPortExitCritical
                0x00002aa8       0x30 D:\1. Project\NPCXpresso10.2\FreeRTOS\Debug\libFreeRTOS.a(port.o)
                0x00002aa8                vPortExitCritical
 *fill*         0x00002ad8        0x8 ff
 .text.PendSV_Handler
                0x00002ae0       0x48 D:\1. Project\NPCXpresso10.2\FreeRTOS\Debug\libFreeRTOS.a(port.o)
                0x00002ae0                PendSV_Handler
 .text.SysTick_Handler
                0x00002b28       0x40 D:\1. Project\NPCXpresso10.2\FreeRTOS\Debug\libFreeRTOS.a(port.o)
                0x00002b28                SysTick_Handler
 .text.vPortSetupTimerInterrupt
                0x00002b68       0x44 D:\1. Project\NPCXpresso10.2\FreeRTOS\Debug\libFreeRTOS.a(port.o)
                0x00002b68                vPortSetupTimerInterrupt
 .text.vApplicationMallocFailedHook
                0x00002bac       0x1c D:\1. Project\NPCXpresso10.2\FreeRTOS\Debug\libFreeRTOS.a(FreeRTOSCommonHooks.o)
                0x00002bac                vApplicationMallocFailedHook
 .text.vApplicationStackOverflowHook
                0x00002bc8       0x20 D:\1. Project\NPCXpresso10.2\FreeRTOS\Debug\libFreeRTOS.a(FreeRTOSCommonHooks.o)
                0x00002bc8                vApplicationStackOverflowHook
 .text.vListInitialise
                0x00002be8       0x3e D:\1. Project\NPCXpresso10.2\FreeRTOS\Debug\libFreeRTOS.a(list.o)
                0x00002be8                vListInitialise
 .text.vListInitialiseItem
                0x00002c26       0x18 D:\1. Project\NPCXpresso10.2\FreeRTOS\Debug\libFreeRTOS.a(list.o)
                0x00002c26                vListInitialiseItem
 .text.vListInsertEnd
                0x00002c3e       0x46 D:\1. Project\NPCXpresso10.2\FreeRTOS\Debug\libFreeRTOS.a(list.o)
                0x00002c3e                vListInsertEnd
 .text.vListInsert
                0x00002c84       0x70 D:\1. Project\NPCXpresso10.2\FreeRTOS\Debug\libFreeRTOS.a(list.o)
                0x00002c84                vListInsert
 .text.uxListRemove
                0x00002cf4       0x52 D:\1. Project\NPCXpresso10.2\FreeRTOS\Debug\libFreeRTOS.a(list.o)
                0x00002cf4                uxListRemove
 *fill*         0x00002d46        0x2 ff
 .text          0x00002d48       0x30 c:/nxp/mcuxpressoide_10.2.1_795/ide/tools/bin/../lib/gcc/arm-none-eabi/7.2.1/thumb/v7-m\libgcc.a(_aeabi_uldivmod.o)
                0x00002d48                __aeabi_uldivmod
 .text          0x00002d78      0x2d0 c:/nxp/mcuxpressoide_10.2.1_795/ide/tools/bin/../lib/gcc/arm-none-eabi/7.2.1/thumb/v7-m\libgcc.a(_udivmoddi4.o)
                0x00002d78                __udivmoddi4
 .text          0x00003048        0x4 c:/nxp/mcuxpressoide_10.2.1_795/ide/tools/bin/../lib/gcc/arm-none-eabi/7.2.1/thumb/v7-m\libgcc.a(_dvmd_tls.o)
                0x00003048                __aeabi_idiv0
                0x00003048                __aeabi_ldiv0
 .text.__libc_init_array
                0x0000304c       0x48 c:/nxp/mcuxpressoide_10.2.1_795/ide/tools/bin/../lib/gcc/arm-none-eabi/7.2.1/../../../../arm-none-eabi/lib/thumb/v7-m\libc.a(lib_a-init.o)
                0x0000304c                __libc_init_array
 .text.malloc   0x00003094       0x10 c:/nxp/mcuxpressoide_10.2.1_795/ide/tools/bin/../lib/gcc/arm-none-eabi/7.2.1/../../../../arm-none-eabi/lib/thumb/v7-m\libc.a(lib_a-malloc.o)
                0x00003094                malloc
 .text.free     0x000030a4       0x10 c:/nxp/mcuxpressoide_10.2.1_795/ide/tools/bin/../lib/gcc/arm-none-eabi/7.2.1/../../../../arm-none-eabi/lib/thumb/v7-m\libc.a(lib_a-malloc.o)
                0x000030a4                free
 .text._malloc_r
                0x000030b4      0x524 c:/nxp/mcuxpressoide_10.2.1_795/ide/tools/bin/../lib/gcc/arm-none-eabi/7.2.1/../../../../arm-none-eabi/lib/thumb/v7-m\libc.a(lib_a-mallocr.o)
                0x000030b4                _malloc_r
 .text          0x000035d8       0xec c:/nxp/mcuxpressoide_10.2.1_795/ide/tools/bin/../lib/gcc/arm-none-eabi/7.2.1/../../../../arm-none-eabi/lib/thumb/v7-m\libc.a(lib_a-memcpy.o)
                0x000035d8                memcpy
 .text.memset   0x000036c4       0x94 c:/nxp/mcuxpressoide_10.2.1_795/ide/tools/bin/../lib/gcc/arm-none-eabi/7.2.1/../../../../arm-none-eabi/lib/thumb/v7-m\libc.a(lib_a-memset.o)
                0x000036c4                memset
 .text.__malloc_lock
                0x00003758        0xc c:/nxp/mcuxpressoide_10.2.1_795/ide/tools/bin/../lib/gcc/arm-none-eabi/7.2.1/../../../../arm-none-eabi/lib/thumb/v7-m\libc.a(lib_a-mlock.o)
                0x00003758                __malloc_lock
 .text.__malloc_unlock
                0x00003764        0xc c:/nxp/mcuxpressoide_10.2.1_795/ide/tools/bin/../lib/gcc/arm-none-eabi/7.2.1/../../../../arm-none-eabi/lib/thumb/v7-m\libc.a(lib_a-mlock.o)
                0x00003764                __malloc_unlock
 .text.cleanup_glue
                0x00003770       0x28 c:/nxp/mcuxpressoide_10.2.1_795/ide/tools/bin/../lib/gcc/arm-none-eabi/7.2.1/../../../../arm-none-eabi/lib/thumb/v7-m\libc.a(lib_a-reent.o)
                0x00003770                cleanup_glue
 .text._reclaim_reent
                0x00003798       0x88 c:/nxp/mcuxpressoide_10.2.1_795/ide/tools/bin/../lib/gcc/arm-none-eabi/7.2.1/../../../../arm-none-eabi/lib/thumb/v7-m\libc.a(lib_a-reent.o)
                0x00003798                _reclaim_reent
 .text._sbrk_r  0x00003820       0x24 c:/nxp/mcuxpressoide_10.2.1_795/ide/tools/bin/../lib/gcc/arm-none-eabi/7.2.1/../../../../arm-none-eabi/lib/thumb/v7-m\libc.a(lib_a-sbrkr.o)
                0x00003820                _sbrk_r
 .text._malloc_trim_r
                0x00003844       0xa0 c:/nxp/mcuxpressoide_10.2.1_795/ide/tools/bin/../lib/gcc/arm-none-eabi/7.2.1/../../../../arm-none-eabi/lib/thumb/v7-m\libc.a(lib_a-freer.o)
                0x00003844                _malloc_trim_r
 .text._free_r  0x000038e4      0x1e8 c:/nxp/mcuxpressoide_10.2.1_795/ide/tools/bin/../lib/gcc/arm-none-eabi/7.2.1/../../../../arm-none-eabi/lib/thumb/v7-m\libc.a(lib_a-freer.o)
                0x000038e4                _free_r
 .text.__retarget_lock_acquire_recursive
                0x00003acc        0x4 c:/nxp/mcuxpressoide_10.2.1_795/ide/tools/bin/../lib/gcc/arm-none-eabi/7.2.1/../../../../arm-none-eabi/lib/thumb/v7-m\libc.a(lib_a-lock.o)
                0x00003acc                __retarget_lock_acquire_recursive
 .text.__retarget_lock_release_recursive
                0x00003ad0        0x4 c:/nxp/mcuxpressoide_10.2.1_795/ide/tools/bin/../lib/gcc/arm-none-eabi/7.2.1/../../../../arm-none-eabi/lib/thumb/v7-m\libc.a(lib_a-lock.o)
                0x00003ad0                __retarget_lock_release_recursive
 .text._sbrk    0x00003ad4       0x3c c:/nxp/mcuxpressoide_10.2.1_795/ide/tools/bin/../lib/gcc/arm-none-eabi/7.2.1/../../../../arm-none-eabi/lib/thumb/v7-m\libcr_newlib_nohost.a(_cr_sbrk.o)
                0x00003ad4                _sbrk
 .text.__check_heap_overflow
                0x00003b10       0x18 c:/nxp/mcuxpressoide_10.2.1_795/ide/tools/bin/../lib/gcc/arm-none-eabi/7.2.1/../../../../arm-none-eabi/lib/thumb/v7-m\libcr_newlib_nohost.a(_cr_check_heap.o)
                0x00003b10                __check_heap_overflow
 .text          0x00003b28       0x40 c:/nxp/mcuxpressoide_10.2.1_795/ide/tools/bin/../lib/gcc/arm-none-eabi/7.2.1/thumb/v7-m\crtbegin.o
 .text.__errno  0x00003b68        0xc c:/nxp/mcuxpressoide_10.2.1_795/ide/tools/bin/../lib/gcc/arm-none-eabi/7.2.1/../../../../arm-none-eabi/lib/thumb/v7-m\libc.a(lib_a-errno.o)
                0x00003b68                __errno
 *(.rodata .rodata.* .constdata .constdata.*)
 .rodata        0x00003b74       0x36 ./src/ArmOS_lab2_ex2.o
 *fill*         0x00003baa        0x2 ff
 .rodata._ZTV12DigitalIoPin
                0x00003bac       0x14 ./src/DigitalIoPin.o
                0x00003bac                vtable for DigitalIoPin
 .rodata.OscRateIn
                0x00003bc0        0x4 D:\1. Project\NPCXpresso10.2\lpc_board_nxp_lpcxpresso_1549\Debug\liblpc_board_nxp_lpcxpresso_1549.a(board.o)
                0x00003bc0                OscRateIn
 .rodata.RTCOscRateIn
                0x00003bc4        0x4 D:\1. Project\NPCXpresso10.2\lpc_board_nxp_lpcxpresso_1549\Debug\liblpc_board_nxp_lpcxpresso_1549.a(board.o)
                0x00003bc4                RTCOscRateIn
 .rodata.ledpins
                0x00003bc8        0x3 D:\1. Project\NPCXpresso10.2\lpc_board_nxp_lpcxpresso_1549\Debug\liblpc_board_nxp_lpcxpresso_1549.a(board.o)
 *fill*         0x00003bcb        0x1 ff
 .rodata.ledports
                0x00003bcc        0x3 D:\1. Project\NPCXpresso10.2\lpc_board_nxp_lpcxpresso_1549\Debug\liblpc_board_nxp_lpcxpresso_1549.a(board.o)
 *fill*         0x00003bcf        0x1 ff
 .rodata.ioconSetup
                0x00003bd0       0x74 D:\1. Project\NPCXpresso10.2\lpc_board_nxp_lpcxpresso_1549\Debug\liblpc_board_nxp_lpcxpresso_1549.a(board_sysinit.o)
 .rodata.swmSetup
                0x00003c44        0x6 D:\1. Project\NPCXpresso10.2\lpc_board_nxp_lpcxpresso_1549\Debug\liblpc_board_nxp_lpcxpresso_1549.a(board_sysinit.o)
 *fill*         0x00003c4a        0x2 ff
 .rodata        0x00003c4c       0x28 D:\1. Project\NPCXpresso10.2\FreeRTOS\Debug\libFreeRTOS.a(tasks.o)
                0x00003c64                FreeRTOSDebugConfig
                0x00003c74                . = ALIGN (0x4)
                0x00003c74                . = ALIGN (0x4)
 *(.init)
 .init          0x00003c74        0x4 c:/nxp/mcuxpressoide_10.2.1_795/ide/tools/bin/../lib/gcc/arm-none-eabi/7.2.1/thumb/v7-m\crti.o
                0x00003c74                _init
 .init          0x00003c78        0x8 c:/nxp/mcuxpressoide_10.2.1_795/ide/tools/bin/../lib/gcc/arm-none-eabi/7.2.1/thumb/v7-m\crtn.o
                0x00003c80                . = ALIGN (0x4)
                0x00003c80                __preinit_array_start = .
 *(.preinit_array)
                0x00003c80                __preinit_array_end = .
                0x00003c80                . = ALIGN (0x4)
                0x00003c80                __init_array_start = .
 *(SORT_BY_NAME(.init_array.*))
 *(.init_array)
 .init_array    0x00003c80        0x4 ./src/ArmOS_lab2_ex2.o
 .init_array    0x00003c84        0x4 c:/nxp/mcuxpressoide_10.2.1_795/ide/tools/bin/../lib/gcc/arm-none-eabi/7.2.1/thumb/v7-m\crtbegin.o
                0x00003c88                __init_array_end = .
 *(.fini)
 .fini          0x00003c88        0x4 c:/nxp/mcuxpressoide_10.2.1_795/ide/tools/bin/../lib/gcc/arm-none-eabi/7.2.1/thumb/v7-m\crti.o
                0x00003c88                _fini
 .fini          0x00003c8c        0x8 c:/nxp/mcuxpressoide_10.2.1_795/ide/tools/bin/../lib/gcc/arm-none-eabi/7.2.1/thumb/v7-m\crtn.o
                0x00003c94                . = ALIGN (0x4)
 *crtbegin.o(.ctors)
 *(EXCLUDE_FILE(*crtend.o) .ctors)
 *(SORT_BY_NAME(.ctors.*))
 *crtend.o(.ctors)
                0x00003c94                . = ALIGN (0x4)
 *crtbegin.o(.dtors)
 *(EXCLUDE_FILE(*crtend.o) .dtors)
 *(SORT_BY_NAME(.dtors.*))
 *crtend.o(.dtors)
                0x00003c94                . = ALIGN (0x4)

.glue_7         0x00003c94        0x0
 .glue_7        0x00003c94        0x0 linker stubs

.glue_7t        0x00003c94        0x0
 .glue_7t       0x00003c94        0x0 linker stubs

.vfp11_veneer   0x00003c94        0x0
 .vfp11_veneer  0x00003c94        0x0 linker stubs

.v4_bx          0x00003c94        0x0
 .v4_bx         0x00003c94        0x0 linker stubs

.iplt           0x00003c94        0x0
 .iplt          0x00003c94        0x0 ./src/ArmOS_lab2_ex2.o

.ARM.extab
 *(.ARM.extab* .gnu.linkonce.armextab.*)
                0x00003c94                __exidx_start = .

.ARM.exidx      0x00003c94        0x8
 *(.ARM.exidx* .gnu.linkonce.armexidx.*)
 .ARM.exidx     0x00003c94        0x8 c:/nxp/mcuxpressoide_10.2.1_795/ide/tools/bin/../lib/gcc/arm-none-eabi/7.2.1/thumb/v7-m\libgcc.a(_udivmoddi4.o)
                0x00003c9c                __exidx_end = .
                0x00003c9c                _etext = .

.rel.dyn        0x00003c9c        0x0
 .rel.iplt      0x00003c9c        0x0 ./src/ArmOS_lab2_ex2.o

.eh_frame       0x00003c9c        0x0
 .eh_frame      0x00003c9c        0x0 c:/nxp/mcuxpressoide_10.2.1_795/ide/tools/bin/../lib/gcc/arm-none-eabi/7.2.1/thumb/v7-m\crtbegin.o

.data_RAM2      0x02004000        0x0 load address 0x00003c9c
 FILL mask 0xff
                [!provide]                PROVIDE (__start_data_RAM2, .)
 *(.ramfunc.$RAM2)
 *(.ramfunc.$Ram1_16)
 *(.data.$RAM2*)
 *(.data.$Ram1_16*)
                0x02004000                . = ALIGN (0x4)
                [!provide]                PROVIDE (__end_data_RAM2, .)

.data_RAM3      0x02008000        0x0 load address 0x00003c9c
 FILL mask 0xff
                [!provide]                PROVIDE (__start_data_RAM3, .)
 *(.ramfunc.$RAM3)
 *(.ramfunc.$Ram2_4)
 *(.data.$RAM3*)
 *(.data.$Ram2_4*)
                0x02008000                . = ALIGN (0x4)
                [!provide]                PROVIDE (__end_data_RAM3, .)

.uninit_RESERVED
                0x02000000        0x0
 *(.bss.$RESERVED*)
                0x02000000                . = ALIGN (0x4)
                0x02000000                _end_uninit_RESERVED = .

.data           0x02000000      0x840 load address 0x00003c9c
 FILL mask 0xff
                0x02000000                _data = .
 *(vtable)
 *(.ramfunc*)
 *(.data*)
 .data.uxCriticalNesting
                0x02000000        0x4 D:\1. Project\NPCXpresso10.2\FreeRTOS\Debug\libFreeRTOS.a(port.o)
 .data._impure_ptr
                0x02000004        0x4 c:/nxp/mcuxpressoide_10.2.1_795/ide/tools/bin/../lib/gcc/arm-none-eabi/7.2.1/../../../../arm-none-eabi/lib/thumb/v7-m\libc.a(lib_a-impure.o)
                0x02000004                _impure_ptr
 .data.impure_data
                0x02000008      0x428 c:/nxp/mcuxpressoide_10.2.1_795/ide/tools/bin/../lib/gcc/arm-none-eabi/7.2.1/../../../../arm-none-eabi/lib/thumb/v7-m\libc.a(lib_a-impure.o)
 .data.__malloc_av_
                0x02000430      0x408 c:/nxp/mcuxpressoide_10.2.1_795/ide/tools/bin/../lib/gcc/arm-none-eabi/7.2.1/../../../../arm-none-eabi/lib/thumb/v7-m\libc.a(lib_a-mallocr.o)
                0x02000430                __malloc_av_
 .data.__malloc_sbrk_base
                0x02000838        0x4 c:/nxp/mcuxpressoide_10.2.1_795/ide/tools/bin/../lib/gcc/arm-none-eabi/7.2.1/../../../../arm-none-eabi/lib/thumb/v7-m\libc.a(lib_a-mallocr.o)
                0x02000838                __malloc_sbrk_base
 .data.__malloc_trim_threshold
                0x0200083c        0x4 c:/nxp/mcuxpressoide_10.2.1_795/ide/tools/bin/../lib/gcc/arm-none-eabi/7.2.1/../../../../arm-none-eabi/lib/thumb/v7-m\libc.a(lib_a-mallocr.o)
                0x0200083c                __malloc_trim_threshold
                0x02000840                . = ALIGN (0x4)
                0x02000840                _edata = .

.igot.plt       0x02000840        0x0 load address 0x000044dc
 .igot.plt      0x02000840        0x0 ./src/ArmOS_lab2_ex2.o

.bss_RAM2       0x02004000        0x0
                [!provide]                PROVIDE (__start_bss_RAM2, .)
 *(.bss.$RAM2*)
 *(.bss.$Ram1_16*)
                0x02004000                . = ALIGN ((. != 0x0)?0x4:0x1)
                [!provide]                PROVIDE (__end_bss_RAM2, .)

.bss_RAM3       0x02008000        0x0
                [!provide]                PROVIDE (__start_bss_RAM3, .)
 *(.bss.$RAM3*)
 *(.bss.$Ram2_4*)
                0x02008000                . = ALIGN ((. != 0x0)?0x4:0x1)
                [!provide]                PROVIDE (__end_bss_RAM3, .)

.bss            0x02000840      0x1c4
                0x02000840                _bss = .
 *(.bss*)
 .bss.guardian  0x02000840        0x4 ./src/ArmOS_lab2_ex2.o
                0x02000840                guardian
 .bss.pxCurrentTCB
                0x02000844        0x4 D:\1. Project\NPCXpresso10.2\FreeRTOS\Debug\libFreeRTOS.a(tasks.o)
                0x02000844                pxCurrentTCB
 .bss.pxReadyTasksLists
                0x02000848       0xa0 D:\1. Project\NPCXpresso10.2\FreeRTOS\Debug\libFreeRTOS.a(tasks.o)
 .bss.xDelayedTaskList1
                0x020008e8       0x14 D:\1. Project\NPCXpresso10.2\FreeRTOS\Debug\libFreeRTOS.a(tasks.o)
 .bss.xDelayedTaskList2
                0x020008fc       0x14 D:\1. Project\NPCXpresso10.2\FreeRTOS\Debug\libFreeRTOS.a(tasks.o)
 .bss.pxDelayedTaskList
                0x02000910        0x4 D:\1. Project\NPCXpresso10.2\FreeRTOS\Debug\libFreeRTOS.a(tasks.o)
 .bss.pxOverflowDelayedTaskList
                0x02000914        0x4 D:\1. Project\NPCXpresso10.2\FreeRTOS\Debug\libFreeRTOS.a(tasks.o)
 .bss.xPendingReadyList
                0x02000918       0x14 D:\1. Project\NPCXpresso10.2\FreeRTOS\Debug\libFreeRTOS.a(tasks.o)
 .bss.xTasksWaitingTermination
                0x0200092c       0x14 D:\1. Project\NPCXpresso10.2\FreeRTOS\Debug\libFreeRTOS.a(tasks.o)
 .bss.uxDeletedTasksWaitingCleanUp
                0x02000940        0x4 D:\1. Project\NPCXpresso10.2\FreeRTOS\Debug\libFreeRTOS.a(tasks.o)
 .bss.xSuspendedTaskList
                0x02000944       0x14 D:\1. Project\NPCXpresso10.2\FreeRTOS\Debug\libFreeRTOS.a(tasks.o)
 .bss.uxCurrentNumberOfTasks
                0x02000958        0x4 D:\1. Project\NPCXpresso10.2\FreeRTOS\Debug\libFreeRTOS.a(tasks.o)
 .bss.xTickCount
                0x0200095c        0x4 D:\1. Project\NPCXpresso10.2\FreeRTOS\Debug\libFreeRTOS.a(tasks.o)
 .bss.uxTopReadyPriority
                0x02000960        0x4 D:\1. Project\NPCXpresso10.2\FreeRTOS\Debug\libFreeRTOS.a(tasks.o)
 .bss.xSchedulerRunning
                0x02000964        0x4 D:\1. Project\NPCXpresso10.2\FreeRTOS\Debug\libFreeRTOS.a(tasks.o)
 .bss.uxPendedTicks
                0x02000968        0x4 D:\1. Project\NPCXpresso10.2\FreeRTOS\Debug\libFreeRTOS.a(tasks.o)
 .bss.xYieldPending
                0x0200096c        0x4 D:\1. Project\NPCXpresso10.2\FreeRTOS\Debug\libFreeRTOS.a(tasks.o)
 .bss.xNumOfOverflows
                0x02000970        0x4 D:\1. Project\NPCXpresso10.2\FreeRTOS\Debug\libFreeRTOS.a(tasks.o)
 .bss.uxTaskNumber
                0x02000974        0x4 D:\1. Project\NPCXpresso10.2\FreeRTOS\Debug\libFreeRTOS.a(tasks.o)
 .bss.xNextTaskUnblockTime
                0x02000978        0x4 D:\1. Project\NPCXpresso10.2\FreeRTOS\Debug\libFreeRTOS.a(tasks.o)
 .bss.xIdleTaskHandle
                0x0200097c        0x4 D:\1. Project\NPCXpresso10.2\FreeRTOS\Debug\libFreeRTOS.a(tasks.o)
 .bss.uxSchedulerSuspended
                0x02000980        0x4 D:\1. Project\NPCXpresso10.2\FreeRTOS\Debug\libFreeRTOS.a(tasks.o)
 .bss.__malloc_current_mallinfo
                0x02000984       0x28 c:/nxp/mcuxpressoide_10.2.1_795/ide/tools/bin/../lib/gcc/arm-none-eabi/7.2.1/../../../../arm-none-eabi/lib/thumb/v7-m\libc.a(lib_a-mallocr.o)
                0x02000984                __malloc_current_mallinfo
 .bss.__malloc_max_sbrked_mem
                0x020009ac        0x4 c:/nxp/mcuxpressoide_10.2.1_795/ide/tools/bin/../lib/gcc/arm-none-eabi/7.2.1/../../../../arm-none-eabi/lib/thumb/v7-m\libc.a(lib_a-mallocr.o)
                0x020009ac                __malloc_max_sbrked_mem
 .bss.__malloc_max_total_mem
                0x020009b0        0x4 c:/nxp/mcuxpressoide_10.2.1_795/ide/tools/bin/../lib/gcc/arm-none-eabi/7.2.1/../../../../arm-none-eabi/lib/thumb/v7-m\libc.a(lib_a-mallocr.o)
                0x020009b0                __malloc_max_total_mem
 .bss.__malloc_top_pad
                0x020009b4        0x4 c:/nxp/mcuxpressoide_10.2.1_795/ide/tools/bin/../lib/gcc/arm-none-eabi/7.2.1/../../../../arm-none-eabi/lib/thumb/v7-m\libc.a(lib_a-mallocr.o)
                0x020009b4                __malloc_top_pad
 .bss.__end_of_heap
                0x020009b8        0x4 c:/nxp/mcuxpressoide_10.2.1_795/ide/tools/bin/../lib/gcc/arm-none-eabi/7.2.1/../../../../arm-none-eabi/lib/thumb/v7-m\libcr_newlib_nohost.a(_cr_sbrk.o)
                0x020009b8                __end_of_heap
 .bss           0x020009bc       0x1c c:/nxp/mcuxpressoide_10.2.1_795/ide/tools/bin/../lib/gcc/arm-none-eabi/7.2.1/thumb/v7-m\crtbegin.o
 *(COMMON)
 COMMON         0x020009d8        0x4 D:\1. Project\NPCXpresso10.2\lpc_chip_15xx\Debug\liblpc_chip_15xx.a(chip_15xx.o)
                0x020009d8                SystemCoreClock
 COMMON         0x020009dc        0x4 c:/nxp/mcuxpressoide_10.2.1_795/ide/tools/bin/../lib/gcc/arm-none-eabi/7.2.1/../../../../arm-none-eabi/lib/thumb/v7-m\libc.a(lib_a-reent.o)
                0x020009dc                errno
 COMMON         0x020009e0       0x21 c:/nxp/mcuxpressoide_10.2.1_795/ide/tools/bin/../lib/gcc/arm-none-eabi/7.2.1/../../../../arm-none-eabi/lib/thumb/v7-m\libc.a(lib_a-lock.o)
                0x020009e0                __lock___atexit_recursive_mutex
                0x020009e4                __lock___arc4random_mutex
                0x020009e8                __lock___env_recursive_mutex
                0x020009ec                __lock___sinit_recursive_mutex
                0x020009f0                __lock___malloc_recursive_mutex
                0x020009f4                __lock___at_quick_exit_mutex
                0x020009f8                __lock___dd_hash_mutex
                0x020009fc                __lock___tz_mutex
                0x02000a00                __lock___sfp_recursive_mutex
                0x02000a04                . = ALIGN (0x4)
 *fill*         0x02000a01        0x3 
                0x02000a04                _ebss = .
                [!provide]                PROVIDE (end, .)

.noinit_RAM2    0x02004000        0x0
 *(.noinit.$RAM2*)
 *(.noinit.$Ram1_16*)
                0x02004000                . = ALIGN (0x4)

.noinit_RAM3    0x02008000        0x0
 *(.noinit.$RAM3*)
 *(.noinit.$Ram2_4*)
                0x02008000                . = ALIGN (0x4)

.noinit         0x02000a04        0x0
                0x02000a04                _noinit = .
 *(.noinit*)
                0x02000a04                . = ALIGN (0x4)
                0x02000a04                _end_noinit = .
                0x02000a04                PROVIDE (_pvHeapStart, DEFINED (__user_heap_base)?__user_heap_base:.)
                0x02004000                PROVIDE (_vStackTop, DEFINED (__user_stack_top)?__user_stack_top:(__top_Ram0_16 - 0x0))
                0xfdffb2e2                PROVIDE (__valid_user_code_checksum, (0x0 - ((((((_vStackTop + (ResetISR + 0x1)) + (NMI_Handler + 0x1)) + (HardFault_Handler + 0x1)) + (DEFINED (MemManage_Handler)?MemManage_Handler:0x0 + 0x1)) + (DEFINED (BusFault_Handler)?BusFault_Handler:0x0 + 0x1)) + (DEFINED (UsageFault_Handler)?UsageFault_Handler:0x0 + 0x1))))
                0x00000000                _image_start = LOADADDR (.text)
                0x000044dc                _image_end = (LOADADDR (.data) + SIZEOF (.data))
                0x000044dc                _image_size = (_image_end - _image_start)
OUTPUT(ArmOS_lab2_ex1.axf elf32-littlearm)

.debug_info     0x00000000    0x158fe
 .debug_info    0x00000000     0x57e8 ./src/ArmOS_lab2_ex2.o
 .debug_info    0x000057e8      0x6c3 ./src/DigitalIoPin.o
 .debug_info    0x00005eab     0x109f ./src/cr_cpp_config.o
 .debug_info    0x00006f4a      0x27e ./src/cr_startup_lpc15xx.o
 .debug_info    0x000071c8      0x96c ./src/sysinit.o
 .debug_info    0x00007b34     0x135e D:\1. Project\NPCXpresso10.2\lpc_board_nxp_lpcxpresso_1549\Debug\liblpc_board_nxp_lpcxpresso_1549.a(board.o)
 .debug_info    0x00008e92     0x150a D:\1. Project\NPCXpresso10.2\lpc_board_nxp_lpcxpresso_1549\Debug\liblpc_board_nxp_lpcxpresso_1549.a(board_sysinit.o)
 .debug_info    0x0000a39c      0x9dd D:\1. Project\NPCXpresso10.2\lpc_chip_15xx\Debug\liblpc_chip_15xx.a(chip_15xx.o)
 .debug_info    0x0000ad79      0xd9e D:\1. Project\NPCXpresso10.2\lpc_chip_15xx\Debug\liblpc_chip_15xx.a(clock_15xx.o)
 .debug_info    0x0000bb17      0x688 D:\1. Project\NPCXpresso10.2\lpc_chip_15xx\Debug\liblpc_chip_15xx.a(gpio_15xx.o)
 .debug_info    0x0000c19f      0x279 D:\1. Project\NPCXpresso10.2\lpc_chip_15xx\Debug\liblpc_chip_15xx.a(iocon_15xx.o)
 .debug_info    0x0000c418      0x66c D:\1. Project\NPCXpresso10.2\lpc_chip_15xx\Debug\liblpc_chip_15xx.a(swm_15xx.o)
 .debug_info    0x0000ca84      0x79f D:\1. Project\NPCXpresso10.2\lpc_chip_15xx\Debug\liblpc_chip_15xx.a(sysctl_15xx.o)
 .debug_info    0x0000d223      0x789 D:\1. Project\NPCXpresso10.2\lpc_chip_15xx\Debug\liblpc_chip_15xx.a(sysinit_15xx.o)
 .debug_info    0x0000d9ac      0x955 D:\1. Project\NPCXpresso10.2\lpc_chip_15xx\Debug\liblpc_chip_15xx.a(uart_15xx.o)
 .debug_info    0x0000e301     0x1a4e D:\1. Project\NPCXpresso10.2\FreeRTOS\Debug\libFreeRTOS.a(queue.o)
 .debug_info    0x0000fd4f     0x2586 D:\1. Project\NPCXpresso10.2\FreeRTOS\Debug\libFreeRTOS.a(tasks.o)
 .debug_info    0x000122d5      0x9cc D:\1. Project\NPCXpresso10.2\FreeRTOS\Debug\libFreeRTOS.a(heap_3.o)
 .debug_info    0x00012ca1      0xca4 D:\1. Project\NPCXpresso10.2\FreeRTOS\Debug\libFreeRTOS.a(port.o)
 .debug_info    0x00013945      0xa85 D:\1. Project\NPCXpresso10.2\FreeRTOS\Debug\libFreeRTOS.a(FreeRTOSCommonHooks.o)
 .debug_info    0x000143ca      0xb6b D:\1. Project\NPCXpresso10.2\FreeRTOS\Debug\libFreeRTOS.a(list.o)
 .debug_info    0x00014f35      0x95f c:/nxp/mcuxpressoide_10.2.1_795/ide/tools/bin/../lib/gcc/arm-none-eabi/7.2.1/../../../../arm-none-eabi/lib/thumb/v7-m\libcr_newlib_nohost.a(_cr_sbrk.o)
 .debug_info    0x00015894       0x6a c:/nxp/mcuxpressoide_10.2.1_795/ide/tools/bin/../lib/gcc/arm-none-eabi/7.2.1/../../../../arm-none-eabi/lib/thumb/v7-m\libcr_newlib_nohost.a(_cr_check_heap.o)

.debug_abbrev   0x00000000     0x3764
 .debug_abbrev  0x00000000      0x7d0 ./src/ArmOS_lab2_ex2.o
 .debug_abbrev  0x000007d0      0x2da ./src/DigitalIoPin.o
 .debug_abbrev  0x00000aaa      0x32c ./src/cr_cpp_config.o
 .debug_abbrev  0x00000dd6      0x106 ./src/cr_startup_lpc15xx.o
 .debug_abbrev  0x00000edc      0x1b1 ./src/sysinit.o
 .debug_abbrev  0x0000108d      0x32b D:\1. Project\NPCXpresso10.2\lpc_board_nxp_lpcxpresso_1549\Debug\liblpc_board_nxp_lpcxpresso_1549.a(board.o)
 .debug_abbrev  0x000013b8      0x2fa D:\1. Project\NPCXpresso10.2\lpc_board_nxp_lpcxpresso_1549\Debug\liblpc_board_nxp_lpcxpresso_1549.a(board_sysinit.o)
 .debug_abbrev  0x000016b2      0x1c0 D:\1. Project\NPCXpresso10.2\lpc_chip_15xx\Debug\liblpc_chip_15xx.a(chip_15xx.o)
 .debug_abbrev  0x00001872      0x2ac D:\1. Project\NPCXpresso10.2\lpc_chip_15xx\Debug\liblpc_chip_15xx.a(clock_15xx.o)
 .debug_abbrev  0x00001b1e      0x188 D:\1. Project\NPCXpresso10.2\lpc_chip_15xx\Debug\liblpc_chip_15xx.a(gpio_15xx.o)
 .debug_abbrev  0x00001ca6      0x144 D:\1. Project\NPCXpresso10.2\lpc_chip_15xx\Debug\liblpc_chip_15xx.a(iocon_15xx.o)
 .debug_abbrev  0x00001dea      0x165 D:\1. Project\NPCXpresso10.2\lpc_chip_15xx\Debug\liblpc_chip_15xx.a(swm_15xx.o)
 .debug_abbrev  0x00001f4f      0x13a D:\1. Project\NPCXpresso10.2\lpc_chip_15xx\Debug\liblpc_chip_15xx.a(sysctl_15xx.o)
 .debug_abbrev  0x00002089      0x1b5 D:\1. Project\NPCXpresso10.2\lpc_chip_15xx\Debug\liblpc_chip_15xx.a(sysinit_15xx.o)
 .debug_abbrev  0x0000223e      0x1fa D:\1. Project\NPCXpresso10.2\lpc_chip_15xx\Debug\liblpc_chip_15xx.a(uart_15xx.o)
 .debug_abbrev  0x00002438      0x36a D:\1. Project\NPCXpresso10.2\FreeRTOS\Debug\libFreeRTOS.a(queue.o)
 .debug_abbrev  0x000027a2      0x398 D:\1. Project\NPCXpresso10.2\FreeRTOS\Debug\libFreeRTOS.a(tasks.o)
 .debug_abbrev  0x00002b3a      0x214 D:\1. Project\NPCXpresso10.2\FreeRTOS\Debug\libFreeRTOS.a(heap_3.o)
 .debug_abbrev  0x00002d4e      0x31d D:\1. Project\NPCXpresso10.2\FreeRTOS\Debug\libFreeRTOS.a(port.o)
 .debug_abbrev  0x0000306b      0x26f D:\1. Project\NPCXpresso10.2\FreeRTOS\Debug\libFreeRTOS.a(FreeRTOSCommonHooks.o)
 .debug_abbrev  0x000032da      0x205 D:\1. Project\NPCXpresso10.2\FreeRTOS\Debug\libFreeRTOS.a(list.o)
 .debug_abbrev  0x000034df      0x223 c:/nxp/mcuxpressoide_10.2.1_795/ide/tools/bin/../lib/gcc/arm-none-eabi/7.2.1/../../../../arm-none-eabi/lib/thumb/v7-m\libcr_newlib_nohost.a(_cr_sbrk.o)
 .debug_abbrev  0x00003702       0x62 c:/nxp/mcuxpressoide_10.2.1_795/ide/tools/bin/../lib/gcc/arm-none-eabi/7.2.1/../../../../arm-none-eabi/lib/thumb/v7-m\libcr_newlib_nohost.a(_cr_check_heap.o)

.debug_aranges  0x00000000      0xb08
 .debug_aranges
                0x00000000       0x58 ./src/ArmOS_lab2_ex2.o
 .debug_aranges
                0x00000058       0x68 ./src/DigitalIoPin.o
 .debug_aranges
                0x000000c0       0x48 ./src/cr_cpp_config.o
 .debug_aranges
                0x00000108       0x80 ./src/cr_startup_lpc15xx.o
 .debug_aranges
                0x00000188       0x20 ./src/sysinit.o
 .debug_aranges
                0x000001a8       0xd0 D:\1. Project\NPCXpresso10.2\lpc_board_nxp_lpcxpresso_1549\Debug\liblpc_board_nxp_lpcxpresso_1549.a(board.o)
 .debug_aranges
                0x00000278       0x60 D:\1. Project\NPCXpresso10.2\lpc_board_nxp_lpcxpresso_1549\Debug\liblpc_board_nxp_lpcxpresso_1549.a(board_sysinit.o)
 .debug_aranges
                0x000002d8       0x50 D:\1. Project\NPCXpresso10.2\lpc_chip_15xx\Debug\liblpc_chip_15xx.a(chip_15xx.o)
 .debug_aranges
                0x00000328      0x128 D:\1. Project\NPCXpresso10.2\lpc_chip_15xx\Debug\liblpc_chip_15xx.a(clock_15xx.o)
 .debug_aranges
                0x00000450       0x70 D:\1. Project\NPCXpresso10.2\lpc_chip_15xx\Debug\liblpc_chip_15xx.a(gpio_15xx.o)
 .debug_aranges
                0x000004c0       0x28 D:\1. Project\NPCXpresso10.2\lpc_chip_15xx\Debug\liblpc_chip_15xx.a(iocon_15xx.o)
 .debug_aranges
                0x000004e8       0x40 D:\1. Project\NPCXpresso10.2\lpc_chip_15xx\Debug\liblpc_chip_15xx.a(swm_15xx.o)
 .debug_aranges
                0x00000528       0x50 D:\1. Project\NPCXpresso10.2\lpc_chip_15xx\Debug\liblpc_chip_15xx.a(sysctl_15xx.o)
 .debug_aranges
                0x00000578       0x58 D:\1. Project\NPCXpresso10.2\lpc_chip_15xx\Debug\liblpc_chip_15xx.a(sysinit_15xx.o)
 .debug_aranges
                0x000005d0       0xc8 D:\1. Project\NPCXpresso10.2\lpc_chip_15xx\Debug\liblpc_chip_15xx.a(uart_15xx.o)
 .debug_aranges
                0x00000698      0x128 D:\1. Project\NPCXpresso10.2\FreeRTOS\Debug\libFreeRTOS.a(queue.o)
 .debug_aranges
                0x000007c0      0x1f0 D:\1. Project\NPCXpresso10.2\FreeRTOS\Debug\libFreeRTOS.a(tasks.o)
 .debug_aranges
                0x000009b0       0x28 D:\1. Project\NPCXpresso10.2\FreeRTOS\Debug\libFreeRTOS.a(heap_3.o)
 .debug_aranges
                0x000009d8       0x70 D:\1. Project\NPCXpresso10.2\FreeRTOS\Debug\libFreeRTOS.a(port.o)
 .debug_aranges
                0x00000a48       0x40 D:\1. Project\NPCXpresso10.2\FreeRTOS\Debug\libFreeRTOS.a(FreeRTOSCommonHooks.o)
 .debug_aranges
                0x00000a88       0x40 D:\1. Project\NPCXpresso10.2\FreeRTOS\Debug\libFreeRTOS.a(list.o)
 .debug_aranges
                0x00000ac8       0x20 c:/nxp/mcuxpressoide_10.2.1_795/ide/tools/bin/../lib/gcc/arm-none-eabi/7.2.1/../../../../arm-none-eabi/lib/thumb/v7-m\libcr_newlib_nohost.a(_cr_sbrk.o)
 .debug_aranges
                0x00000ae8       0x20 c:/nxp/mcuxpressoide_10.2.1_795/ide/tools/bin/../lib/gcc/arm-none-eabi/7.2.1/../../../../arm-none-eabi/lib/thumb/v7-m\libcr_newlib_nohost.a(_cr_check_heap.o)

.debug_ranges   0x00000000      0x9b0
 .debug_ranges  0x00000000       0x48 ./src/ArmOS_lab2_ex2.o
 .debug_ranges  0x00000048       0x58 ./src/DigitalIoPin.o
 .debug_ranges  0x000000a0       0x38 ./src/cr_cpp_config.o
 .debug_ranges  0x000000d8       0x70 ./src/cr_startup_lpc15xx.o
 .debug_ranges  0x00000148       0x10 ./src/sysinit.o
 .debug_ranges  0x00000158       0xd8 D:\1. Project\NPCXpresso10.2\lpc_board_nxp_lpcxpresso_1549\Debug\liblpc_board_nxp_lpcxpresso_1549.a(board.o)
 .debug_ranges  0x00000230       0x50 D:\1. Project\NPCXpresso10.2\lpc_board_nxp_lpcxpresso_1549\Debug\liblpc_board_nxp_lpcxpresso_1549.a(board_sysinit.o)
 .debug_ranges  0x00000280       0x40 D:\1. Project\NPCXpresso10.2\lpc_chip_15xx\Debug\liblpc_chip_15xx.a(chip_15xx.o)
 .debug_ranges  0x000002c0      0x118 D:\1. Project\NPCXpresso10.2\lpc_chip_15xx\Debug\liblpc_chip_15xx.a(clock_15xx.o)
 .debug_ranges  0x000003d8       0x60 D:\1. Project\NPCXpresso10.2\lpc_chip_15xx\Debug\liblpc_chip_15xx.a(gpio_15xx.o)
 .debug_ranges  0x00000438       0x18 D:\1. Project\NPCXpresso10.2\lpc_chip_15xx\Debug\liblpc_chip_15xx.a(iocon_15xx.o)
 .debug_ranges  0x00000450       0x30 D:\1. Project\NPCXpresso10.2\lpc_chip_15xx\Debug\liblpc_chip_15xx.a(swm_15xx.o)
 .debug_ranges  0x00000480       0x40 D:\1. Project\NPCXpresso10.2\lpc_chip_15xx\Debug\liblpc_chip_15xx.a(sysctl_15xx.o)
 .debug_ranges  0x000004c0       0x48 D:\1. Project\NPCXpresso10.2\lpc_chip_15xx\Debug\liblpc_chip_15xx.a(sysinit_15xx.o)
 .debug_ranges  0x00000508       0xb8 D:\1. Project\NPCXpresso10.2\lpc_chip_15xx\Debug\liblpc_chip_15xx.a(uart_15xx.o)
 .debug_ranges  0x000005c0      0x118 D:\1. Project\NPCXpresso10.2\FreeRTOS\Debug\libFreeRTOS.a(queue.o)
 .debug_ranges  0x000006d8      0x1e0 D:\1. Project\NPCXpresso10.2\FreeRTOS\Debug\libFreeRTOS.a(tasks.o)
 .debug_ranges  0x000008b8       0x18 D:\1. Project\NPCXpresso10.2\FreeRTOS\Debug\libFreeRTOS.a(heap_3.o)
 .debug_ranges  0x000008d0       0x60 D:\1. Project\NPCXpresso10.2\FreeRTOS\Debug\libFreeRTOS.a(port.o)
 .debug_ranges  0x00000930       0x30 D:\1. Project\NPCXpresso10.2\FreeRTOS\Debug\libFreeRTOS.a(FreeRTOSCommonHooks.o)
 .debug_ranges  0x00000960       0x30 D:\1. Project\NPCXpresso10.2\FreeRTOS\Debug\libFreeRTOS.a(list.o)
 .debug_ranges  0x00000990       0x10 c:/nxp/mcuxpressoide_10.2.1_795/ide/tools/bin/../lib/gcc/arm-none-eabi/7.2.1/../../../../arm-none-eabi/lib/thumb/v7-m\libcr_newlib_nohost.a(_cr_sbrk.o)
 .debug_ranges  0x000009a0       0x10 c:/nxp/mcuxpressoide_10.2.1_795/ide/tools/bin/../lib/gcc/arm-none-eabi/7.2.1/../../../../arm-none-eabi/lib/thumb/v7-m\libcr_newlib_nohost.a(_cr_check_heap.o)

.debug_macro    0x00000000     0xce6c
 .debug_macro   0x00000000      0x881 ./src/ArmOS_lab2_ex2.o
 .debug_macro   0x00000881      0xb20 ./src/ArmOS_lab2_ex2.o
 .debug_macro   0x000013a1       0x1c ./src/ArmOS_lab2_ex2.o
 .debug_macro   0x000013bd       0x22 ./src/ArmOS_lab2_ex2.o
 .debug_macro   0x000013df       0x4f ./src/ArmOS_lab2_ex2.o
 .debug_macro   0x0000142e       0x51 ./src/ArmOS_lab2_ex2.o
 .debug_macro   0x0000147f       0xef ./src/ArmOS_lab2_ex2.o
 .debug_macro   0x0000156e       0x6a ./src/ArmOS_lab2_ex2.o
 .debug_macro   0x000015d8      0x1df ./src/ArmOS_lab2_ex2.o
 .debug_macro   0x000017b7       0x16 ./src/ArmOS_lab2_ex2.o
 .debug_macro   0x000017cd       0x7b ./src/ArmOS_lab2_ex2.o
 .debug_macro   0x00001848       0x10 ./src/ArmOS_lab2_ex2.o
 .debug_macro   0x00001858       0x2d ./src/ArmOS_lab2_ex2.o
 .debug_macro   0x00001885       0x3a ./src/ArmOS_lab2_ex2.o
 .debug_macro   0x000018bf       0x2d ./src/ArmOS_lab2_ex2.o
 .debug_macro   0x000018ec      0xa7d ./src/ArmOS_lab2_ex2.o
 .debug_macro   0x00002369      0x1b4 ./src/ArmOS_lab2_ex2.o
 .debug_macro   0x0000251d       0xca ./src/ArmOS_lab2_ex2.o
 .debug_macro   0x000025e7       0x18 ./src/ArmOS_lab2_ex2.o
 .debug_macro   0x000025ff       0xb2 ./src/ArmOS_lab2_ex2.o
 .debug_macro   0x000026b1       0x70 ./src/ArmOS_lab2_ex2.o
 .debug_macro   0x00002721       0x46 ./src/ArmOS_lab2_ex2.o
 .debug_macro   0x00002767       0xd0 ./src/ArmOS_lab2_ex2.o
 .debug_macro   0x00002837       0x40 ./src/ArmOS_lab2_ex2.o
 .debug_macro   0x00002877      0x233 ./src/ArmOS_lab2_ex2.o
 .debug_macro   0x00002aaa       0x16 ./src/ArmOS_lab2_ex2.o
 .debug_macro   0x00002ac0       0x88 ./src/ArmOS_lab2_ex2.o
 .debug_macro   0x00002b48       0x34 ./src/ArmOS_lab2_ex2.o
 .debug_macro   0x00002b7c       0x6a ./src/ArmOS_lab2_ex2.o
 .debug_macro   0x00002be6       0x40 ./src/ArmOS_lab2_ex2.o
 .debug_macro   0x00002c26       0x1c ./src/ArmOS_lab2_ex2.o
 .debug_macro   0x00002c42       0x16 ./src/ArmOS_lab2_ex2.o
 .debug_macro   0x00002c58      0x10c ./src/ArmOS_lab2_ex2.o
 .debug_macro   0x00002d64      0x2a9 ./src/ArmOS_lab2_ex2.o
 .debug_macro   0x0000300d       0x76 ./src/ArmOS_lab2_ex2.o
 .debug_macro   0x00003083       0x22 ./src/ArmOS_lab2_ex2.o
 .debug_macro   0x000030a5      0x152 ./src/ArmOS_lab2_ex2.o
 .debug_macro   0x000031f7       0x82 ./src/ArmOS_lab2_ex2.o
 .debug_macro   0x00003279       0xe6 ./src/ArmOS_lab2_ex2.o
 .debug_macro   0x0000335f       0x3a ./src/ArmOS_lab2_ex2.o
 .debug_macro   0x00003399       0x34 ./src/ArmOS_lab2_ex2.o
 .debug_macro   0x000033cd       0x10 ./src/ArmOS_lab2_ex2.o
 .debug_macro   0x000033dd       0x76 ./src/ArmOS_lab2_ex2.o
 .debug_macro   0x00003453       0x58 ./src/ArmOS_lab2_ex2.o
 .debug_macro   0x000034ab      0x2ca ./src/ArmOS_lab2_ex2.o
 .debug_macro   0x00003775      0x22b ./src/ArmOS_lab2_ex2.o
 .debug_macro   0x000039a0       0x2e ./src/ArmOS_lab2_ex2.o
 .debug_macro   0x000039ce       0x34 ./src/ArmOS_lab2_ex2.o
 .debug_macro   0x00003a02       0x58 ./src/ArmOS_lab2_ex2.o
 .debug_macro   0x00003a5a       0x17 ./src/ArmOS_lab2_ex2.o
 .debug_macro   0x00003a71       0x35 ./src/ArmOS_lab2_ex2.o
 .debug_macro   0x00003aa6       0x9c ./src/ArmOS_lab2_ex2.o
 .debug_macro   0x00003b42       0x16 ./src/ArmOS_lab2_ex2.o
 .debug_macro   0x00003b58       0x97 ./src/ArmOS_lab2_ex2.o
 .debug_macro   0x00003bef      0x353 ./src/ArmOS_lab2_ex2.o
 .debug_macro   0x00003f42      0x104 ./src/ArmOS_lab2_ex2.o
 .debug_macro   0x00004046       0x10 ./src/ArmOS_lab2_ex2.o
 .debug_macro   0x00004056       0x58 ./src/ArmOS_lab2_ex2.o
 .debug_macro   0x000040ae       0x1f ./src/ArmOS_lab2_ex2.o
 .debug_macro   0x000040cd       0x43 ./src/ArmOS_lab2_ex2.o
 .debug_macro   0x00004110       0x20 ./src/ArmOS_lab2_ex2.o
 .debug_macro   0x00004130      0x18e ./src/ArmOS_lab2_ex2.o
 .debug_macro   0x000042be       0x10 ./src/ArmOS_lab2_ex2.o
 .debug_macro   0x000042ce       0xb6 ./src/ArmOS_lab2_ex2.o
 .debug_macro   0x00004384       0x16 ./src/ArmOS_lab2_ex2.o
 .debug_macro   0x0000439a      0x114 ./src/ArmOS_lab2_ex2.o
 .debug_macro   0x000044ae       0x20 ./src/ArmOS_lab2_ex2.o
 .debug_macro   0x000044ce       0x82 ./src/ArmOS_lab2_ex2.o
 .debug_macro   0x00004550      0x118 ./src/ArmOS_lab2_ex2.o
 .debug_macro   0x00004668      0x15a ./src/ArmOS_lab2_ex2.o
 .debug_macro   0x000047c2       0xd6 ./src/ArmOS_lab2_ex2.o
 .debug_macro   0x00004898       0x10 ./src/ArmOS_lab2_ex2.o
 .debug_macro   0x000048a8       0x1f ./src/ArmOS_lab2_ex2.o
 .debug_macro   0x000048c7       0x16 ./src/ArmOS_lab2_ex2.o
 .debug_macro   0x000048dd       0x35 ./src/ArmOS_lab2_ex2.o
 .debug_macro   0x00004912      0x46b ./src/ArmOS_lab2_ex2.o
 .debug_macro   0x00004d7d       0xb5 ./src/ArmOS_lab2_ex2.o
 .debug_macro   0x00004e32       0x8c ./src/ArmOS_lab2_ex2.o
 .debug_macro   0x00004ebe       0x86 ./src/ArmOS_lab2_ex2.o
 .debug_macro   0x00004f44       0x7e ./src/ArmOS_lab2_ex2.o
 .debug_macro   0x00004fc2      0x168 ./src/ArmOS_lab2_ex2.o
 .debug_macro   0x0000512a       0x10 ./src/ArmOS_lab2_ex2.o
 .debug_macro   0x0000513a      0x3f4 ./src/ArmOS_lab2_ex2.o
 .debug_macro   0x0000552e       0x28 ./src/ArmOS_lab2_ex2.o
 .debug_macro   0x00005556       0x1f ./src/ArmOS_lab2_ex2.o
 .debug_macro   0x00005575       0x12 ./src/ArmOS_lab2_ex2.o
 .debug_macro   0x00005587       0x1c ./src/ArmOS_lab2_ex2.o
 .debug_macro   0x000055a3       0x10 ./src/ArmOS_lab2_ex2.o
 .debug_macro   0x000055b3       0x18 ./src/ArmOS_lab2_ex2.o
 .debug_macro   0x000055cb       0x6e ./src/ArmOS_lab2_ex2.o
 .debug_macro   0x00005639       0x2e ./src/ArmOS_lab2_ex2.o
 .debug_macro   0x00005667       0x12 ./src/ArmOS_lab2_ex2.o
 .debug_macro   0x00005679       0x76 ./src/ArmOS_lab2_ex2.o
 .debug_macro   0x000056ef       0x12 ./src/ArmOS_lab2_ex2.o
 .debug_macro   0x00005701       0x22 ./src/ArmOS_lab2_ex2.o
 .debug_macro   0x00005723       0x3c ./src/ArmOS_lab2_ex2.o
 .debug_macro   0x0000575f       0x2c ./src/ArmOS_lab2_ex2.o
 .debug_macro   0x0000578b      0x173 ./src/ArmOS_lab2_ex2.o
 .debug_macro   0x000058fe       0x17 ./src/ArmOS_lab2_ex2.o
 .debug_macro   0x00005915       0x10 ./src/ArmOS_lab2_ex2.o
 .debug_macro   0x00005925       0x2e ./src/ArmOS_lab2_ex2.o
 .debug_macro   0x00005953       0x16 ./src/ArmOS_lab2_ex2.o
 .debug_macro   0x00005969       0x40 ./src/ArmOS_lab2_ex2.o
 .debug_macro   0x000059a9       0x5e ./src/ArmOS_lab2_ex2.o
 .debug_macro   0x00005a07       0x11 ./src/ArmOS_lab2_ex2.o
 .debug_macro   0x00005a18       0x2f ./src/ArmOS_lab2_ex2.o
 .debug_macro   0x00005a47       0x16 ./src/ArmOS_lab2_ex2.o
 .debug_macro   0x00005a5d       0x10 ./src/ArmOS_lab2_ex2.o
 .debug_macro   0x00005a6d       0x10 ./src/ArmOS_lab2_ex2.o
 .debug_macro   0x00005a7d       0x16 ./src/ArmOS_lab2_ex2.o
 .debug_macro   0x00005a93       0x22 ./src/ArmOS_lab2_ex2.o
 .debug_macro   0x00005ab5       0x1c ./src/ArmOS_lab2_ex2.o
 .debug_macro   0x00005ad1       0xde ./src/ArmOS_lab2_ex2.o
 .debug_macro   0x00005baf      0x123 ./src/ArmOS_lab2_ex2.o
 .debug_macro   0x00005cd2       0x10 ./src/ArmOS_lab2_ex2.o
 .debug_macro   0x00005ce2      0x241 ./src/ArmOS_lab2_ex2.o
 .debug_macro   0x00005f23       0x17 ./src/ArmOS_lab2_ex2.o
 .debug_macro   0x00005f3a       0xf6 ./src/ArmOS_lab2_ex2.o
 .debug_macro   0x00006030       0x16 ./src/ArmOS_lab2_ex2.o
 .debug_macro   0x00006046       0x10 ./src/ArmOS_lab2_ex2.o
 .debug_macro   0x00006056       0x10 ./src/ArmOS_lab2_ex2.o
 .debug_macro   0x00006066       0x2e ./src/ArmOS_lab2_ex2.o
 .debug_macro   0x00006094       0x40 ./src/ArmOS_lab2_ex2.o
 .debug_macro   0x000060d4      0x26f ./src/DigitalIoPin.o
 .debug_macro   0x00006343      0x137 ./src/cr_cpp_config.o
 .debug_macro   0x0000647a       0x52 ./src/cr_cpp_config.o
 .debug_macro   0x000064cc       0x55 ./src/cr_cpp_config.o
 .debug_macro   0x00006521      0x10e ./src/cr_cpp_config.o
 .debug_macro   0x0000662f       0x94 ./src/cr_cpp_config.o
 .debug_macro   0x000066c3       0x57 ./src/cr_cpp_config.o
 .debug_macro   0x0000671a       0x23 ./src/cr_startup_lpc15xx.o
 .debug_macro   0x0000673d      0x376 ./src/sysinit.o
 .debug_macro   0x00006ab3       0x22 ./src/sysinit.o
 .debug_macro   0x00006ad5      0xa7d ./src/sysinit.o
 .debug_macro   0x00007552       0x9c ./src/sysinit.o
 .debug_macro   0x000075ee       0x97 ./src/sysinit.o
 .debug_macro   0x00007685      0x330 ./src/sysinit.o
 .debug_macro   0x000079b5       0xfd ./src/sysinit.o
 .debug_macro   0x00007ab2       0x43 ./src/sysinit.o
 .debug_macro   0x00007af5      0x129 ./src/sysinit.o
 .debug_macro   0x00007c1e      0x3f3 D:\1. Project\NPCXpresso10.2\lpc_board_nxp_lpcxpresso_1549\Debug\liblpc_board_nxp_lpcxpresso_1549.a(board.o)
 .debug_macro   0x00008011      0xa6c D:\1. Project\NPCXpresso10.2\lpc_board_nxp_lpcxpresso_1549\Debug\liblpc_board_nxp_lpcxpresso_1549.a(board.o)
 .debug_macro   0x00008a7d       0x87 D:\1. Project\NPCXpresso10.2\lpc_board_nxp_lpcxpresso_1549\Debug\liblpc_board_nxp_lpcxpresso_1549.a(board.o)
 .debug_macro   0x00008b04       0x1c D:\1. Project\NPCXpresso10.2\lpc_board_nxp_lpcxpresso_1549\Debug\liblpc_board_nxp_lpcxpresso_1549.a(board.o)
 .debug_macro   0x00008b20       0x52 D:\1. Project\NPCXpresso10.2\lpc_board_nxp_lpcxpresso_1549\Debug\liblpc_board_nxp_lpcxpresso_1549.a(board.o)
 .debug_macro   0x00008b72       0x40 D:\1. Project\NPCXpresso10.2\lpc_board_nxp_lpcxpresso_1549\Debug\liblpc_board_nxp_lpcxpresso_1549.a(board.o)
 .debug_macro   0x00008bb2       0x10 D:\1. Project\NPCXpresso10.2\lpc_board_nxp_lpcxpresso_1549\Debug\liblpc_board_nxp_lpcxpresso_1549.a(board.o)
 .debug_macro   0x00008bc2       0x40 D:\1. Project\NPCXpresso10.2\lpc_board_nxp_lpcxpresso_1549\Debug\liblpc_board_nxp_lpcxpresso_1549.a(board.o)
 .debug_macro   0x00008c02       0xd7 D:\1. Project\NPCXpresso10.2\lpc_board_nxp_lpcxpresso_1549\Debug\liblpc_board_nxp_lpcxpresso_1549.a(board.o)
 .debug_macro   0x00008cd9       0x1c D:\1. Project\NPCXpresso10.2\lpc_board_nxp_lpcxpresso_1549\Debug\liblpc_board_nxp_lpcxpresso_1549.a(board.o)
 .debug_macro   0x00008cf5       0x3d D:\1. Project\NPCXpresso10.2\lpc_board_nxp_lpcxpresso_1549\Debug\liblpc_board_nxp_lpcxpresso_1549.a(board.o)
 .debug_macro   0x00008d32      0x16f D:\1. Project\NPCXpresso10.2\lpc_board_nxp_lpcxpresso_1549\Debug\liblpc_board_nxp_lpcxpresso_1549.a(board.o)
 .debug_macro   0x00008ea1       0x12 D:\1. Project\NPCXpresso10.2\lpc_board_nxp_lpcxpresso_1549\Debug\liblpc_board_nxp_lpcxpresso_1549.a(board.o)
 .debug_macro   0x00008eb3      0x414 D:\1. Project\NPCXpresso10.2\lpc_board_nxp_lpcxpresso_1549\Debug\liblpc_board_nxp_lpcxpresso_1549.a(board_sysinit.o)
 .debug_macro   0x000092c7       0x16 D:\1. Project\NPCXpresso10.2\lpc_board_nxp_lpcxpresso_1549\Debug\liblpc_board_nxp_lpcxpresso_1549.a(board_sysinit.o)
 .debug_macro   0x000092dd       0x35 D:\1. Project\NPCXpresso10.2\lpc_board_nxp_lpcxpresso_1549\Debug\liblpc_board_nxp_lpcxpresso_1549.a(board_sysinit.o)
 .debug_macro   0x00009312      0x260 D:\1. Project\NPCXpresso10.2\lpc_chip_15xx\Debug\liblpc_chip_15xx.a(chip_15xx.o)
 .debug_macro   0x00009572      0x260 D:\1. Project\NPCXpresso10.2\lpc_chip_15xx\Debug\liblpc_chip_15xx.a(clock_15xx.o)
 .debug_macro   0x000097d2      0x260 D:\1. Project\NPCXpresso10.2\lpc_chip_15xx\Debug\liblpc_chip_15xx.a(gpio_15xx.o)
 .debug_macro   0x00009a32      0x260 D:\1. Project\NPCXpresso10.2\lpc_chip_15xx\Debug\liblpc_chip_15xx.a(iocon_15xx.o)
 .debug_macro   0x00009c92      0x26c D:\1. Project\NPCXpresso10.2\lpc_chip_15xx\Debug\liblpc_chip_15xx.a(swm_15xx.o)
 .debug_macro   0x00009efe      0x278 D:\1. Project\NPCXpresso10.2\lpc_chip_15xx\Debug\liblpc_chip_15xx.a(sysctl_15xx.o)
 .debug_macro   0x0000a176      0x260 D:\1. Project\NPCXpresso10.2\lpc_chip_15xx\Debug\liblpc_chip_15xx.a(sysinit_15xx.o)
 .debug_macro   0x0000a3d6      0x260 D:\1. Project\NPCXpresso10.2\lpc_chip_15xx\Debug\liblpc_chip_15xx.a(uart_15xx.o)
 .debug_macro   0x0000a636      0x478 D:\1. Project\NPCXpresso10.2\FreeRTOS\Debug\libFreeRTOS.a(queue.o)
 .debug_macro   0x0000aaae      0xa78 D:\1. Project\NPCXpresso10.2\FreeRTOS\Debug\libFreeRTOS.a(queue.o)
 .debug_macro   0x0000b526      0x10e D:\1. Project\NPCXpresso10.2\FreeRTOS\Debug\libFreeRTOS.a(queue.o)
 .debug_macro   0x0000b634       0x8d D:\1. Project\NPCXpresso10.2\FreeRTOS\Debug\libFreeRTOS.a(queue.o)
 .debug_macro   0x0000b6c1       0x11 D:\1. Project\NPCXpresso10.2\FreeRTOS\Debug\libFreeRTOS.a(queue.o)
 .debug_macro   0x0000b6d2       0x1c D:\1. Project\NPCXpresso10.2\FreeRTOS\Debug\libFreeRTOS.a(queue.o)
 .debug_macro   0x0000b6ee      0x112 D:\1. Project\NPCXpresso10.2\FreeRTOS\Debug\libFreeRTOS.a(queue.o)
 .debug_macro   0x0000b800      0x4f0 D:\1. Project\NPCXpresso10.2\FreeRTOS\Debug\libFreeRTOS.a(tasks.o)
 .debug_macro   0x0000bcf0       0x91 D:\1. Project\NPCXpresso10.2\FreeRTOS\Debug\libFreeRTOS.a(tasks.o)
 .debug_macro   0x0000bd81       0x10 D:\1. Project\NPCXpresso10.2\FreeRTOS\Debug\libFreeRTOS.a(tasks.o)
 .debug_macro   0x0000bd91       0x16 D:\1. Project\NPCXpresso10.2\FreeRTOS\Debug\libFreeRTOS.a(tasks.o)
 .debug_macro   0x0000bda7      0x421 D:\1. Project\NPCXpresso10.2\FreeRTOS\Debug\libFreeRTOS.a(heap_3.o)
 .debug_macro   0x0000c1c8      0x498 D:\1. Project\NPCXpresso10.2\FreeRTOS\Debug\libFreeRTOS.a(port.o)
 .debug_macro   0x0000c660      0x406 D:\1. Project\NPCXpresso10.2\FreeRTOS\Debug\libFreeRTOS.a(FreeRTOSCommonHooks.o)
 .debug_macro   0x0000ca66      0x406 D:\1. Project\NPCXpresso10.2\FreeRTOS\Debug\libFreeRTOS.a(list.o)

.debug_line     0x00000000     0x9d6d
 .debug_line    0x00000000      0xf8c ./src/ArmOS_lab2_ex2.o
 .debug_line    0x00000f8c      0x5b6 ./src/DigitalIoPin.o
 .debug_line    0x00001542      0x3e2 ./src/cr_cpp_config.o
 .debug_line    0x00001924       0xd5 ./src/cr_startup_lpc15xx.o
 .debug_line    0x000019f9      0x5f1 ./src/sysinit.o
 .debug_line    0x00001fea      0x898 D:\1. Project\NPCXpresso10.2\lpc_board_nxp_lpcxpresso_1549\Debug\liblpc_board_nxp_lpcxpresso_1549.a(board.o)
 .debug_line    0x00002882      0x76c D:\1. Project\NPCXpresso10.2\lpc_board_nxp_lpcxpresso_1549\Debug\liblpc_board_nxp_lpcxpresso_1549.a(board_sysinit.o)
 .debug_line    0x00002fee      0x563 D:\1. Project\NPCXpresso10.2\lpc_chip_15xx\Debug\liblpc_chip_15xx.a(chip_15xx.o)
 .debug_line    0x00003551      0x7b7 D:\1. Project\NPCXpresso10.2\lpc_chip_15xx\Debug\liblpc_chip_15xx.a(clock_15xx.o)
 .debug_line    0x00003d08      0x5bb D:\1. Project\NPCXpresso10.2\lpc_chip_15xx\Debug\liblpc_chip_15xx.a(gpio_15xx.o)
 .debug_line    0x000042c3      0x503 D:\1. Project\NPCXpresso10.2\lpc_chip_15xx\Debug\liblpc_chip_15xx.a(iocon_15xx.o)
 .debug_line    0x000047c6      0x52e D:\1. Project\NPCXpresso10.2\lpc_chip_15xx\Debug\liblpc_chip_15xx.a(swm_15xx.o)
 .debug_line    0x00004cf4      0x565 D:\1. Project\NPCXpresso10.2\lpc_chip_15xx\Debug\liblpc_chip_15xx.a(sysctl_15xx.o)
 .debug_line    0x00005259      0x598 D:\1. Project\NPCXpresso10.2\lpc_chip_15xx\Debug\liblpc_chip_15xx.a(sysinit_15xx.o)
 .debug_line    0x000057f1      0x6dd D:\1. Project\NPCXpresso10.2\lpc_chip_15xx\Debug\liblpc_chip_15xx.a(uart_15xx.o)
 .debug_line    0x00005ece      0xc73 D:\1. Project\NPCXpresso10.2\FreeRTOS\Debug\libFreeRTOS.a(queue.o)
 .debug_line    0x00006b41     0x11a5 D:\1. Project\NPCXpresso10.2\FreeRTOS\Debug\libFreeRTOS.a(tasks.o)
 .debug_line    0x00007ce6      0x768 D:\1. Project\NPCXpresso10.2\FreeRTOS\Debug\libFreeRTOS.a(heap_3.o)
 .debug_line    0x0000844e      0x84e D:\1. Project\NPCXpresso10.2\FreeRTOS\Debug\libFreeRTOS.a(port.o)
 .debug_line    0x00008c9c      0x7bb D:\1. Project\NPCXpresso10.2\FreeRTOS\Debug\libFreeRTOS.a(FreeRTOSCommonHooks.o)
 .debug_line    0x00009457      0x7a4 D:\1. Project\NPCXpresso10.2\FreeRTOS\Debug\libFreeRTOS.a(list.o)
 .debug_line    0x00009bfb      0x125 c:/nxp/mcuxpressoide_10.2.1_795/ide/tools/bin/../lib/gcc/arm-none-eabi/7.2.1/../../../../arm-none-eabi/lib/thumb/v7-m\libcr_newlib_nohost.a(_cr_sbrk.o)
 .debug_line    0x00009d20       0x4d c:/nxp/mcuxpressoide_10.2.1_795/ide/tools/bin/../lib/gcc/arm-none-eabi/7.2.1/../../../../arm-none-eabi/lib/thumb/v7-m\libcr_newlib_nohost.a(_cr_check_heap.o)

.debug_str      0x00000000    0x26ea6
 .debug_str     0x00000000    0x20230 ./src/ArmOS_lab2_ex2.o
                              0x20b5b (size before relaxing)
 .debug_str     0x00020230      0x1fc ./src/DigitalIoPin.o
                               0xf733 (size before relaxing)
 .debug_str     0x0002042c       0xf4 ./src/cr_cpp_config.o
                               0x7dc2 (size before relaxing)
 .debug_str     0x00020520      0x1f2 ./src/cr_startup_lpc15xx.o
                               0x3209 (size before relaxing)
 .debug_str     0x00020712      0x2df ./src/sysinit.o
                              0x1299f (size before relaxing)
 .debug_str     0x000209f1     0x162b D:\1. Project\NPCXpresso10.2\lpc_board_nxp_lpcxpresso_1549\Debug\liblpc_board_nxp_lpcxpresso_1549.a(board.o)
                              0x13f3e (size before relaxing)
 .debug_str     0x0002201c      0x877 D:\1. Project\NPCXpresso10.2\lpc_board_nxp_lpcxpresso_1549\Debug\liblpc_board_nxp_lpcxpresso_1549.a(board_sysinit.o)
                              0x1456e (size before relaxing)
 .debug_str     0x00022893      0x12d D:\1. Project\NPCXpresso10.2\lpc_chip_15xx\Debug\liblpc_chip_15xx.a(chip_15xx.o)
                               0xfc88 (size before relaxing)
 .debug_str     0x000229c0      0x894 D:\1. Project\NPCXpresso10.2\lpc_chip_15xx\Debug\liblpc_chip_15xx.a(clock_15xx.o)
                              0x100a3 (size before relaxing)
 .debug_str     0x00023254       0xd8 D:\1. Project\NPCXpresso10.2\lpc_chip_15xx\Debug\liblpc_chip_15xx.a(gpio_15xx.o)
                               0xf745 (size before relaxing)
 .debug_str     0x0002332c       0x41 D:\1. Project\NPCXpresso10.2\lpc_chip_15xx\Debug\liblpc_chip_15xx.a(iocon_15xx.o)
                               0xf262 (size before relaxing)
 .debug_str     0x0002336d      0x55d D:\1. Project\NPCXpresso10.2\lpc_chip_15xx\Debug\liblpc_chip_15xx.a(swm_15xx.o)
                               0xfc6a (size before relaxing)
 .debug_str     0x000238ca      0x183 D:\1. Project\NPCXpresso10.2\lpc_chip_15xx\Debug\liblpc_chip_15xx.a(sysctl_15xx.o)
                               0xf750 (size before relaxing)
 .debug_str     0x00023a4d      0x13f D:\1. Project\NPCXpresso10.2\lpc_chip_15xx\Debug\liblpc_chip_15xx.a(sysinit_15xx.o)
                               0xf73e (size before relaxing)
 .debug_str     0x00023b8c      0x20f D:\1. Project\NPCXpresso10.2\lpc_chip_15xx\Debug\liblpc_chip_15xx.a(uart_15xx.o)
                               0xf8a1 (size before relaxing)
 .debug_str     0x00023d9b      0x8fc D:\1. Project\NPCXpresso10.2\FreeRTOS\Debug\libFreeRTOS.a(queue.o)
                              0x17607 (size before relaxing)
 .debug_str     0x00024697     0x1ea4 D:\1. Project\NPCXpresso10.2\FreeRTOS\Debug\libFreeRTOS.a(tasks.o)
                              0x186db (size before relaxing)
 .debug_str     0x0002653b       0x6a D:\1. Project\NPCXpresso10.2\FreeRTOS\Debug\libFreeRTOS.a(heap_3.o)
                              0x16419 (size before relaxing)
 .debug_str     0x000265a5      0x5fe D:\1. Project\NPCXpresso10.2\FreeRTOS\Debug\libFreeRTOS.a(port.o)
                              0x16b7b (size before relaxing)
 .debug_str     0x00026ba3       0xc4 D:\1. Project\NPCXpresso10.2\FreeRTOS\Debug\libFreeRTOS.a(FreeRTOSCommonHooks.o)
                              0x163ec (size before relaxing)
 .debug_str     0x00026c67       0x9b D:\1. Project\NPCXpresso10.2\FreeRTOS\Debug\libFreeRTOS.a(list.o)
                              0x15efe (size before relaxing)
 .debug_str     0x00026d02      0x17f c:/nxp/mcuxpressoide_10.2.1_795/ide/tools/bin/../lib/gcc/arm-none-eabi/7.2.1/../../../../arm-none-eabi/lib/thumb/v7-m\libcr_newlib_nohost.a(_cr_sbrk.o)
                                0x60e (size before relaxing)
 .debug_str     0x00026e81       0x25 c:/nxp/mcuxpressoide_10.2.1_795/ide/tools/bin/../lib/gcc/arm-none-eabi/7.2.1/../../../../arm-none-eabi/lib/thumb/v7-m\libcr_newlib_nohost.a(_cr_check_heap.o)
                                0x166 (size before relaxing)

.comment        0x00000000       0x7e
 .comment       0x00000000       0x7e ./src/ArmOS_lab2_ex2.o
                                 0x7f (size before relaxing)
 .comment       0x0000007e       0x7f ./src/DigitalIoPin.o
 .comment       0x0000007e       0x7f ./src/cr_cpp_config.o
 .comment       0x0000007e       0x7f ./src/cr_startup_lpc15xx.o
 .comment       0x0000007e       0x7f ./src/sysinit.o
 .comment       0x0000007e       0x7f D:\1. Project\NPCXpresso10.2\lpc_board_nxp_lpcxpresso_1549\Debug\liblpc_board_nxp_lpcxpresso_1549.a(board.o)
 .comment       0x0000007e       0x7f D:\1. Project\NPCXpresso10.2\lpc_board_nxp_lpcxpresso_1549\Debug\liblpc_board_nxp_lpcxpresso_1549.a(board_sysinit.o)
 .comment       0x0000007e       0x7f D:\1. Project\NPCXpresso10.2\lpc_chip_15xx\Debug\liblpc_chip_15xx.a(chip_15xx.o)
 .comment       0x0000007e       0x7f D:\1. Project\NPCXpresso10.2\lpc_chip_15xx\Debug\liblpc_chip_15xx.a(clock_15xx.o)
 .comment       0x0000007e       0x7f D:\1. Project\NPCXpresso10.2\lpc_chip_15xx\Debug\liblpc_chip_15xx.a(gpio_15xx.o)
 .comment       0x0000007e       0x7f D:\1. Project\NPCXpresso10.2\lpc_chip_15xx\Debug\liblpc_chip_15xx.a(iocon_15xx.o)
 .comment       0x0000007e       0x7f D:\1. Project\NPCXpresso10.2\lpc_chip_15xx\Debug\liblpc_chip_15xx.a(swm_15xx.o)
 .comment       0x0000007e       0x7f D:\1. Project\NPCXpresso10.2\lpc_chip_15xx\Debug\liblpc_chip_15xx.a(sysctl_15xx.o)
 .comment       0x0000007e       0x7f D:\1. Project\NPCXpresso10.2\lpc_chip_15xx\Debug\liblpc_chip_15xx.a(sysinit_15xx.o)
 .comment       0x0000007e       0x7f D:\1. Project\NPCXpresso10.2\lpc_chip_15xx\Debug\liblpc_chip_15xx.a(uart_15xx.o)
 .comment       0x0000007e       0x7f D:\1. Project\NPCXpresso10.2\FreeRTOS\Debug\libFreeRTOS.a(queue.o)
 .comment       0x0000007e       0x7f D:\1. Project\NPCXpresso10.2\FreeRTOS\Debug\libFreeRTOS.a(tasks.o)
 .comment       0x0000007e       0x7f D:\1. Project\NPCXpresso10.2\FreeRTOS\Debug\libFreeRTOS.a(heap_3.o)
 .comment       0x0000007e       0x7f D:\1. Project\NPCXpresso10.2\FreeRTOS\Debug\libFreeRTOS.a(port.o)
 .comment       0x0000007e       0x7f D:\1. Project\NPCXpresso10.2\FreeRTOS\Debug\libFreeRTOS.a(FreeRTOSCommonHooks.o)
 .comment       0x0000007e       0x7f D:\1. Project\NPCXpresso10.2\FreeRTOS\Debug\libFreeRTOS.a(list.o)
 .comment       0x0000007e       0x7f c:/nxp/mcuxpressoide_10.2.1_795/ide/tools/bin/../lib/gcc/arm-none-eabi/7.2.1/../../../../arm-none-eabi/lib/thumb/v7-m\libcr_newlib_nohost.a(_cr_sbrk.o)
 .comment       0x0000007e       0x7f c:/nxp/mcuxpressoide_10.2.1_795/ide/tools/bin/../lib/gcc/arm-none-eabi/7.2.1/../../../../arm-none-eabi/lib/thumb/v7-m\libcr_newlib_nohost.a(_cr_check_heap.o)

.ARM.attributes
                0x00000000       0x31
 .ARM.attributes
                0x00000000       0x33 ./src/ArmOS_lab2_ex2.o
 .ARM.attributes
                0x00000033       0x33 ./src/DigitalIoPin.o
 .ARM.attributes
                0x00000066       0x33 ./src/cr_cpp_config.o
 .ARM.attributes
                0x00000099       0x33 ./src/cr_startup_lpc15xx.o
 .ARM.attributes
                0x000000cc       0x33 ./src/sysinit.o
 .ARM.attributes
                0x000000ff       0x33 D:\1. Project\NPCXpresso10.2\lpc_board_nxp_lpcxpresso_1549\Debug\liblpc_board_nxp_lpcxpresso_1549.a(board.o)
 .ARM.attributes
                0x00000132       0x33 D:\1. Project\NPCXpresso10.2\lpc_board_nxp_lpcxpresso_1549\Debug\liblpc_board_nxp_lpcxpresso_1549.a(board_sysinit.o)
 .ARM.attributes
                0x00000165       0x33 D:\1. Project\NPCXpresso10.2\lpc_chip_15xx\Debug\liblpc_chip_15xx.a(chip_15xx.o)
 .ARM.attributes
                0x00000198       0x33 D:\1. Project\NPCXpresso10.2\lpc_chip_15xx\Debug\liblpc_chip_15xx.a(clock_15xx.o)
 .ARM.attributes
                0x000001cb       0x33 D:\1. Project\NPCXpresso10.2\lpc_chip_15xx\Debug\liblpc_chip_15xx.a(gpio_15xx.o)
 .ARM.attributes
                0x000001fe       0x33 D:\1. Project\NPCXpresso10.2\lpc_chip_15xx\Debug\liblpc_chip_15xx.a(iocon_15xx.o)
 .ARM.attributes
                0x00000231       0x33 D:\1. Project\NPCXpresso10.2\lpc_chip_15xx\Debug\liblpc_chip_15xx.a(swm_15xx.o)
 .ARM.attributes
                0x00000264       0x33 D:\1. Project\NPCXpresso10.2\lpc_chip_15xx\Debug\liblpc_chip_15xx.a(sysctl_15xx.o)
 .ARM.attributes
                0x00000297       0x33 D:\1. Project\NPCXpresso10.2\lpc_chip_15xx\Debug\liblpc_chip_15xx.a(sysinit_15xx.o)
 .ARM.attributes
                0x000002ca       0x33 D:\1. Project\NPCXpresso10.2\lpc_chip_15xx\Debug\liblpc_chip_15xx.a(uart_15xx.o)
 .ARM.attributes
                0x000002fd       0x33 D:\1. Project\NPCXpresso10.2\FreeRTOS\Debug\libFreeRTOS.a(queue.o)
 .ARM.attributes
                0x00000330       0x33 D:\1. Project\NPCXpresso10.2\FreeRTOS\Debug\libFreeRTOS.a(tasks.o)
 .ARM.attributes
                0x00000363       0x33 D:\1. Project\NPCXpresso10.2\FreeRTOS\Debug\libFreeRTOS.a(heap_3.o)
 .ARM.attributes
                0x00000396       0x33 D:\1. Project\NPCXpresso10.2\FreeRTOS\Debug\libFreeRTOS.a(port.o)
 .ARM.attributes
                0x000003c9       0x33 D:\1. Project\NPCXpresso10.2\FreeRTOS\Debug\libFreeRTOS.a(FreeRTOSCommonHooks.o)
 .ARM.attributes
                0x000003fc       0x33 D:\1. Project\NPCXpresso10.2\FreeRTOS\Debug\libFreeRTOS.a(list.o)
 .ARM.attributes
                0x0000042f       0x1d c:/nxp/mcuxpressoide_10.2.1_795/ide/tools/bin/../lib/gcc/arm-none-eabi/7.2.1/thumb/v7-m\libgcc.a(_aeabi_uldivmod.o)
 .ARM.attributes
                0x0000044c       0x2d c:/nxp/mcuxpressoide_10.2.1_795/ide/tools/bin/../lib/gcc/arm-none-eabi/7.2.1/thumb/v7-m\libgcc.a(_udivmoddi4.o)
 .ARM.attributes
                0x00000479       0x1d c:/nxp/mcuxpressoide_10.2.1_795/ide/tools/bin/../lib/gcc/arm-none-eabi/7.2.1/thumb/v7-m\libgcc.a(_dvmd_tls.o)
 .ARM.attributes
                0x00000496       0x2d c:/nxp/mcuxpressoide_10.2.1_795/ide/tools/bin/../lib/gcc/arm-none-eabi/7.2.1/../../../../arm-none-eabi/lib/thumb/v7-m\libc.a(lib_a-impure.o)
 .ARM.attributes
                0x000004c3       0x2d c:/nxp/mcuxpressoide_10.2.1_795/ide/tools/bin/../lib/gcc/arm-none-eabi/7.2.1/../../../../arm-none-eabi/lib/thumb/v7-m\libc.a(lib_a-init.o)
 .ARM.attributes
                0x000004f0       0x2d c:/nxp/mcuxpressoide_10.2.1_795/ide/tools/bin/../lib/gcc/arm-none-eabi/7.2.1/../../../../arm-none-eabi/lib/thumb/v7-m\libc.a(lib_a-malloc.o)
 .ARM.attributes
                0x0000051d       0x2d c:/nxp/mcuxpressoide_10.2.1_795/ide/tools/bin/../lib/gcc/arm-none-eabi/7.2.1/../../../../arm-none-eabi/lib/thumb/v7-m\libc.a(lib_a-mallocr.o)
 .ARM.attributes
                0x0000054a       0x1b c:/nxp/mcuxpressoide_10.2.1_795/ide/tools/bin/../lib/gcc/arm-none-eabi/7.2.1/../../../../arm-none-eabi/lib/thumb/v7-m\libc.a(lib_a-memcpy.o)
 .ARM.attributes
                0x00000565       0x2d c:/nxp/mcuxpressoide_10.2.1_795/ide/tools/bin/../lib/gcc/arm-none-eabi/7.2.1/../../../../arm-none-eabi/lib/thumb/v7-m\libc.a(lib_a-memset.o)
 .ARM.attributes
                0x00000592       0x2d c:/nxp/mcuxpressoide_10.2.1_795/ide/tools/bin/../lib/gcc/arm-none-eabi/7.2.1/../../../../arm-none-eabi/lib/thumb/v7-m\libc.a(lib_a-mlock.o)
 .ARM.attributes
                0x000005bf       0x2d c:/nxp/mcuxpressoide_10.2.1_795/ide/tools/bin/../lib/gcc/arm-none-eabi/7.2.1/../../../../arm-none-eabi/lib/thumb/v7-m\libc.a(lib_a-reent.o)
 .ARM.attributes
                0x000005ec       0x2d c:/nxp/mcuxpressoide_10.2.1_795/ide/tools/bin/../lib/gcc/arm-none-eabi/7.2.1/../../../../arm-none-eabi/lib/thumb/v7-m\libc.a(lib_a-sbrkr.o)
 .ARM.attributes
                0x00000619       0x2d c:/nxp/mcuxpressoide_10.2.1_795/ide/tools/bin/../lib/gcc/arm-none-eabi/7.2.1/../../../../arm-none-eabi/lib/thumb/v7-m\libc.a(lib_a-freer.o)
 .ARM.attributes
                0x00000646       0x2d c:/nxp/mcuxpressoide_10.2.1_795/ide/tools/bin/../lib/gcc/arm-none-eabi/7.2.1/../../../../arm-none-eabi/lib/thumb/v7-m\libc.a(lib_a-lock.o)
 .ARM.attributes
                0x00000673       0x33 c:/nxp/mcuxpressoide_10.2.1_795/ide/tools/bin/../lib/gcc/arm-none-eabi/7.2.1/../../../../arm-none-eabi/lib/thumb/v7-m\libcr_newlib_nohost.a(_cr_sbrk.o)
 .ARM.attributes
                0x000006a6       0x33 c:/nxp/mcuxpressoide_10.2.1_795/ide/tools/bin/../lib/gcc/arm-none-eabi/7.2.1/../../../../arm-none-eabi/lib/thumb/v7-m\libcr_newlib_nohost.a(_cr_check_heap.o)
 .ARM.attributes
                0x000006d9       0x1d c:/nxp/mcuxpressoide_10.2.1_795/ide/tools/bin/../lib/gcc/arm-none-eabi/7.2.1/thumb/v7-m\crti.o
 .ARM.attributes
                0x000006f6       0x1d c:/nxp/mcuxpressoide_10.2.1_795/ide/tools/bin/../lib/gcc/arm-none-eabi/7.2.1/thumb/v7-m\crtn.o
 .ARM.attributes
                0x00000713       0x2d c:/nxp/mcuxpressoide_10.2.1_795/ide/tools/bin/../lib/gcc/arm-none-eabi/7.2.1/thumb/v7-m\crtbegin.o
 .ARM.attributes
                0x00000740       0x2d c:/nxp/mcuxpressoide_10.2.1_795/ide/tools/bin/../lib/gcc/arm-none-eabi/7.2.1/../../../../arm-none-eabi/lib/thumb/v7-m\libc.a(lib_a-errno.o)

.debug_frame    0x00000000     0x2c5c
 .debug_frame   0x00000000      0x114 ./src/ArmOS_lab2_ex2.o
 .debug_frame   0x00000114      0x190 ./src/DigitalIoPin.o
 .debug_frame   0x000002a4       0xe0 ./src/cr_cpp_config.o
 .debug_frame   0x00000384      0x170 ./src/cr_startup_lpc15xx.o
 .debug_frame   0x000004f4       0x2c ./src/sysinit.o
 .debug_frame   0x00000520      0x360 D:\1. Project\NPCXpresso10.2\lpc_board_nxp_lpcxpresso_1549\Debug\liblpc_board_nxp_lpcxpresso_1549.a(board.o)